Archive member included to satisfy reference by file (symbol)

C:/Users/yoshi/.pico-sdk/toolchain/13_2_Rel1/bin/../lib/gcc/arm-none-eabi/13.2.1/thumb/v6-m/nofp\libgcc.a(_dvmd_tls.o)
                              CMakeFiles/NetworkPico.dir/C_/Users/yoshi/.pico-sdk/sdk/2.0.0/src/rp2_common/pico_divider/divider_hardware.S.obj (__aeabi_idiv0)
C:/Users/yoshi/.pico-sdk/toolchain/13_2_Rel1/bin/../lib/gcc/arm-none-eabi/13.2.1/thumb/v6-m/nofp\libg.a(libc_a-atoi.o)
                              CMakeFiles/NetworkPico.dir/C_/Users/yoshi/.pico-sdk/sdk/2.0.0/lib/lwip/src/core/netif.c.obj (atoi)
C:/Users/yoshi/.pico-sdk/toolchain/13_2_Rel1/bin/../lib/gcc/arm-none-eabi/13.2.1/thumb/v6-m/nofp\libg.a(libc_a-calloc.o)
                              CMakeFiles/NetworkPico.dir/C_/Users/yoshi/.pico-sdk/sdk/2.0.0/src/rp2_common/pico_malloc/malloc.c.obj (calloc)
C:/Users/yoshi/.pico-sdk/toolchain/13_2_Rel1/bin/../lib/gcc/arm-none-eabi/13.2.1/thumb/v6-m/nofp\libg.a(libc_a-callocr.o)
                              C:/Users/yoshi/.pico-sdk/toolchain/13_2_Rel1/bin/../lib/gcc/arm-none-eabi/13.2.1/thumb/v6-m/nofp\libg.a(libc_a-calloc.o) (_calloc_r)
C:/Users/yoshi/.pico-sdk/toolchain/13_2_Rel1/bin/../lib/gcc/arm-none-eabi/13.2.1/thumb/v6-m/nofp\libg.a(libc_a-malloc.o)
                              CMakeFiles/NetworkPico.dir/C_/Users/yoshi/.pico-sdk/sdk/2.0.0/src/rp2_common/pico_malloc/malloc.c.obj (malloc)
C:/Users/yoshi/.pico-sdk/toolchain/13_2_Rel1/bin/../lib/gcc/arm-none-eabi/13.2.1/thumb/v6-m/nofp\libg.a(libc_a-mallocr.o)
                              C:/Users/yoshi/.pico-sdk/toolchain/13_2_Rel1/bin/../lib/gcc/arm-none-eabi/13.2.1/thumb/v6-m/nofp\libg.a(libc_a-callocr.o) (_malloc_r)
C:/Users/yoshi/.pico-sdk/toolchain/13_2_Rel1/bin/../lib/gcc/arm-none-eabi/13.2.1/thumb/v6-m/nofp\libg.a(libc_a-mlock.o)
                              C:/Users/yoshi/.pico-sdk/toolchain/13_2_Rel1/bin/../lib/gcc/arm-none-eabi/13.2.1/thumb/v6-m/nofp\libg.a(libc_a-mallocr.o) (__malloc_lock)
C:/Users/yoshi/.pico-sdk/toolchain/13_2_Rel1/bin/../lib/gcc/arm-none-eabi/13.2.1/thumb/v6-m/nofp\libg.a(libc_a-realloc.o)
                              CMakeFiles/NetworkPico.dir/C_/Users/yoshi/.pico-sdk/sdk/2.0.0/src/rp2_common/pico_malloc/malloc.c.obj (realloc)
C:/Users/yoshi/.pico-sdk/toolchain/13_2_Rel1/bin/../lib/gcc/arm-none-eabi/13.2.1/thumb/v6-m/nofp\libg.a(libc_a-reallocr.o)
                              C:/Users/yoshi/.pico-sdk/toolchain/13_2_Rel1/bin/../lib/gcc/arm-none-eabi/13.2.1/thumb/v6-m/nofp\libg.a(libc_a-realloc.o) (_realloc_r)
C:/Users/yoshi/.pico-sdk/toolchain/13_2_Rel1/bin/../lib/gcc/arm-none-eabi/13.2.1/thumb/v6-m/nofp\libg.a(libc_a-strtol.o)
                              C:/Users/yoshi/.pico-sdk/toolchain/13_2_Rel1/bin/../lib/gcc/arm-none-eabi/13.2.1/thumb/v6-m/nofp\libg.a(libc_a-atoi.o) (_strtol_r)
C:/Users/yoshi/.pico-sdk/toolchain/13_2_Rel1/bin/../lib/gcc/arm-none-eabi/13.2.1/thumb/v6-m/nofp\libg.a(libc_a-ctype_.o)
                              CMakeFiles/NetworkPico.dir/C_/Users/yoshi/.pico-sdk/sdk/2.0.0/lib/lwip/src/core/dns.c.obj (_ctype_)
C:/Users/yoshi/.pico-sdk/toolchain/13_2_Rel1/bin/../lib/gcc/arm-none-eabi/13.2.1/thumb/v6-m/nofp\libg.a(libc_a-memcmp.o)
                              CMakeFiles/NetworkPico.dir/C_/Users/yoshi/.pico-sdk/sdk/2.0.0/lib/lwip/src/netif/ethernet.c.obj (memcmp)
C:/Users/yoshi/.pico-sdk/toolchain/13_2_Rel1/bin/../lib/gcc/arm-none-eabi/13.2.1/thumb/v6-m/nofp\libg.a(libc_a-memmove.o)
                              CMakeFiles/NetworkPico.dir/C_/Users/yoshi/.pico-sdk/sdk/2.0.0/lib/lwip/src/core/def.c.obj (memmove)
C:/Users/yoshi/.pico-sdk/toolchain/13_2_Rel1/bin/../lib/gcc/arm-none-eabi/13.2.1/thumb/v6-m/nofp\libg.a(libc_a-strncmp.o)
                              CMakeFiles/NetworkPico.dir/C_/Users/yoshi/.pico-sdk/sdk/2.0.0/lib/lwip/src/core/def.c.obj (strncmp)
C:/Users/yoshi/.pico-sdk/toolchain/13_2_Rel1/bin/../lib/gcc/arm-none-eabi/13.2.1/thumb/v6-m/nofp\libg.a(libc_a-lcltime_r.o)
                              CMakeFiles/NetworkPico.dir/C_/Users/yoshi/.pico-sdk/sdk/2.0.0/src/common/pico_util/datetime.c.obj (localtime_r)
C:/Users/yoshi/.pico-sdk/toolchain/13_2_Rel1/bin/../lib/gcc/arm-none-eabi/13.2.1/thumb/v6-m/nofp\libg.a(libc_a-mktime.o)
                              CMakeFiles/NetworkPico.dir/C_/Users/yoshi/.pico-sdk/sdk/2.0.0/src/common/pico_util/datetime.c.obj (mktime)
C:/Users/yoshi/.pico-sdk/toolchain/13_2_Rel1/bin/../lib/gcc/arm-none-eabi/13.2.1/thumb/v6-m/nofp\libg.a(libc_a-month_lengths.o)
                              C:/Users/yoshi/.pico-sdk/toolchain/13_2_Rel1/bin/../lib/gcc/arm-none-eabi/13.2.1/thumb/v6-m/nofp\libg.a(libc_a-lcltime_r.o) (__month_lengths)
C:/Users/yoshi/.pico-sdk/toolchain/13_2_Rel1/bin/../lib/gcc/arm-none-eabi/13.2.1/thumb/v6-m/nofp\libg.a(libc_a-tzcalc_limits.o)
                              C:/Users/yoshi/.pico-sdk/toolchain/13_2_Rel1/bin/../lib/gcc/arm-none-eabi/13.2.1/thumb/v6-m/nofp\libg.a(libc_a-lcltime_r.o) (__tzcalc_limits)
[...]
Memory Configuration

Name             Origin             Length             Attributes
FLASH            0x10000000         0x00200000         xr
RAM              0x20000000         0x00040000         xrw
SCRATCH_X        0x20040000         0x00001000         xrw
SCRATCH_Y        0x20041000         0x00001000         xrw
*default*        0x00000000         0xffffffff

Linker script and memory map

LOAD C:/Users/yoshi/.pico-sdk/toolchain/13_2_Rel1/bin/../lib/gcc/arm-none-eabi/13.2.1/thumb/v6-m/nofp/crti.o
LOAD C:/Users/yoshi/.pico-sdk/toolchain/13_2_Rel1/bin/../lib/gcc/arm-none-eabi/13.2.1/thumb/v6-m/nofp/crtbegin.o
LOAD C:/Users/yoshi/.pico-sdk/toolchain/13_2_Rel1/bin/../lib/gcc/arm-none-eabi/13.2.1/thumb/v6-m/nofp/crt0.o

.flash_begin    0x10000000        0x0
                0x10000000                        __flash_binary_start = .

.boot2          0x10000000      0x100
                0x10000000                        __boot2_start__ = .
 *(.boot2)
 .boot2         0x10000000      0x100 C:\Users\yoshi\AppData\Local\Temp\cca6wT05.o
                0x10000100                        __boot2_end__ = .
                0x00000001                        ASSERT (((__boot2_end__ - __boot2_start__) == 0x100), ERROR: Pico second stage bootloader must be 256 bytes in size)

.text           0x10000100    0x13a8c
                0x10000100                        __logical_binary_start = .
 *(.vectors)
 .vectors       0x10000100       0xd4 CMakeFiles/NetworkPico.dir/C_/Users/yoshi/.pico-sdk/sdk/2.0.0/src/rp2_common/pico_crt0/crt0.S.obj
                0x10000100                __VECTOR_TABLE
                0x10000100                __vectors
                0x100001c0                isr_invalid
                0x100001c0                __default_isrs_start
                0x100001c2                isr_nmi
                0x100001c4                isr_hardfault
                0x100001c6                isr_svcall
                0x100001c8                isr_pendsv
                0x100001ca                isr_systick
                0x100001cc                isr_irq23
                0x100001cc                isr_irq18
                0x100001cc                isr_irq11
                0x100001cc                isr_irq28
                0x100001cc                isr_irq19
                0x100001cc                isr_irq0
                0x100001cc                isr_irq6
                0x100001cc                isr_irq5
                0x100001cc                isr_irq12
                0x100001cc                isr_irq22
                0x100001cc                isr_irq31
                0x100001cc                isr_irq17
                0x100001cc                isr_irq27
                0x100001cc                isr_irq30
                0x100001cc                isr_irq2
                0x100001cc                isr_irq10
                0x100001cc                isr_irq8
                0x100001cc                isr_irq24
                0x100001cc                isr_irq1
                0x100001cc                isr_irq7
                0x100001cc                isr_irq21
                0x100001cc                isr_irq20
                0x100001cc                isr_irq15
                0x100001cc                isr_irq25
                0x100001cc                isr_irq13
                0x100001cc                __unhandled_user_irq
                0x100001cc                isr_irq4
                0x100001cc                isr_irq16
                0x100001cc                isr_irq29
                0x100001cc                isr_irq26
                0x100001cc                __default_isrs_end
                0x100001cc                isr_irq3
                0x100001cc                isr_irq14
                0x100001cc                isr_irq9
                0x100001d2                unhandled_user_irq_num_in_r0
 *(.binary_info_header)
 .binary_info_header
                0x100001d4       0x14 CMakeFiles/NetworkPico.dir/C_/Users/yoshi/.pico-sdk/sdk/2.0.0/src/rp2_common/pico_crt0/crt0.S.obj
                0x100001e8                        __binary_info_header_end = .
 *(.embedded_block)
                0x100001e8                        __embedded_block_end = .
 *(.reset)
 .reset         0x100001e8       0x9c CMakeFiles/NetworkPico.dir/C_/Users/yoshi/.pico-sdk/sdk/2.0.0/src/rp2_common/pico_crt0/crt0.S.obj
                0x100001e8                _entry_point
 *(.init)
 .init          0x10000284        0x4 C:/Users/yoshi/.pico-sdk/toolchain/13_2_Rel1/bin/../lib/gcc/arm-none-eabi/13.2.1/thumb/v6-m/nofp/crti.o
                0x10000284                _init
 *(EXCLUDE_FILE(*libm.a: *libc.a:*lib_a-mem*.o *libgcc.a:) .text*)
 .text.register_tm_clones
                0x10000288       0x28 C:/Users/yoshi/.pico-sdk/toolchain/13_2_Rel1/bin/../lib/gcc/arm-none-eabi/13.2.1/thumb/v6-m/nofp/crtbegin.o
 .text.frame_dummy
                0x100002b0       0x24 C:/Users/yoshi/.pico-sdk/toolchain/13_2_Rel1/bin/../lib/gcc/arm-none-eabi/13.2.1/thumb/v6-m/nofp/crtbegin.o
 .text._Z9blink_ledv
                0x100002d4       0x20 CMakeFiles/NetworkPico.dir/NetworkPico.cpp.obj
                0x100002d4                blink_led()
 .text._Z14run_udp_beaconv
                0x100002f4       0x8c CMakeFiles/NetworkPico.dir/NetworkPico.cpp.obj
                0x100002f4                run_udp_beacon()
 .text.main     0x10000380       0x64 CMakeFiles/NetworkPico.dir/NetworkPico.cpp.obj
                0x10000380                main
 .text.lwip_timeout_reached
                0x100003e4       0x2c CMakeFiles/NetworkPico.dir/C_/Users/yoshi/.pico-sdk/sdk/2.0.0/src/rp2_common/pico_lwip/lwip_nosys.c.obj
 .text.update_next_timeout
                0x10000410       0x88 CMakeFiles/NetworkPico.dir/C_/Users/yoshi/.pico-sdk/sdk/2.0.0/src/rp2_common/pico_lwip/lwip_nosys.c.obj
 .text.lwip_nosys_init
                0x10000498       0x34 CMakeFiles/NetworkPico.dir/C_/Users/yoshi/.pico-sdk/sdk/2.0.0/src/rp2_common/pico_lwip/lwip_nosys.c.obj
                0x10000498                lwip_nosys_init
 .text.lwip_nosys_deinit
                0x100004cc       0x20 CMakeFiles/NetworkPico.dir/C_/Users/yoshi/.pico-sdk/sdk/2.0.0/src/rp2_common/pico_lwip/lwip_nosys.c.obj
                0x100004cc                lwip_nosys_deinit
 .text.sys_arch_protect
                0x100004ec        0x4 CMakeFiles/NetworkPico.dir/C_/Users/yoshi/.pico-sdk/sdk/2.0.0/src/rp2_common/pico_lwip/lwip_nosys.c.obj
                0x100004ec                sys_arch_protect
 .text.sys_arch_unprotect
                0x100004f0        0x2 CMakeFiles/NetworkPico.dir/C_/Users/yoshi/.pico-sdk/sdk/2.0.0/src/rp2_common/pico_lwip/lwip_nosys.c.obj
                0x100004f0                sys_arch_unprotect
 .text.sys_now  0x100004f2       0x20 CMakeFiles/NetworkPico.dir/C_/Users/yoshi/.pico-sdk/sdk/2.0.0/src/rp2_common/pico_lwip/lwip_nosys.c.obj
                0x100004f2                sys_now
 .text.async_context_base_add_at_time_worker
                0x10000512       0x1c CMakeFiles/NetworkPico.dir/C_/Users/yoshi/.pico-sdk/sdk/2.0.0/src/rp2_common/pico_async_context/async_context_base.c.obj
                0x10000512                async_context_base_add_at_time_worker
 .text.async_context_base_remove_at_time_worker
                0x1000052e       0x1c CMakeFiles/NetworkPico.dir/C_/Users/yoshi/.pico-sdk/sdk/2.0.0/src/rp2_common/pico_async_context/async_context_base.c.obj
                0x1000052e                async_context_base_remove_at_time_worker
 .text.async_context_base_add_when_pending_worker
                0x1000054a       0x1c CMakeFiles/NetworkPico.dir/C_/Users/yoshi/.pico-sdk/sdk/2.0.0/src/rp2_common/pico_async_context/async_context_base.c.obj
                0x1000054a                async_context_base_add_when_pending_worker
 .text.async_context_base_remove_when_pending_worker
                0x10000566       0x1c CMakeFiles/NetworkPico.dir/C_/Users/yoshi/.pico-sdk/sdk/2.0.0/src/rp2_common/pico_async_context/async_context_base.c.obj
                0x10000566                async_context_base_remove_when_pending_worker
 *fill*         0x10000582        0x2 
 .text.async_context_base_remove_ready_at_time_worker
                0x10000584       0x7c CMakeFiles/NetworkPico.dir/C_/Users/yoshi/.pico-sdk/sdk/2.0.0/src/rp2_common/pico_async_context/async_context_base.c.obj
                0x10000584                async_context_base_remove_ready_at_time_worker
 .text.async_context_base_refresh_next_timeout
                0x10000600       0x48 CMakeFiles/NetworkPico.dir/C_/Users/yoshi/.pico-sdk/sdk/2.0.0/src/rp2_common/pico_async_context/async_context_base.c.obj
                0x10000600                async_context_base_refresh_next_timeout
 .text.async_context_base_execute_once
                0x10000648       0x40 CMakeFiles/NetworkPico.dir/C_/Users/yoshi/.pico-sdk/sdk/2.0.0/src/rp2_common/pico_async_context/async_context_base.c.obj
                0x10000648                async_context_base_execute_once
 .text.rp2040_chip_version
                0x10000688       0x54 CMakeFiles/NetworkPico.dir/C_/Users/yoshi/.pico-sdk/sdk/2.0.0/src/rp2040/pico_platform/platform.c.obj
                0x10000688                rp2040_chip_version
 .text.panic    0x100006dc       0x30 CMakeFiles/NetworkPico.dir/C_/Users/yoshi/.pico-sdk/sdk/2.0.0/src/rp2_common/pico_platform_panic/panic.c.obj
                0x100006dc                panic
 .text.splitmix64
                0x1000070c       0x58 CMakeFiles/NetworkPico.dir/C_/Users/yoshi/.pico-sdk/sdk/2.0.0/src/rp2_common/pico_rand/rand.c.obj
 .text.sdbm_hash64_sram
                0x10000764       0x64 CMakeFiles/NetworkPico.dir/C_/Users/yoshi/.pico-sdk/sdk/2.0.0/src/rp2_common/pico_rand/rand.c.obj
 .text.xoroshiro128ss
                0x100007c8       0xb8 CMakeFiles/NetworkPico.dir/C_/Users/yoshi/.pico-sdk/sdk/2.0.0/src/rp2_common/pico_rand/rand.c.obj
 .text.capture_additional_rosc_samples
                0x10000880      0x170 CMakeFiles/NetworkPico.dir/C_/Users/yoshi/.pico-sdk/sdk/2.0.0/src/rp2_common/pico_rand/rand.c.obj
 .text.initialise_rand
                0x100009f0       0xbc CMakeFiles/NetworkPico.dir/C_/Users/yoshi/.pico-sdk/sdk/2.0.0/src/rp2_common/pico_rand/rand.c.obj
 .text.get_rand_64
                0x10000aac       0xfc CMakeFiles/NetworkPico.dir/C_/Users/yoshi/.pico-sdk/sdk/2.0.0/src/rp2_common/pico_rand/rand.c.obj
                0x10000aac                get_rand_64
 .text.get_rand_32
                0x10000ba8        0x8 CMakeFiles/NetworkPico.dir/C_/Users/yoshi/.pico-sdk/sdk/2.0.0/src/rp2_common/pico_rand/rand.c.obj
                0x10000ba8                get_rand_32
 .text._retrieve_unique_id_on_boot
                0x10000bb0       0x10 CMakeFiles/NetworkPico.dir/C_/Users/yoshi/.pico-sdk/sdk/2.0.0/src/rp2_common/pico_unique_id/unique_id.c.obj
 .text.pico_get_unique_board_id
                0x10000bc0       0x10 CMakeFiles/NetworkPico.dir/C_/Users/yoshi/.pico-sdk/sdk/2.0.0/src/rp2_common/pico_unique_id/unique_id.c.obj
                0x10000bc0                pico_get_unique_board_id
 .text.pico_get_unique_board_id_string
                0x10000bd0       0x5c CMakeFiles/NetworkPico.dir/C_/Users/yoshi/.pico-sdk/sdk/2.0.0/src/rp2_common/pico_unique_id/unique_id.c.obj
                0x10000bd0                pico_get_unique_board_id_string
 .text.flash_get_unique_id
                0x10000c2c       0x40 CMakeFiles/NetworkPico.dir/C_/Users/yoshi/.pico-sdk/sdk/2.0.0/src/rp2_common/hardware_flash/flash.c.obj
                0x10000c2c                flash_get_unique_id
 .text.hw_claim_lock
                0x10000c6c       0x18 CMakeFiles/NetworkPico.dir/C_/Users/yoshi/.pico-sdk/sdk/2.0.0/src/common/hardware_claim/claim.c.obj
                0x10000c6c                hw_claim_lock
 .text.hw_claim_unlock
                0x10000c84       0x14 CMakeFiles/NetworkPico.dir/C_/Users/yoshi/.pico-sdk/sdk/2.0.0/src/common/hardware_claim/claim.c.obj
                0x10000c84                hw_claim_unlock
 .text.hw_claim_or_assert
                0x10000c98       0x32 CMakeFiles/NetworkPico.dir/C_/Users/yoshi/.pico-sdk/sdk/2.0.0/src/common/hardware_claim/claim.c.obj
                0x10000c98                hw_claim_or_assert
 .text.hw_claim_unused_from_range
                0x10000cca       0x50 CMakeFiles/NetworkPico.dir/C_/Users/yoshi/.pico-sdk/sdk/2.0.0/src/common/hardware_claim/claim.c.obj
                0x10000cca                hw_claim_unused_from_range
 *fill*         0x10000d1a        0x2 
 .text.hw_claim_clear
                0x10000d1c       0x40 CMakeFiles/NetworkPico.dir/C_/Users/yoshi/.pico-sdk/sdk/2.0.0/src/common/hardware_claim/claim.c.obj
                0x10000d1c                hw_claim_clear
 .text.next_striped_spin_lock_num
                0x10000d5c       0x1c CMakeFiles/NetworkPico.dir/C_/Users/yoshi/.pico-sdk/sdk/2.0.0/src/rp2_common/hardware_sync/sync.c.obj
                0x10000d5c                next_striped_spin_lock_num
 .text.spin_lock_claim_unused
                0x10000d78       0x24 CMakeFiles/NetworkPico.dir/C_/Users/yoshi/.pico-sdk/sdk/2.0.0/src/rp2_common/hardware_sync/sync.c.obj
                0x10000d78                spin_lock_claim_unused
 .text.spin_locks_reset
                0x10000d9c       0x20 CMakeFiles/NetworkPico.dir/C_/Users/yoshi/.pico-sdk/sdk/2.0.0/src/rp2_common/hardware_sync_spin_lock/sync_spin_lock.c.obj
                0x10000d9c                spin_locks_reset
 .text.rom_func_lookup
                0x10000dbc       0x10 CMakeFiles/NetworkPico.dir/C_/Users/yoshi/.pico-sdk/sdk/2.0.0/src/rp2_common/pico_bootrom/bootrom.c.obj
                0x10000dbc                rom_func_lookup
 .text.rom_data_lookup
                0x10000dcc       0x10 CMakeFiles/NetworkPico.dir/C_/Users/yoshi/.pico-sdk/sdk/2.0.0/src/rp2_common/pico_bootrom/bootrom.c.obj
                0x10000dcc                rom_data_lookup
 .text.rom_funcs_lookup
                0x10000ddc       0x36 CMakeFiles/NetworkPico.dir/C_/Users/yoshi/.pico-sdk/sdk/2.0.0/src/rp2_common/pico_bootrom/bootrom.c.obj
                0x10000ddc                rom_funcs_lookup
 *fill*         0x10000e12        0x2 
 .text.rom_reset_usb_boot
                0x10000e14       0x18 CMakeFiles/NetworkPico.dir/C_/Users/yoshi/.pico-sdk/sdk/2.0.0/src/rp2_common/pico_bootrom/bootrom.c.obj
                0x10000e14                rom_reset_usb_boot
 .text.clock_configure_internal
                0x10000e2c       0xc4 CMakeFiles/NetworkPico.dir/C_/Users/yoshi/.pico-sdk/sdk/2.0.0/src/rp2_common/hardware_clocks/clocks.c.obj
 .text.clock_configure_int_divider
                0x10000ef0       0x28 CMakeFiles/NetworkPico.dir/C_/Users/yoshi/.pico-sdk/sdk/2.0.0/src/rp2_common/hardware_clocks/clocks.c.obj
                0x10000ef0                clock_configure_int_divider
 .text.clock_configure_undivided
                0x10000f18       0x12 CMakeFiles/NetworkPico.dir/C_/Users/yoshi/.pico-sdk/sdk/2.0.0/src/rp2_common/hardware_clocks/clocks.c.obj
                0x10000f18                clock_configure_undivided
 *fill*         0x10000f2a        0x2 
 .text.clock_get_hz
                0x10000f2c        0xc CMakeFiles/NetworkPico.dir/C_/Users/yoshi/.pico-sdk/sdk/2.0.0/src/rp2_common/hardware_clocks/clocks.c.obj
                0x10000f2c                clock_get_hz
 .text.gpio_set_function
                0x10000f38       0x34 CMakeFiles/NetworkPico.dir/C_/Users/yoshi/.pico-sdk/sdk/2.0.0/src/rp2_common/hardware_gpio/gpio.c.obj
                0x10000f38                gpio_set_function
 .text.gpio_set_pulls
                0x10000f6c       0x38 CMakeFiles/NetworkPico.dir/C_/Users/yoshi/.pico-sdk/sdk/2.0.0/src/rp2_common/hardware_gpio/gpio.c.obj
                0x10000f6c                gpio_set_pulls
 .text.gpio_set_input_hysteresis_enabled
                0x10000fa4       0x28 CMakeFiles/NetworkPico.dir/C_/Users/yoshi/.pico-sdk/sdk/2.0.0/src/rp2_common/hardware_gpio/gpio.c.obj
                0x10000fa4                gpio_set_input_hysteresis_enabled
 .text.gpio_add_raw_irq_handler_with_order_priority_masked
                0x10000fcc       0x40 CMakeFiles/NetworkPico.dir/C_/Users/yoshi/.pico-sdk/sdk/2.0.0/src/rp2_common/hardware_gpio/gpio.c.obj
                0x10000fcc                gpio_add_raw_irq_handler_with_order_priority_masked
 .text.gpio_remove_raw_irq_handler_masked
                0x1000100c       0x48 CMakeFiles/NetworkPico.dir/C_/Users/yoshi/.pico-sdk/sdk/2.0.0/src/rp2_common/hardware_gpio/gpio.c.obj
                0x1000100c                gpio_remove_raw_irq_handler_masked
 .text.gpio_acknowledge_irq
                0x10001054       0x18 CMakeFiles/NetworkPico.dir/C_/Users/yoshi/.pico-sdk/sdk/2.0.0/src/rp2_common/hardware_gpio/gpio.c.obj
                0x10001054                gpio_acknowledge_irq
 .text._gpio_set_irq_enabled
                0x1000106c       0x38 CMakeFiles/NetworkPico.dir/C_/Users/yoshi/.pico-sdk/sdk/2.0.0/src/rp2_common/hardware_gpio/gpio.c.obj
 .text.gpio_set_irq_enabled
                0x100010a4       0x64 CMakeFiles/NetworkPico.dir/C_/Users/yoshi/.pico-sdk/sdk/2.0.0/src/rp2_common/hardware_gpio/gpio.c.obj
                0x100010a4                gpio_set_irq_enabled
 .text.gpio_init
                0x10001108       0x16 CMakeFiles/NetworkPico.dir/C_/Users/yoshi/.pico-sdk/sdk/2.0.0/src/rp2_common/hardware_gpio/gpio.c.obj
                0x10001108                gpio_init
 *fill*         0x1000111e        0x2 
 .text.set_raw_irq_handler_and_unlock
                0x10001120       0x28 CMakeFiles/NetworkPico.dir/C_/Users/yoshi/.pico-sdk/sdk/2.0.0/src/rp2_common/hardware_irq/irq.c.obj
 .text.nvic_ipr0
                0x10001148        0x8 CMakeFiles/NetworkPico.dir/C_/Users/yoshi/.pico-sdk/sdk/2.0.0/src/rp2_common/hardware_irq/irq.c.obj
 .text.runtime_init_per_core_irq_priorities
                0x10001150       0x1c CMakeFiles/NetworkPico.dir/C_/Users/yoshi/.pico-sdk/sdk/2.0.0/src/rp2_common/hardware_irq/irq.c.obj
                0x10001150                runtime_init_per_core_irq_priorities
 .text.get_user_irq_claim_index
                0x1000116c        0x6 CMakeFiles/NetworkPico.dir/C_/Users/yoshi/.pico-sdk/sdk/2.0.0/src/rp2_common/hardware_irq/irq.c.obj
 *fill*         0x10001172        0x2 
 .text.resolve_j_16
                0x10001174       0x30 CMakeFiles/NetworkPico.dir/C_/Users/yoshi/.pico-sdk/sdk/2.0.0/src/rp2_common/hardware_irq/irq.c.obj
 .text.make_j_16
                0x100011a4       0x48 CMakeFiles/NetworkPico.dir/C_/Users/yoshi/.pico-sdk/sdk/2.0.0/src/rp2_common/hardware_irq/irq.c.obj
 .text.insert_bl_32
                0x100011ec       0x40 CMakeFiles/NetworkPico.dir/C_/Users/yoshi/.pico-sdk/sdk/2.0.0/src/rp2_common/hardware_irq/irq.c.obj
 .text.irq_is_enabled
                0x1000122c       0x18 CMakeFiles/NetworkPico.dir/C_/Users/yoshi/.pico-sdk/sdk/2.0.0/src/rp2_common/hardware_irq/irq.c.obj
                0x1000122c                irq_is_enabled
 .text.irq_set_mask_n_enabled
                0x10001244       0x1c CMakeFiles/NetworkPico.dir/C_/Users/yoshi/.pico-sdk/sdk/2.0.0/src/rp2_common/hardware_irq/irq.c.obj
                0x10001244                irq_set_mask_n_enabled
 .text.irq_set_enabled
                0x10001260       0x14 CMakeFiles/NetworkPico.dir/C_/Users/yoshi/.pico-sdk/sdk/2.0.0/src/rp2_common/hardware_irq/irq.c.obj
                0x10001260                irq_set_enabled
 .text.irq_set_pending
                0x10001274       0x10 CMakeFiles/NetworkPico.dir/C_/Users/yoshi/.pico-sdk/sdk/2.0.0/src/rp2_common/hardware_irq/irq.c.obj
                0x10001274                irq_set_pending
 .text.irq_get_vtable_handler
                0x10001284       0x10 CMakeFiles/NetworkPico.dir/C_/Users/yoshi/.pico-sdk/sdk/2.0.0/src/rp2_common/hardware_irq/irq.c.obj
                0x10001284                irq_get_vtable_handler
 .text.irq_has_shared_handler
                0x10001294       0x24 CMakeFiles/NetworkPico.dir/C_/Users/yoshi/.pico-sdk/sdk/2.0.0/src/rp2_common/hardware_irq/irq.c.obj
                0x10001294                irq_has_shared_handler
 .text.irq_set_exclusive_handler
                0x100012b8       0x54 CMakeFiles/NetworkPico.dir/C_/Users/yoshi/.pico-sdk/sdk/2.0.0/src/rp2_common/hardware_irq/irq.c.obj
                0x100012b8                irq_set_exclusive_handler
 .text.irq_add_shared_handler
                0x1000130c      0x218 CMakeFiles/NetworkPico.dir/C_/Users/yoshi/.pico-sdk/sdk/2.0.0/src/rp2_common/hardware_irq/irq.c.obj
                0x1000130c                irq_add_shared_handler
 .text.irq_remove_handler
                0x10001524      0x18c CMakeFiles/NetworkPico.dir/C_/Users/yoshi/.pico-sdk/sdk/2.0.0/src/rp2_common/hardware_irq/irq.c.obj
                0x10001524                irq_remove_handler
 .text.irq_set_priority
                0x100016b0       0x26 CMakeFiles/NetworkPico.dir/C_/Users/yoshi/.pico-sdk/sdk/2.0.0/src/rp2_common/hardware_irq/irq.c.obj
                0x100016b0                irq_set_priority
 *fill*         0x100016d6        0x2 
 .text.irq_add_tail_to_free_list
                0x100016d8       0xf4 CMakeFiles/NetworkPico.dir/C_/Users/yoshi/.pico-sdk/sdk/2.0.0/src/rp2_common/hardware_irq/irq.c.obj
                0x100016d8                irq_add_tail_to_free_list
 .text.user_irq_unclaim
                0x100017cc       0x18 CMakeFiles/NetworkPico.dir/C_/Users/yoshi/.pico-sdk/sdk/2.0.0/src/rp2_common/hardware_irq/irq.c.obj
                0x100017cc                user_irq_unclaim
 .text.user_irq_claim_unused
                0x100017e4       0x2c CMakeFiles/NetworkPico.dir/C_/Users/yoshi/.pico-sdk/sdk/2.0.0/src/rp2_common/hardware_irq/irq.c.obj
                0x100017e4                user_irq_claim_unused
 .text.sem_init
                0x10001810       0x1e CMakeFiles/NetworkPico.dir/C_/Users/yoshi/.pico-sdk/sdk/2.0.0/src/common/pico_sync/sem.c.obj
                0x10001810                sem_init
 *fill*         0x1000182e        0x2 
 .text.lock_init
                0x10001830       0x10 CMakeFiles/NetworkPico.dir/C_/Users/yoshi/.pico-sdk/sdk/2.0.0/src/common/pico_sync/lock_core.c.obj
                0x10001830                lock_init
 .text.mutex_init
                0x10001840       0x1a CMakeFiles/NetworkPico.dir/C_/Users/yoshi/.pico-sdk/sdk/2.0.0/src/common/pico_sync/mutex.c.obj
                0x10001840                mutex_init
 .text.recursive_mutex_init
                0x1000185a       0x1e CMakeFiles/NetworkPico.dir/C_/Users/yoshi/.pico-sdk/sdk/2.0.0/src/common/pico_sync/mutex.c.obj
                0x1000185a                recursive_mutex_init
 .text.runtime_init_mutex
                0x10001878       0x4c CMakeFiles/NetworkPico.dir/C_/Users/yoshi/.pico-sdk/sdk/2.0.0/src/common/pico_sync/mutex.c.obj
                0x10001878                runtime_init_mutex
 .text.critical_section_init_with_lock_num
                0x100018c4       0x14 CMakeFiles/NetworkPico.dir/C_/Users/yoshi/.pico-sdk/sdk/2.0.0/src/common/pico_sync/critical_section.c.obj
                0x100018c4                critical_section_init_with_lock_num
 .text.critical_section_init
                0x100018d8       0x14 CMakeFiles/NetworkPico.dir/C_/Users/yoshi/.pico-sdk/sdk/2.0.0/src/common/pico_sync/critical_section.c.obj
                0x100018d8                critical_section_init
 .text.make_alarm_id
                0x100018ec        0x6 CMakeFiles/NetworkPico.dir/C_/Users/yoshi/.pico-sdk/sdk/2.0.0/src/common/pico_time/time.c.obj
 *fill*         0x100018f2        0x2 
 .text.sleep_until_callback
                0x100018f4       0x30 CMakeFiles/NetworkPico.dir/C_/Users/yoshi/.pico-sdk/sdk/2.0.0/src/common/pico_time/time.c.obj
 .text.alarm_pool_irq_handler
                0x10001924      0x2e0 CMakeFiles/NetworkPico.dir/C_/Users/yoshi/.pico-sdk/sdk/2.0.0/src/common/pico_time/time.c.obj
 .text.ta_enable_irq_handler
                0x10001c04       0x2c CMakeFiles/NetworkPico.dir/C_/Users/yoshi/.pico-sdk/sdk/2.0.0/src/common/pico_time/time.c.obj
 .text.alarm_pool_post_alloc_init
                0x10001c30       0x78 CMakeFiles/NetworkPico.dir/C_/Users/yoshi/.pico-sdk/sdk/2.0.0/src/common/pico_time/time.c.obj
 .text.alarm_pool_get_default
                0x10001ca8       0x2c CMakeFiles/NetworkPico.dir/C_/Users/yoshi/.pico-sdk/sdk/2.0.0/src/common/pico_time/time.c.obj
                0x10001ca8                alarm_pool_get_default
 .text.alarm_pool_add_alarm_at_force_in_context
                0x10001cd4       0xa4 CMakeFiles/NetworkPico.dir/C_/Users/yoshi/.pico-sdk/sdk/2.0.0/src/common/pico_time/time.c.obj
                0x10001cd4                alarm_pool_add_alarm_at_force_in_context
 .text.alarm_pool_add_alarm_at
                0x10001d78       0x3c CMakeFiles/NetworkPico.dir/C_/Users/yoshi/.pico-sdk/sdk/2.0.0/src/common/pico_time/time.c.obj
                0x10001d78                alarm_pool_add_alarm_at
 .text.add_alarm_at
                0x10001db4       0x2e CMakeFiles/NetworkPico.dir/C_/Users/yoshi/.pico-sdk/sdk/2.0.0/src/common/pico_time/time.c.obj
 *fill*         0x10001de2        0x2 
 .text.alarm_pool_cancel_alarm
                0x10001de4       0x78 CMakeFiles/NetworkPico.dir/C_/Users/yoshi/.pico-sdk/sdk/2.0.0/src/common/pico_time/time.c.obj
                0x10001de4                alarm_pool_cancel_alarm
 .text.cancel_alarm
                0x10001e5c       0x10 CMakeFiles/NetworkPico.dir/C_/Users/yoshi/.pico-sdk/sdk/2.0.0/src/common/pico_time/time.c.obj
 .text.alarm_pool_core_num
                0x10001e6c        0x4 CMakeFiles/NetworkPico.dir/C_/Users/yoshi/.pico-sdk/sdk/2.0.0/src/common/pico_time/time.c.obj
                0x10001e6c                alarm_pool_core_num
 .text.sleep_until
                0x10001e70       0xc0 CMakeFiles/NetworkPico.dir/C_/Users/yoshi/.pico-sdk/sdk/2.0.0/src/common/pico_time/time.c.obj
                0x10001e70                sleep_until
 .text.sleep_us
                0x10001f30       0x24 CMakeFiles/NetworkPico.dir/C_/Users/yoshi/.pico-sdk/sdk/2.0.0/src/common/pico_time/time.c.obj
                0x10001f30                sleep_us
 .text.sleep_ms
                0x10001f54       0x14 CMakeFiles/NetworkPico.dir/C_/Users/yoshi/.pico-sdk/sdk/2.0.0/src/common/pico_time/time.c.obj
                0x10001f54                sleep_ms
 .text.best_effort_wfe_or_timeout
                0x10001f68       0xc4 CMakeFiles/NetworkPico.dir/C_/Users/yoshi/.pico-sdk/sdk/2.0.0/src/common/pico_time/time.c.obj
                0x10001f68                best_effort_wfe_or_timeout
 .text.alarm_pool_get_default_timer
                0x1000202c        0x8 CMakeFiles/NetworkPico.dir/C_/Users/yoshi/.pico-sdk/sdk/2.0.0/src/common/pico_time/time.c.obj
                0x1000202c                alarm_pool_get_default_timer
 .text.runtime_init_default_alarm_pool
                0x10002034       0x38 CMakeFiles/NetworkPico.dir/C_/Users/yoshi/.pico-sdk/sdk/2.0.0/src/common/pico_time/time.c.obj
                0x10002034                runtime_init_default_alarm_pool
 .text.timer_hardware_alarm_claim
                0x1000206c       0x14 CMakeFiles/NetworkPico.dir/C_/Users/yoshi/.pico-sdk/sdk/2.0.0/src/rp2_common/hardware_timer/timer.c.obj
                0x1000206c                timer_hardware_alarm_claim
 .text.timer_time_us_64
                0x10002080       0x10 CMakeFiles/NetworkPico.dir/C_/Users/yoshi/.pico-sdk/sdk/2.0.0/src/rp2_common/hardware_timer/timer.c.obj
                0x10002080                timer_time_us_64
 .text.timer_busy_wait_until
                0x10002090       0x1a CMakeFiles/NetworkPico.dir/C_/Users/yoshi/.pico-sdk/sdk/2.0.0/src/rp2_common/hardware_timer/timer.c.obj
                0x10002090                timer_busy_wait_until
 *fill*         0x100020aa        0x2 
 .text.time_us_64
                0x100020ac       0x10 CMakeFiles/NetworkPico.dir/C_/Users/yoshi/.pico-sdk/sdk/2.0.0/src/rp2_common/hardware_timer/timer.c.obj
                0x100020ac                time_us_64
 .text.busy_wait_until
                0x100020bc       0x14 CMakeFiles/NetworkPico.dir/C_/Users/yoshi/.pico-sdk/sdk/2.0.0/src/rp2_common/hardware_timer/timer.c.obj
                0x100020bc                busy_wait_until
 .text.pll_init
                0x100020d0      0x124 CMakeFiles/NetworkPico.dir/C_/Users/yoshi/.pico-sdk/sdk/2.0.0/src/rp2_common/hardware_pll/pll.c.obj
                0x100020d0                pll_init
 .text.watchdog_update
                0x100021f4       0x14 CMakeFiles/NetworkPico.dir/C_/Users/yoshi/.pico-sdk/sdk/2.0.0/src/rp2_common/hardware_watchdog/watchdog.c.obj
                0x100021f4                watchdog_update
 .text._watchdog_enable
                0x10002208       0x7c CMakeFiles/NetworkPico.dir/C_/Users/yoshi/.pico-sdk/sdk/2.0.0/src/rp2_common/hardware_watchdog/watchdog.c.obj
                0x10002208                _watchdog_enable
 .text.watchdog_reboot
                0x10002284       0x48 CMakeFiles/NetworkPico.dir/C_/Users/yoshi/.pico-sdk/sdk/2.0.0/src/rp2_common/hardware_watchdog/watchdog.c.obj
                0x10002284                watchdog_reboot
 .text.tick_start
                0x100022cc       0x10 CMakeFiles/NetworkPico.dir/C_/Users/yoshi/.pico-sdk/sdk/2.0.0/src/rp2_common/hardware_ticks/ticks.c.obj
                0x100022cc                tick_start
 .text.xosc_init
                0x100022dc       0x28 CMakeFiles/NetworkPico.dir/C_/Users/yoshi/.pico-sdk/sdk/2.0.0/src/rp2_common/hardware_xosc/xosc.c.obj
                0x100022dc                xosc_init
 .text.lwip_init
                0x10002304       0x24 CMakeFiles/NetworkPico.dir/C_/Users/yoshi/.pico-sdk/sdk/2.0.0/lib/lwip/src/core/init.c.obj
                0x10002304                lwip_init
 .text.lwip_htons
                0x10002328        0xa CMakeFiles/NetworkPico.dir/C_/Users/yoshi/.pico-sdk/sdk/2.0.0/lib/lwip/src/core/def.c.obj
                0x10002328                lwip_htons
 .text.lwip_htonl
                0x10002332       0x1e CMakeFiles/NetworkPico.dir/C_/Users/yoshi/.pico-sdk/sdk/2.0.0/lib/lwip/src/core/def.c.obj
                0x10002332                lwip_htonl
 .text.dns_backupserver_available
                0x10002350       0x28 CMakeFiles/NetworkPico.dir/C_/Users/yoshi/.pico-sdk/sdk/2.0.0/lib/lwip/src/core/dns.c.obj
 .text.dns_create_txid
                0x10002378       0x3c CMakeFiles/NetworkPico.dir/C_/Users/yoshi/.pico-sdk/sdk/2.0.0/lib/lwip/src/core/dns.c.obj
 .text.dns_call_found
                0x100023b4       0xf4 CMakeFiles/NetworkPico.dir/C_/Users/yoshi/.pico-sdk/sdk/2.0.0/lib/lwip/src/core/dns.c.obj
 .text.dns_send
                0x100024a8      0x17c CMakeFiles/NetworkPico.dir/C_/Users/yoshi/.pico-sdk/sdk/2.0.0/lib/lwip/src/core/dns.c.obj
 .text.dns_check_entry
                0x10002624      0x11c CMakeFiles/NetworkPico.dir/C_/Users/yoshi/.pico-sdk/sdk/2.0.0/lib/lwip/src/core/dns.c.obj
 .text.dns_check_entries
                0x10002740       0x16 CMakeFiles/NetworkPico.dir/C_/Users/yoshi/.pico-sdk/sdk/2.0.0/lib/lwip/src/core/dns.c.obj
 .text.dns_init
                0x10002756        0x2 CMakeFiles/NetworkPico.dir/C_/Users/yoshi/.pico-sdk/sdk/2.0.0/lib/lwip/src/core/dns.c.obj
                0x10002756                dns_init
 .text.dns_setserver
                0x10002758       0x28 CMakeFiles/NetworkPico.dir/C_/Users/yoshi/.pico-sdk/sdk/2.0.0/lib/lwip/src/core/dns.c.obj
                0x10002758                dns_setserver
 .text.dns_tmr  0x10002780        0x8 CMakeFiles/NetworkPico.dir/C_/Users/yoshi/.pico-sdk/sdk/2.0.0/lib/lwip/src/core/dns.c.obj
                0x10002780                dns_tmr
 .text.lwip_standard_chksum
                0x10002788       0xa0 CMakeFiles/NetworkPico.dir/C_/Users/yoshi/.pico-sdk/sdk/2.0.0/lib/lwip/src/core/inet_chksum.c.obj
                0x10002788                lwip_standard_chksum
 .text.inet_cksum_pseudo_base
                0x10002828       0x82 CMakeFiles/NetworkPico.dir/C_/Users/yoshi/.pico-sdk/sdk/2.0.0/lib/lwip/src/core/inet_chksum.c.obj
 .text.inet_chksum_pseudo
                0x100028aa       0x30 CMakeFiles/NetworkPico.dir/C_/Users/yoshi/.pico-sdk/sdk/2.0.0/lib/lwip/src/core/inet_chksum.c.obj
                0x100028aa                inet_chksum_pseudo
 .text.ip_chksum_pseudo
                0x100028da       0x10 CMakeFiles/NetworkPico.dir/C_/Users/yoshi/.pico-sdk/sdk/2.0.0/lib/lwip/src/core/inet_chksum.c.obj
                0x100028da                ip_chksum_pseudo
 .text.inet_chksum
                0x100028ea        0xc CMakeFiles/NetworkPico.dir/C_/Users/yoshi/.pico-sdk/sdk/2.0.0/lib/lwip/src/core/inet_chksum.c.obj
                0x100028ea                inet_chksum
 .text.inet_chksum_pbuf
                0x100028f6       0x52 CMakeFiles/NetworkPico.dir/C_/Users/yoshi/.pico-sdk/sdk/2.0.0/lib/lwip/src/core/inet_chksum.c.obj
                0x100028f6                inet_chksum_pbuf
 .text.ptr_to_mem
                0x10002948        0xc CMakeFiles/NetworkPico.dir/C_/Users/yoshi/.pico-sdk/sdk/2.0.0/lib/lwip/src/core/mem.c.obj
 .text.mem_to_ptr
                0x10002954       0x10 CMakeFiles/NetworkPico.dir/C_/Users/yoshi/.pico-sdk/sdk/2.0.0/lib/lwip/src/core/mem.c.obj
 .text.mem_link_valid
                0x10002964       0x5c CMakeFiles/NetworkPico.dir/C_/Users/yoshi/.pico-sdk/sdk/2.0.0/lib/lwip/src/core/mem.c.obj
 .text.plug_holes
                0x100029c0       0xd0 CMakeFiles/NetworkPico.dir/C_/Users/yoshi/.pico-sdk/sdk/2.0.0/lib/lwip/src/core/mem.c.obj
 .text.mem_init
                0x10002a90       0x40 CMakeFiles/NetworkPico.dir/C_/Users/yoshi/.pico-sdk/sdk/2.0.0/lib/lwip/src/core/mem.c.obj
                0x10002a90                mem_init
 .text.mem_free
                0x10002ad0       0x84 CMakeFiles/NetworkPico.dir/C_/Users/yoshi/.pico-sdk/sdk/2.0.0/lib/lwip/src/core/mem.c.obj
                0x10002ad0                mem_free
 .text.mem_trim
                0x10002b54      0x134 CMakeFiles/NetworkPico.dir/C_/Users/yoshi/.pico-sdk/sdk/2.0.0/lib/lwip/src/core/mem.c.obj
                0x10002b54                mem_trim
 .text.mem_malloc
                0x10002c88      0x134 CMakeFiles/NetworkPico.dir/C_/Users/yoshi/.pico-sdk/sdk/2.0.0/lib/lwip/src/core/mem.c.obj
                0x10002c88                mem_malloc
 .text.do_memp_malloc_pool
                0x10002dbc       0x30 CMakeFiles/NetworkPico.dir/C_/Users/yoshi/.pico-sdk/sdk/2.0.0/lib/lwip/src/core/memp.c.obj
 .text.do_memp_free_pool
                0x10002dec       0x28 CMakeFiles/NetworkPico.dir/C_/Users/yoshi/.pico-sdk/sdk/2.0.0/lib/lwip/src/core/memp.c.obj
 .text.memp_init_pool
                0x10002e14       0x2a CMakeFiles/NetworkPico.dir/C_/Users/yoshi/.pico-sdk/sdk/2.0.0/lib/lwip/src/core/memp.c.obj
                0x10002e14                memp_init_pool
 *fill*         0x10002e3e        0x2 
 .text.memp_init
                0x10002e40       0x20 CMakeFiles/NetworkPico.dir/C_/Users/yoshi/.pico-sdk/sdk/2.0.0/lib/lwip/src/core/memp.c.obj
                0x10002e40                memp_init
 .text.memp_malloc
                0x10002e60       0x24 CMakeFiles/NetworkPico.dir/C_/Users/yoshi/.pico-sdk/sdk/2.0.0/lib/lwip/src/core/memp.c.obj
                0x10002e60                memp_malloc
 .text.memp_free
                0x10002e84       0x28 CMakeFiles/NetworkPico.dir/C_/Users/yoshi/.pico-sdk/sdk/2.0.0/lib/lwip/src/core/memp.c.obj
                0x10002e84                memp_free
 .text.netif_do_set_netmask
                0x10002eac       0x12 CMakeFiles/NetworkPico.dir/C_/Users/yoshi/.pico-sdk/sdk/2.0.0/lib/lwip/src/core/netif.c.obj
 .text.netif_do_set_gw
                0x10002ebe       0x12 CMakeFiles/NetworkPico.dir/C_/Users/yoshi/.pico-sdk/sdk/2.0.0/lib/lwip/src/core/netif.c.obj
 .text.netif_null_output_ip4
                0x10002ed0        0x6 CMakeFiles/NetworkPico.dir/C_/Users/yoshi/.pico-sdk/sdk/2.0.0/lib/lwip/src/core/netif.c.obj
 .text.netif_do_ip_addr_changed
                0x10002ed6       0x1c CMakeFiles/NetworkPico.dir/C_/Users/yoshi/.pico-sdk/sdk/2.0.0/lib/lwip/src/core/netif.c.obj
 *fill*         0x10002ef2        0x2 
 .text.netif_issue_reports
                0x10002ef4       0x34 CMakeFiles/NetworkPico.dir/C_/Users/yoshi/.pico-sdk/sdk/2.0.0/lib/lwip/src/core/netif.c.obj
 .text.netif_do_set_ipaddr
                0x10002f28       0x54 CMakeFiles/NetworkPico.dir/C_/Users/yoshi/.pico-sdk/sdk/2.0.0/lib/lwip/src/core/netif.c.obj
 .text.netif_init
                0x10002f7c        0x2 CMakeFiles/NetworkPico.dir/C_/Users/yoshi/.pico-sdk/sdk/2.0.0/lib/lwip/src/core/netif.c.obj
                0x10002f7c                netif_init
 *fill*         0x10002f7e        0x2 
 .text.netif_set_addr
                0x10002f80       0x78 CMakeFiles/NetworkPico.dir/C_/Users/yoshi/.pico-sdk/sdk/2.0.0/lib/lwip/src/core/netif.c.obj
                0x10002f80                netif_set_addr
 .text.netif_add
                0x10002ff8      0x124 CMakeFiles/NetworkPico.dir/C_/Users/yoshi/.pico-sdk/sdk/2.0.0/lib/lwip/src/core/netif.c.obj
                0x10002ff8                netif_add
 .text.netif_set_default
                0x1000311c        0xc CMakeFiles/NetworkPico.dir/C_/Users/yoshi/.pico-sdk/sdk/2.0.0/lib/lwip/src/core/netif.c.obj
                0x1000311c                netif_set_default
 .text.netif_set_up
                0x10003128       0x34 CMakeFiles/NetworkPico.dir/C_/Users/yoshi/.pico-sdk/sdk/2.0.0/lib/lwip/src/core/netif.c.obj
                0x10003128                netif_set_up
 .text.netif_set_down
                0x1000315c       0x3c CMakeFiles/NetworkPico.dir/C_/Users/yoshi/.pico-sdk/sdk/2.0.0/lib/lwip/src/core/netif.c.obj
                0x1000315c                netif_set_down
 .text.netif_remove
                0x10003198       0x64 CMakeFiles/NetworkPico.dir/C_/Users/yoshi/.pico-sdk/sdk/2.0.0/lib/lwip/src/core/netif.c.obj
                0x10003198                netif_remove
 .text.netif_set_link_up
                0x100031fc       0x3c CMakeFiles/NetworkPico.dir/C_/Users/yoshi/.pico-sdk/sdk/2.0.0/lib/lwip/src/core/netif.c.obj
                0x100031fc                netif_set_link_up
 .text.netif_set_link_down
                0x10003238       0x2c CMakeFiles/NetworkPico.dir/C_/Users/yoshi/.pico-sdk/sdk/2.0.0/lib/lwip/src/core/netif.c.obj
                0x10003238                netif_set_link_down
 .text.netif_get_by_index
                0x10003264       0x24 CMakeFiles/NetworkPico.dir/C_/Users/yoshi/.pico-sdk/sdk/2.0.0/lib/lwip/src/core/netif.c.obj
                0x10003264                netif_get_by_index
 .text.pbuf_init_alloced_pbuf
                0x10003288       0x20 CMakeFiles/NetworkPico.dir/C_/Users/yoshi/.pico-sdk/sdk/2.0.0/lib/lwip/src/core/pbuf.c.obj
 .text.pbuf_skip_const
                0x100032a8       0x1a CMakeFiles/NetworkPico.dir/C_/Users/yoshi/.pico-sdk/sdk/2.0.0/lib/lwip/src/core/pbuf.c.obj
 *fill*         0x100032c2        0x2 
 .text.pbuf_pool_is_empty
                0x100032c4       0x18 CMakeFiles/NetworkPico.dir/C_/Users/yoshi/.pico-sdk/sdk/2.0.0/lib/lwip/src/core/pbuf.c.obj
 .text.pbuf_add_header_impl
                0x100032dc       0x68 CMakeFiles/NetworkPico.dir/C_/Users/yoshi/.pico-sdk/sdk/2.0.0/lib/lwip/src/core/pbuf.c.obj
 .text.pbuf_free_ooseq
                0x10003344       0x30 CMakeFiles/NetworkPico.dir/C_/Users/yoshi/.pico-sdk/sdk/2.0.0/lib/lwip/src/core/pbuf.c.obj
                0x10003344                pbuf_free_ooseq
 .text.pbuf_alloc_reference
                0x10003374       0x3c CMakeFiles/NetworkPico.dir/C_/Users/yoshi/.pico-sdk/sdk/2.0.0/lib/lwip/src/core/pbuf.c.obj
                0x10003374                pbuf_alloc_reference
 .text.pbuf_add_header
                0x100033b0        0xa CMakeFiles/NetworkPico.dir/C_/Users/yoshi/.pico-sdk/sdk/2.0.0/lib/lwip/src/core/pbuf.c.obj
                0x100033b0                pbuf_add_header
 *fill*         0x100033ba        0x2 
 .text.pbuf_remove_header
                0x100033bc       0x50 CMakeFiles/NetworkPico.dir/C_/Users/yoshi/.pico-sdk/sdk/2.0.0/lib/lwip/src/core/pbuf.c.obj
                0x100033bc                pbuf_remove_header
 .text.pbuf_header_impl
                0x1000340c       0x14 CMakeFiles/NetworkPico.dir/C_/Users/yoshi/.pico-sdk/sdk/2.0.0/lib/lwip/src/core/pbuf.c.obj
 .text.pbuf_header_force
                0x10003420        0xa CMakeFiles/NetworkPico.dir/C_/Users/yoshi/.pico-sdk/sdk/2.0.0/lib/lwip/src/core/pbuf.c.obj
                0x10003420                pbuf_header_force
 *fill*         0x1000342a        0x2 
 .text.pbuf_free
                0x1000342c       0x7c CMakeFiles/NetworkPico.dir/C_/Users/yoshi/.pico-sdk/sdk/2.0.0/lib/lwip/src/core/pbuf.c.obj
                0x1000342c                pbuf_free
 .text.pbuf_alloc
                0x100034a8      0x144 CMakeFiles/NetworkPico.dir/C_/Users/yoshi/.pico-sdk/sdk/2.0.0/lib/lwip/src/core/pbuf.c.obj
                0x100034a8                pbuf_alloc
 .text.pbuf_realloc
                0x100035ec       0x84 CMakeFiles/NetworkPico.dir/C_/Users/yoshi/.pico-sdk/sdk/2.0.0/lib/lwip/src/core/pbuf.c.obj
                0x100035ec                pbuf_realloc
 .text.pbuf_clen
                0x10003670       0x12 CMakeFiles/NetworkPico.dir/C_/Users/yoshi/.pico-sdk/sdk/2.0.0/lib/lwip/src/core/pbuf.c.obj
                0x10003670                pbuf_clen
 *fill*         0x10003682        0x2 
 .text.pbuf_ref
                0x10003684       0x28 CMakeFiles/NetworkPico.dir/C_/Users/yoshi/.pico-sdk/sdk/2.0.0/lib/lwip/src/core/pbuf.c.obj
                0x10003684                pbuf_ref
 .text.pbuf_cat
                0x100036ac       0x44 CMakeFiles/NetworkPico.dir/C_/Users/yoshi/.pico-sdk/sdk/2.0.0/lib/lwip/src/core/pbuf.c.obj
                0x100036ac                pbuf_cat
 .text.pbuf_chain
                0x100036f0       0x10 CMakeFiles/NetworkPico.dir/C_/Users/yoshi/.pico-sdk/sdk/2.0.0/lib/lwip/src/core/pbuf.c.obj
                0x100036f0                pbuf_chain
 .text.pbuf_copy_partial_pbuf
                0x10003700      0x13c CMakeFiles/NetworkPico.dir/C_/Users/yoshi/.pico-sdk/sdk/2.0.0/lib/lwip/src/core/pbuf.c.obj
                0x10003700                pbuf_copy_partial_pbuf
 .text.pbuf_copy
                0x1000383c       0x20 CMakeFiles/NetworkPico.dir/C_/Users/yoshi/.pico-sdk/sdk/2.0.0/lib/lwip/src/core/pbuf.c.obj
                0x1000383c                pbuf_copy
 .text.pbuf_copy_partial
                0x1000385c       0x88 CMakeFiles/NetworkPico.dir/C_/Users/yoshi/.pico-sdk/sdk/2.0.0/lib/lwip/src/core/pbuf.c.obj
                0x1000385c                pbuf_copy_partial
 .text.pbuf_skip
                0x100038e4        0x8 CMakeFiles/NetworkPico.dir/C_/Users/yoshi/.pico-sdk/sdk/2.0.0/lib/lwip/src/core/pbuf.c.obj
                0x100038e4                pbuf_skip
 .text.pbuf_take
                0x100038ec       0x98 CMakeFiles/NetworkPico.dir/C_/Users/yoshi/.pico-sdk/sdk/2.0.0/lib/lwip/src/core/pbuf.c.obj
                0x100038ec                pbuf_take
 .text.pbuf_take_at
                0x10003984       0x70 CMakeFiles/NetworkPico.dir/C_/Users/yoshi/.pico-sdk/sdk/2.0.0/lib/lwip/src/core/pbuf.c.obj
                0x10003984                pbuf_take_at
 .text.pbuf_clone
                0x100039f4       0x2c CMakeFiles/NetworkPico.dir/C_/Users/yoshi/.pico-sdk/sdk/2.0.0/lib/lwip/src/core/pbuf.c.obj
                0x100039f4                pbuf_clone
 .text.pbuf_put_at
                0x10003a20       0x26 CMakeFiles/NetworkPico.dir/C_/Users/yoshi/.pico-sdk/sdk/2.0.0/lib/lwip/src/core/pbuf.c.obj
                0x10003a20                pbuf_put_at
 *fill*         0x10003a46        0x2 
 .text.raw_input_local_match
                0x10003a48       0x5c CMakeFiles/NetworkPico.dir/C_/Users/yoshi/.pico-sdk/sdk/2.0.0/lib/lwip/src/core/raw.c.obj
 .text.raw_input
                0x10003aa4       0xb4 CMakeFiles/NetworkPico.dir/C_/Users/yoshi/.pico-sdk/sdk/2.0.0/lib/lwip/src/core/raw.c.obj
                0x10003aa4                raw_input
 .text.raw_netif_ip_addr_changed
                0x10003b58       0x38 CMakeFiles/NetworkPico.dir/C_/Users/yoshi/.pico-sdk/sdk/2.0.0/lib/lwip/src/core/raw.c.obj
                0x10003b58                raw_netif_ip_addr_changed
 .text.stats_init
                0x10003b90        0x2 CMakeFiles/NetworkPico.dir/C_/Users/yoshi/.pico-sdk/sdk/2.0.0/lib/lwip/src/core/stats.c.obj
                0x10003b90                stats_init
 *fill*         0x10003b92        0x2 
 .text.tcp_remove_listener
                0x10003b94       0x24 CMakeFiles/NetworkPico.dir/C_/Users/yoshi/.pico-sdk/sdk/2.0.0/lib/lwip/src/core/tcp.c.obj
 .text.tcp_listen_closed
                0x10003bb8       0x40 CMakeFiles/NetworkPico.dir/C_/Users/yoshi/.pico-sdk/sdk/2.0.0/lib/lwip/src/core/tcp.c.obj
 .text.tcp_free_listen
                0x10003bf8       0x1c CMakeFiles/NetworkPico.dir/C_/Users/yoshi/.pico-sdk/sdk/2.0.0/lib/lwip/src/core/tcp.c.obj
 .text.tcp_close_shutdown_fin
                0x10003c14       0x64 CMakeFiles/NetworkPico.dir/C_/Users/yoshi/.pico-sdk/sdk/2.0.0/lib/lwip/src/core/tcp.c.obj
 .text.tcp_handle_closepend
                0x10003c78       0x28 CMakeFiles/NetworkPico.dir/C_/Users/yoshi/.pico-sdk/sdk/2.0.0/lib/lwip/src/core/tcp.c.obj
 .text.tcp_init
                0x10003ca0       0x20 CMakeFiles/NetworkPico.dir/C_/Users/yoshi/.pico-sdk/sdk/2.0.0/lib/lwip/src/core/tcp.c.obj
                0x10003ca0                tcp_init
 .text.tcp_free
                0x10003cc0       0x1c CMakeFiles/NetworkPico.dir/C_/Users/yoshi/.pico-sdk/sdk/2.0.0/lib/lwip/src/core/tcp.c.obj
                0x10003cc0                tcp_free
 .text.tcp_update_rcv_ann_wnd
                0x10003cdc       0x58 CMakeFiles/NetworkPico.dir/C_/Users/yoshi/.pico-sdk/sdk/2.0.0/lib/lwip/src/core/tcp.c.obj
                0x10003cdc                tcp_update_rcv_ann_wnd
 .text.tcp_recved
                0x10003d34       0x60 CMakeFiles/NetworkPico.dir/C_/Users/yoshi/.pico-sdk/sdk/2.0.0/lib/lwip/src/core/tcp.c.obj
                0x10003d34                tcp_recved
 .text.tcp_seg_free
                0x10003d94       0x1a CMakeFiles/NetworkPico.dir/C_/Users/yoshi/.pico-sdk/sdk/2.0.0/lib/lwip/src/core/tcp.c.obj
                0x10003d94                tcp_seg_free
 .text.tcp_segs_free
                0x10003dae       0x12 CMakeFiles/NetworkPico.dir/C_/Users/yoshi/.pico-sdk/sdk/2.0.0/lib/lwip/src/core/tcp.c.obj
                0x10003dae                tcp_segs_free
 .text.tcp_seg_copy
                0x10003dc0       0x2c CMakeFiles/NetworkPico.dir/C_/Users/yoshi/.pico-sdk/sdk/2.0.0/lib/lwip/src/core/tcp.c.obj
                0x10003dc0                tcp_seg_copy
 .text.tcp_next_iss
                0x10003dec       0x28 CMakeFiles/NetworkPico.dir/C_/Users/yoshi/.pico-sdk/sdk/2.0.0/lib/lwip/src/core/tcp.c.obj
                0x10003dec                tcp_next_iss
 .text.tcp_eff_send_mss_netif
                0x10003e14       0x34 CMakeFiles/NetworkPico.dir/C_/Users/yoshi/.pico-sdk/sdk/2.0.0/lib/lwip/src/core/tcp.c.obj
                0x10003e14                tcp_eff_send_mss_netif
 .text.tcp_free_ooseq
                0x10003e48       0x14 CMakeFiles/NetworkPico.dir/C_/Users/yoshi/.pico-sdk/sdk/2.0.0/lib/lwip/src/core/tcp.c.obj
                0x10003e48                tcp_free_ooseq
 .text.tcp_pcb_purge
                0x10003e5c       0x58 CMakeFiles/NetworkPico.dir/C_/Users/yoshi/.pico-sdk/sdk/2.0.0/lib/lwip/src/core/tcp.c.obj
                0x10003e5c                tcp_pcb_purge
 .text.tcp_pcb_remove
                0x10003eb4       0xa4 CMakeFiles/NetworkPico.dir/C_/Users/yoshi/.pico-sdk/sdk/2.0.0/lib/lwip/src/core/tcp.c.obj
                0x10003eb4                tcp_pcb_remove
 .text.tcp_abandon
                0x10003f58      0x10c CMakeFiles/NetworkPico.dir/C_/Users/yoshi/.pico-sdk/sdk/2.0.0/lib/lwip/src/core/tcp.c.obj
                0x10003f58                tcp_abandon
 .text.tcp_abort
                0x10004064        0xa CMakeFiles/NetworkPico.dir/C_/Users/yoshi/.pico-sdk/sdk/2.0.0/lib/lwip/src/core/tcp.c.obj
                0x10004064                tcp_abort
 *fill*         0x1000406e        0x2 
 .text.tcp_kill_timewait
                0x10004070       0x38 CMakeFiles/NetworkPico.dir/C_/Users/yoshi/.pico-sdk/sdk/2.0.0/lib/lwip/src/core/tcp.c.obj
 .text.tcp_kill_prio
                0x100040a8       0x58 CMakeFiles/NetworkPico.dir/C_/Users/yoshi/.pico-sdk/sdk/2.0.0/lib/lwip/src/core/tcp.c.obj
 .text.tcp_netif_ip_addr_changed_pcblist
                0x10004100       0x30 CMakeFiles/NetworkPico.dir/C_/Users/yoshi/.pico-sdk/sdk/2.0.0/lib/lwip/src/core/tcp.c.obj
 .text.tcp_netif_ip_addr_changed
                0x10004130       0x54 CMakeFiles/NetworkPico.dir/C_/Users/yoshi/.pico-sdk/sdk/2.0.0/lib/lwip/src/core/tcp.c.obj
                0x10004130                tcp_netif_ip_addr_changed
 .text.tcp_kill_state
                0x10004184       0x54 CMakeFiles/NetworkPico.dir/C_/Users/yoshi/.pico-sdk/sdk/2.0.0/lib/lwip/src/core/tcp.c.obj
 .text.tcp_alloc
                0x100041d8       0xc8 CMakeFiles/NetworkPico.dir/C_/Users/yoshi/.pico-sdk/sdk/2.0.0/lib/lwip/src/core/tcp.c.obj
                0x100041d8                tcp_alloc
 .text.tcp_close_shutdown
                0x100042a0      0x13c CMakeFiles/NetworkPico.dir/C_/Users/yoshi/.pico-sdk/sdk/2.0.0/lib/lwip/src/core/tcp.c.obj
 .text.tcp_close
                0x100043dc       0x2c CMakeFiles/NetworkPico.dir/C_/Users/yoshi/.pico-sdk/sdk/2.0.0/lib/lwip/src/core/tcp.c.obj
                0x100043dc                tcp_close
 .text.tcp_recv_null
                0x10004408       0x3c CMakeFiles/NetworkPico.dir/C_/Users/yoshi/.pico-sdk/sdk/2.0.0/lib/lwip/src/core/tcp.c.obj
                0x10004408                tcp_recv_null
 .text.tcp_process_refused_data
                0x10004444       0x88 CMakeFiles/NetworkPico.dir/C_/Users/yoshi/.pico-sdk/sdk/2.0.0/lib/lwip/src/core/tcp.c.obj
                0x10004444                tcp_process_refused_data
 .text.tcp_fasttmr
                0x100044cc       0x80 CMakeFiles/NetworkPico.dir/C_/Users/yoshi/.pico-sdk/sdk/2.0.0/lib/lwip/src/core/tcp.c.obj
                0x100044cc                tcp_fasttmr
 .text.tcp_slowtmr
                0x1000454c      0x44c CMakeFiles/NetworkPico.dir/C_/Users/yoshi/.pico-sdk/sdk/2.0.0/lib/lwip/src/core/tcp.c.obj
                0x1000454c                tcp_slowtmr
 .text.tcp_tmr  0x10004998       0x20 CMakeFiles/NetworkPico.dir/C_/Users/yoshi/.pico-sdk/sdk/2.0.0/lib/lwip/src/core/tcp.c.obj
                0x10004998                tcp_tmr
 .text.tcp_get_next_optbyte
                0x100049b8       0x40 CMakeFiles/NetworkPico.dir/C_/Users/yoshi/.pico-sdk/sdk/2.0.0/lib/lwip/src/core/tcp_in.c.obj
 .text.tcp_parseopt
                0x100049f8       0x98 CMakeFiles/NetworkPico.dir/C_/Users/yoshi/.pico-sdk/sdk/2.0.0/lib/lwip/src/core/tcp_in.c.obj
 .text.tcp_input_delayed_close
                0x10004a90       0x4c CMakeFiles/NetworkPico.dir/C_/Users/yoshi/.pico-sdk/sdk/2.0.0/lib/lwip/src/core/tcp_in.c.obj
 .text.tcp_timewait_input
                0x10004adc       0xa0 CMakeFiles/NetworkPico.dir/C_/Users/yoshi/.pico-sdk/sdk/2.0.0/lib/lwip/src/core/tcp_in.c.obj
 .text.tcp_listen_input
                0x10004b7c      0x15c CMakeFiles/NetworkPico.dir/C_/Users/yoshi/.pico-sdk/sdk/2.0.0/lib/lwip/src/core/tcp_in.c.obj
 .text.tcp_free_acked_segments
                0x10004cd8       0xc0 CMakeFiles/NetworkPico.dir/C_/Users/yoshi/.pico-sdk/sdk/2.0.0/lib/lwip/src/core/tcp_in.c.obj
 .text.tcp_oos_insert_segment
                0x10004d98       0xd4 CMakeFiles/NetworkPico.dir/C_/Users/yoshi/.pico-sdk/sdk/2.0.0/lib/lwip/src/core/tcp_in.c.obj
 .text.tcp_receive
                0x10004e6c      0x9c8 CMakeFiles/NetworkPico.dir/C_/Users/yoshi/.pico-sdk/sdk/2.0.0/lib/lwip/src/core/tcp_in.c.obj
 .text.tcp_process
                0x10005834      0x55c CMakeFiles/NetworkPico.dir/C_/Users/yoshi/.pico-sdk/sdk/2.0.0/lib/lwip/src/core/tcp_in.c.obj
 .text.tcp_input
                0x10005d90      0x660 CMakeFiles/NetworkPico.dir/C_/Users/yoshi/.pico-sdk/sdk/2.0.0/lib/lwip/src/core/tcp_in.c.obj
                0x10005d90                tcp_input
 .text.tcp_trigger_input_pcb_close
                0x100063f0       0x10 CMakeFiles/NetworkPico.dir/C_/Users/yoshi/.pico-sdk/sdk/2.0.0/lib/lwip/src/core/tcp_in.c.obj
                0x100063f0                tcp_trigger_input_pcb_close
 .text.tcp_output_segment_busy
                0x10006400       0x20 CMakeFiles/NetworkPico.dir/C_/Users/yoshi/.pico-sdk/sdk/2.0.0/lib/lwip/src/core/tcp_out.c.obj
 .text.tcp_output_fill_options
                0x10006420       0x30 CMakeFiles/NetworkPico.dir/C_/Users/yoshi/.pico-sdk/sdk/2.0.0/lib/lwip/src/core/tcp_out.c.obj
 .text.tcp_create_segment
                0x10006450       0xf4 CMakeFiles/NetworkPico.dir/C_/Users/yoshi/.pico-sdk/sdk/2.0.0/lib/lwip/src/core/tcp_out.c.obj
 .text.tcp_output_alloc_header_common
                0x10006544       0xd0 CMakeFiles/NetworkPico.dir/C_/Users/yoshi/.pico-sdk/sdk/2.0.0/lib/lwip/src/core/tcp_out.c.obj
 .text.tcp_output_alloc_header
                0x10006614       0x38 CMakeFiles/NetworkPico.dir/C_/Users/yoshi/.pico-sdk/sdk/2.0.0/lib/lwip/src/core/tcp_out.c.obj
 .text.tcp_rst_common
                0x1000664c       0x68 CMakeFiles/NetworkPico.dir/C_/Users/yoshi/.pico-sdk/sdk/2.0.0/lib/lwip/src/core/tcp_out.c.obj
 .text.tcp_route
                0x100066b4       0x1a CMakeFiles/NetworkPico.dir/C_/Users/yoshi/.pico-sdk/sdk/2.0.0/lib/lwip/src/core/tcp_out.c.obj
 *fill*         0x100066ce        0x2 
 .text.tcp_output_segment
                0x100066d0      0x164 CMakeFiles/NetworkPico.dir/C_/Users/yoshi/.pico-sdk/sdk/2.0.0/lib/lwip/src/core/tcp_out.c.obj
 .text.tcp_output_control_segment_netif
                0x10006834       0x84 CMakeFiles/NetworkPico.dir/C_/Users/yoshi/.pico-sdk/sdk/2.0.0/lib/lwip/src/core/tcp_out.c.obj
 .text.tcp_output_control_segment
                0x100068b8       0x44 CMakeFiles/NetworkPico.dir/C_/Users/yoshi/.pico-sdk/sdk/2.0.0/lib/lwip/src/core/tcp_out.c.obj
 .text.tcp_split_unsent_seg
                0x100068fc      0x1d8 CMakeFiles/NetworkPico.dir/C_/Users/yoshi/.pico-sdk/sdk/2.0.0/lib/lwip/src/core/tcp_out.c.obj
                0x100068fc                tcp_split_unsent_seg
 .text.tcp_enqueue_flags
                0x10006ad4      0x11c CMakeFiles/NetworkPico.dir/C_/Users/yoshi/.pico-sdk/sdk/2.0.0/lib/lwip/src/core/tcp_out.c.obj
                0x10006ad4                tcp_enqueue_flags
 .text.tcp_send_fin
                0x10006bf0       0x68 CMakeFiles/NetworkPico.dir/C_/Users/yoshi/.pico-sdk/sdk/2.0.0/lib/lwip/src/core/tcp_out.c.obj
                0x10006bf0                tcp_send_fin
 .text.tcp_rexmit_rto_prepare
                0x10006c58       0xac CMakeFiles/NetworkPico.dir/C_/Users/yoshi/.pico-sdk/sdk/2.0.0/lib/lwip/src/core/tcp_out.c.obj
                0x10006c58                tcp_rexmit_rto_prepare
 .text.tcp_rexmit
                0x10006d04       0xa4 CMakeFiles/NetworkPico.dir/C_/Users/yoshi/.pico-sdk/sdk/2.0.0/lib/lwip/src/core/tcp_out.c.obj
                0x10006d04                tcp_rexmit
 .text.tcp_rexmit_fast
                0x10006da8       0x68 CMakeFiles/NetworkPico.dir/C_/Users/yoshi/.pico-sdk/sdk/2.0.0/lib/lwip/src/core/tcp_out.c.obj
                0x10006da8                tcp_rexmit_fast
 .text.tcp_rst  0x10006e10       0x32 CMakeFiles/NetworkPico.dir/C_/Users/yoshi/.pico-sdk/sdk/2.0.0/lib/lwip/src/core/tcp_out.c.obj
                0x10006e10                tcp_rst
 .text.tcp_rst_netif
                0x10006e42       0x38 CMakeFiles/NetworkPico.dir/C_/Users/yoshi/.pico-sdk/sdk/2.0.0/lib/lwip/src/core/tcp_out.c.obj
                0x10006e42                tcp_rst_netif
 *fill*         0x10006e7a        0x2 
 .text.tcp_send_empty_ack
                0x10006e7c       0x64 CMakeFiles/NetworkPico.dir/C_/Users/yoshi/.pico-sdk/sdk/2.0.0/lib/lwip/src/core/tcp_out.c.obj
                0x10006e7c                tcp_send_empty_ack
 .text.tcp_output
                0x10006ee0      0x32c CMakeFiles/NetworkPico.dir/C_/Users/yoshi/.pico-sdk/sdk/2.0.0/lib/lwip/src/core/tcp_out.c.obj
                0x10006ee0                tcp_output
 .text.tcp_rexmit_rto_commit
                0x1000720c       0x24 CMakeFiles/NetworkPico.dir/C_/Users/yoshi/.pico-sdk/sdk/2.0.0/lib/lwip/src/core/tcp_out.c.obj
                0x1000720c                tcp_rexmit_rto_commit
 .text.tcp_rexmit_rto
                0x10007230       0x24 CMakeFiles/NetworkPico.dir/C_/Users/yoshi/.pico-sdk/sdk/2.0.0/lib/lwip/src/core/tcp_out.c.obj
                0x10007230                tcp_rexmit_rto
 .text.tcp_keepalive
                0x10007254       0x48 CMakeFiles/NetworkPico.dir/C_/Users/yoshi/.pico-sdk/sdk/2.0.0/lib/lwip/src/core/tcp_out.c.obj
                0x10007254                tcp_keepalive
 .text.tcp_zero_window_probe
                0x1000729c      0x10c CMakeFiles/NetworkPico.dir/C_/Users/yoshi/.pico-sdk/sdk/2.0.0/lib/lwip/src/core/tcp_out.c.obj
                0x1000729c                tcp_zero_window_probe
 .text.sys_timeout_abs
                0x100073a8       0x60 CMakeFiles/NetworkPico.dir/C_/Users/yoshi/.pico-sdk/sdk/2.0.0/lib/lwip/src/core/timeouts.c.obj
 .text.lwip_cyclic_timer
                0x10007408       0x38 CMakeFiles/NetworkPico.dir/C_/Users/yoshi/.pico-sdk/sdk/2.0.0/lib/lwip/src/core/timeouts.c.obj
 .text.sys_timeout
                0x10007440       0x2c CMakeFiles/NetworkPico.dir/C_/Users/yoshi/.pico-sdk/sdk/2.0.0/lib/lwip/src/core/timeouts.c.obj
                0x10007440                sys_timeout
 .text.tcp_timer_needed
                0x1000746c       0x40 CMakeFiles/NetworkPico.dir/C_/Users/yoshi/.pico-sdk/sdk/2.0.0/lib/lwip/src/core/timeouts.c.obj
                0x1000746c                tcp_timer_needed
 .text.tcpip_tcp_timer
                0x100074ac       0x3c CMakeFiles/NetworkPico.dir/C_/Users/yoshi/.pico-sdk/sdk/2.0.0/lib/lwip/src/core/timeouts.c.obj
 .text.sys_timeouts_init
                0x100074e8       0x24 CMakeFiles/NetworkPico.dir/C_/Users/yoshi/.pico-sdk/sdk/2.0.0/lib/lwip/src/core/timeouts.c.obj
                0x100074e8                sys_timeouts_init
 .text.sys_check_timeouts
                0x1000750c       0x54 CMakeFiles/NetworkPico.dir/C_/Users/yoshi/.pico-sdk/sdk/2.0.0/lib/lwip/src/core/timeouts.c.obj
                0x1000750c                sys_check_timeouts
 .text.sys_timeouts_sleeptime
                0x10007560       0x34 CMakeFiles/NetworkPico.dir/C_/Users/yoshi/.pico-sdk/sdk/2.0.0/lib/lwip/src/core/timeouts.c.obj
                0x10007560                sys_timeouts_sleeptime
 .text.udp_new_port
                0x10007594       0x54 CMakeFiles/NetworkPico.dir/C_/Users/yoshi/.pico-sdk/sdk/2.0.0/lib/lwip/src/core/udp.c.obj
 .text.udp_input_local_match
                0x100075e8       0x90 CMakeFiles/NetworkPico.dir/C_/Users/yoshi/.pico-sdk/sdk/2.0.0/lib/lwip/src/core/udp.c.obj
 .text.udp_init
                0x10007678       0x20 CMakeFiles/NetworkPico.dir/C_/Users/yoshi/.pico-sdk/sdk/2.0.0/lib/lwip/src/core/udp.c.obj
                0x10007678                udp_init
 .text.udp_input
                0x10007698      0x20c CMakeFiles/NetworkPico.dir/C_/Users/yoshi/.pico-sdk/sdk/2.0.0/lib/lwip/src/core/udp.c.obj
                0x10007698                udp_input
 .text.udp_bind
                0x100078a4       0xb0 CMakeFiles/NetworkPico.dir/C_/Users/yoshi/.pico-sdk/sdk/2.0.0/lib/lwip/src/core/udp.c.obj
                0x100078a4                udp_bind
 .text.udp_sendto_if_src
                0x10007954      0x17c CMakeFiles/NetworkPico.dir/C_/Users/yoshi/.pico-sdk/sdk/2.0.0/lib/lwip/src/core/udp.c.obj
                0x10007954                udp_sendto_if_src
 .text.udp_sendto_if
                0x10007ad0       0x84 CMakeFiles/NetworkPico.dir/C_/Users/yoshi/.pico-sdk/sdk/2.0.0/lib/lwip/src/core/udp.c.obj
                0x10007ad0                udp_sendto_if
 .text.udp_sendto
                0x10007b54       0x84 CMakeFiles/NetworkPico.dir/C_/Users/yoshi/.pico-sdk/sdk/2.0.0/lib/lwip/src/core/udp.c.obj
                0x10007b54                udp_sendto
 .text.udp_connect
                0x10007bd8       0x74 CMakeFiles/NetworkPico.dir/C_/Users/yoshi/.pico-sdk/sdk/2.0.0/lib/lwip/src/core/udp.c.obj
                0x10007bd8                udp_connect
 .text.udp_recv
                0x10007c4c       0x18 CMakeFiles/NetworkPico.dir/C_/Users/yoshi/.pico-sdk/sdk/2.0.0/lib/lwip/src/core/udp.c.obj
                0x10007c4c                udp_recv
 .text.udp_remove
                0x10007c64       0x44 CMakeFiles/NetworkPico.dir/C_/Users/yoshi/.pico-sdk/sdk/2.0.0/lib/lwip/src/core/udp.c.obj
                0x10007c64                udp_remove
 .text.udp_new  0x10007ca8       0x1c CMakeFiles/NetworkPico.dir/C_/Users/yoshi/.pico-sdk/sdk/2.0.0/lib/lwip/src/core/udp.c.obj
                0x10007ca8                udp_new
 .text.udp_netif_ip_addr_changed
                0x10007cc4       0x38 CMakeFiles/NetworkPico.dir/C_/Users/yoshi/.pico-sdk/sdk/2.0.0/lib/lwip/src/core/udp.c.obj
                0x10007cc4                udp_netif_ip_addr_changed
 .text.dhcp_set_state
                0x10007cfc       0x10 CMakeFiles/NetworkPico.dir/C_/Users/yoshi/.pico-sdk/sdk/2.0.0/lib/lwip/src/core/ipv4/dhcp.c.obj
 .text.dhcp_option_short
                0x10007d0c       0x24 CMakeFiles/NetworkPico.dir/C_/Users/yoshi/.pico-sdk/sdk/2.0.0/lib/lwip/src/core/ipv4/dhcp.c.obj
 .text.dhcp_option
                0x10007d30       0x24 CMakeFiles/NetworkPico.dir/C_/Users/yoshi/.pico-sdk/sdk/2.0.0/lib/lwip/src/core/ipv4/dhcp.c.obj
 .text.dhcp_option_byte
                0x10007d54       0x1c CMakeFiles/NetworkPico.dir/C_/Users/yoshi/.pico-sdk/sdk/2.0.0/lib/lwip/src/core/ipv4/dhcp.c.obj
 .text.dhcp_option_long
                0x10007d70       0x34 CMakeFiles/NetworkPico.dir/C_/Users/yoshi/.pico-sdk/sdk/2.0.0/lib/lwip/src/core/ipv4/dhcp.c.obj
 .text.dhcp_create_msg
                0x10007da4      0x138 CMakeFiles/NetworkPico.dir/C_/Users/yoshi/.pico-sdk/sdk/2.0.0/lib/lwip/src/core/ipv4/dhcp.c.obj
 .text.dhcp_option_hostname
                0x10007edc       0x70 CMakeFiles/NetworkPico.dir/C_/Users/yoshi/.pico-sdk/sdk/2.0.0/lib/lwip/src/core/ipv4/dhcp.c.obj
 .text.dhcp_option_trailer
                0x10007f4c       0x28 CMakeFiles/NetworkPico.dir/C_/Users/yoshi/.pico-sdk/sdk/2.0.0/lib/lwip/src/core/ipv4/dhcp.c.obj
 .text.dhcp_rebind
                0x10007f74       0xfc CMakeFiles/NetworkPico.dir/C_/Users/yoshi/.pico-sdk/sdk/2.0.0/lib/lwip/src/core/ipv4/dhcp.c.obj
 .text.dhcp_t2_timeout
                0x10008070       0x30 CMakeFiles/NetworkPico.dir/C_/Users/yoshi/.pico-sdk/sdk/2.0.0/lib/lwip/src/core/ipv4/dhcp.c.obj
 .text.dhcp_reboot
                0x100080a0      0x120 CMakeFiles/NetworkPico.dir/C_/Users/yoshi/.pico-sdk/sdk/2.0.0/lib/lwip/src/core/ipv4/dhcp.c.obj
 .text.dhcp_select
                0x100081c0      0x16c CMakeFiles/NetworkPico.dir/C_/Users/yoshi/.pico-sdk/sdk/2.0.0/lib/lwip/src/core/ipv4/dhcp.c.obj
 .text.dhcp_handle_offer
                0x1000832c       0x48 CMakeFiles/NetworkPico.dir/C_/Users/yoshi/.pico-sdk/sdk/2.0.0/lib/lwip/src/core/ipv4/dhcp.c.obj
 .text.dhcp_discover
                0x10008374       0xf4 CMakeFiles/NetworkPico.dir/C_/Users/yoshi/.pico-sdk/sdk/2.0.0/lib/lwip/src/core/ipv4/dhcp.c.obj
 .text.dhcp_dec_pcb_refcount
                0x10008468       0x38 CMakeFiles/NetworkPico.dir/C_/Users/yoshi/.pico-sdk/sdk/2.0.0/lib/lwip/src/core/ipv4/dhcp.c.obj
 .text.dhcp_inc_pcb_refcount
                0x100084a0       0x74 CMakeFiles/NetworkPico.dir/C_/Users/yoshi/.pico-sdk/sdk/2.0.0/lib/lwip/src/core/ipv4/dhcp.c.obj
 .text.dhcp_parse_reply
                0x10008514      0x2f4 CMakeFiles/NetworkPico.dir/C_/Users/yoshi/.pico-sdk/sdk/2.0.0/lib/lwip/src/core/ipv4/dhcp.c.obj
 .text.dhcp_handle_ack
                0x10008808       0xd0 CMakeFiles/NetworkPico.dir/C_/Users/yoshi/.pico-sdk/sdk/2.0.0/lib/lwip/src/core/ipv4/dhcp.c.obj
 .text.dhcp_bind
                0x100088d8      0x100 CMakeFiles/NetworkPico.dir/C_/Users/yoshi/.pico-sdk/sdk/2.0.0/lib/lwip/src/core/ipv4/dhcp.c.obj
 .text.dhcp_handle_nak
                0x100089d8       0x24 CMakeFiles/NetworkPico.dir/C_/Users/yoshi/.pico-sdk/sdk/2.0.0/lib/lwip/src/core/ipv4/dhcp.c.obj
 .text.dhcp_recv
                0x100089fc       0xf4 CMakeFiles/NetworkPico.dir/C_/Users/yoshi/.pico-sdk/sdk/2.0.0/lib/lwip/src/core/ipv4/dhcp.c.obj
 .text.dhcp_set_struct
                0x10008af0       0x44 CMakeFiles/NetworkPico.dir/C_/Users/yoshi/.pico-sdk/sdk/2.0.0/lib/lwip/src/core/ipv4/dhcp.c.obj
                0x10008af0                dhcp_set_struct
 .text.dhcp_network_changed_link_up
                0x10008b34       0x3c CMakeFiles/NetworkPico.dir/C_/Users/yoshi/.pico-sdk/sdk/2.0.0/lib/lwip/src/core/ipv4/dhcp.c.obj
                0x10008b34                dhcp_network_changed_link_up
 .text.dhcp_renew
                0x10008b70       0xf8 CMakeFiles/NetworkPico.dir/C_/Users/yoshi/.pico-sdk/sdk/2.0.0/lib/lwip/src/core/ipv4/dhcp.c.obj
                0x10008b70                dhcp_renew
 .text.dhcp_t1_timeout
                0x10008c68       0x30 CMakeFiles/NetworkPico.dir/C_/Users/yoshi/.pico-sdk/sdk/2.0.0/lib/lwip/src/core/ipv4/dhcp.c.obj
 .text.dhcp_supplied_address
                0x10008c98       0x32 CMakeFiles/NetworkPico.dir/C_/Users/yoshi/.pico-sdk/sdk/2.0.0/lib/lwip/src/core/ipv4/dhcp.c.obj
                0x10008c98                dhcp_supplied_address
 *fill*         0x10008cca        0x2 
 .text.dhcp_release_and_stop
                0x10008ccc       0xdc CMakeFiles/NetworkPico.dir/C_/Users/yoshi/.pico-sdk/sdk/2.0.0/lib/lwip/src/core/ipv4/dhcp.c.obj
                0x10008ccc                dhcp_release_and_stop
 .text.dhcp_start
                0x10008da8       0xac CMakeFiles/NetworkPico.dir/C_/Users/yoshi/.pico-sdk/sdk/2.0.0/lib/lwip/src/core/ipv4/dhcp.c.obj
                0x10008da8                dhcp_start
 .text.dhcp_coarse_tmr
                0x10008e54       0x6c CMakeFiles/NetworkPico.dir/C_/Users/yoshi/.pico-sdk/sdk/2.0.0/lib/lwip/src/core/ipv4/dhcp.c.obj
                0x10008e54                dhcp_coarse_tmr
 .text.dhcp_timeout
                0x10008ec0       0x4a CMakeFiles/NetworkPico.dir/C_/Users/yoshi/.pico-sdk/sdk/2.0.0/lib/lwip/src/core/ipv4/dhcp.c.obj
 *fill*         0x10008f0a        0x2 
 .text.dhcp_fine_tmr
                0x10008f0c       0x38 CMakeFiles/NetworkPico.dir/C_/Users/yoshi/.pico-sdk/sdk/2.0.0/lib/lwip/src/core/ipv4/dhcp.c.obj
                0x10008f0c                dhcp_fine_tmr
 .text.dhcp_stop
                0x10008f44        0x8 CMakeFiles/NetworkPico.dir/C_/Users/yoshi/.pico-sdk/sdk/2.0.0/lib/lwip/src/core/ipv4/dhcp.c.obj
                0x10008f44                dhcp_stop
 .text.etharp_free_entry
                0x10008f4c       0x4c CMakeFiles/NetworkPico.dir/C_/Users/yoshi/.pico-sdk/sdk/2.0.0/lib/lwip/src/core/ipv4/etharp.c.obj
 .text.etharp_find_entry
                0x10008f98      0x1a8 CMakeFiles/NetworkPico.dir/C_/Users/yoshi/.pico-sdk/sdk/2.0.0/lib/lwip/src/core/ipv4/etharp.c.obj
 .text.etharp_update_arp_entry
                0x10009140       0xc8 CMakeFiles/NetworkPico.dir/C_/Users/yoshi/.pico-sdk/sdk/2.0.0/lib/lwip/src/core/ipv4/etharp.c.obj
 .text.etharp_raw
                0x10009208       0xf0 CMakeFiles/NetworkPico.dir/C_/Users/yoshi/.pico-sdk/sdk/2.0.0/lib/lwip/src/core/ipv4/etharp.c.obj
 .text.etharp_request_dst
                0x100092f8       0x24 CMakeFiles/NetworkPico.dir/C_/Users/yoshi/.pico-sdk/sdk/2.0.0/lib/lwip/src/core/ipv4/etharp.c.obj
 .text.etharp_cleanup_netif
                0x1000931c       0x3c CMakeFiles/NetworkPico.dir/C_/Users/yoshi/.pico-sdk/sdk/2.0.0/lib/lwip/src/core/ipv4/etharp.c.obj
                0x1000931c                etharp_cleanup_netif
 .text.etharp_input
                0x10009358      0x120 CMakeFiles/NetworkPico.dir/C_/Users/yoshi/.pico-sdk/sdk/2.0.0/lib/lwip/src/core/ipv4/etharp.c.obj
                0x10009358                etharp_input
 .text.etharp_request
                0x10009478       0x10 CMakeFiles/NetworkPico.dir/C_/Users/yoshi/.pico-sdk/sdk/2.0.0/lib/lwip/src/core/ipv4/etharp.c.obj
                0x10009478                etharp_request
 .text.etharp_tmr
                0x10009488       0x8c CMakeFiles/NetworkPico.dir/C_/Users/yoshi/.pico-sdk/sdk/2.0.0/lib/lwip/src/core/ipv4/etharp.c.obj
                0x10009488                etharp_tmr
 .text.etharp_output_to_arp_index
                0x10009514       0xc0 CMakeFiles/NetworkPico.dir/C_/Users/yoshi/.pico-sdk/sdk/2.0.0/lib/lwip/src/core/ipv4/etharp.c.obj
 .text.etharp_query
                0x100095d4      0x1c0 CMakeFiles/NetworkPico.dir/C_/Users/yoshi/.pico-sdk/sdk/2.0.0/lib/lwip/src/core/ipv4/etharp.c.obj
                0x100095d4                etharp_query
 .text.etharp_output
                0x10009794      0x150 CMakeFiles/NetworkPico.dir/C_/Users/yoshi/.pico-sdk/sdk/2.0.0/lib/lwip/src/core/ipv4/etharp.c.obj
                0x10009794                etharp_output
 .text.icmp_send_response
                0x100098e4       0xd4 CMakeFiles/NetworkPico.dir/C_/Users/yoshi/.pico-sdk/sdk/2.0.0/lib/lwip/src/core/ipv4/icmp.c.obj
 .text.icmp_input
                0x100099b8      0x200 CMakeFiles/NetworkPico.dir/C_/Users/yoshi/.pico-sdk/sdk/2.0.0/lib/lwip/src/core/ipv4/icmp.c.obj
                0x100099b8                icmp_input
 .text.icmp_dest_unreach
                0x10009bb8        0xc CMakeFiles/NetworkPico.dir/C_/Users/yoshi/.pico-sdk/sdk/2.0.0/lib/lwip/src/core/ipv4/icmp.c.obj
                0x10009bb8                icmp_dest_unreach
 .text.icmp_time_exceeded
                0x10009bc4        0xc CMakeFiles/NetworkPico.dir/C_/Users/yoshi/.pico-sdk/sdk/2.0.0/lib/lwip/src/core/ipv4/icmp.c.obj
                0x10009bc4                icmp_time_exceeded
 .text.ip_reass_dequeue_datagram
                0x10009bd0       0x34 CMakeFiles/NetworkPico.dir/C_/Users/yoshi/.pico-sdk/sdk/2.0.0/lib/lwip/src/core/ipv4/ip4_frag.c.obj
 .text.ip_reass_free_complete_datagram
                0x10009c04       0xe8 CMakeFiles/NetworkPico.dir/C_/Users/yoshi/.pico-sdk/sdk/2.0.0/lib/lwip/src/core/ipv4/ip4_frag.c.obj
 .text.ip_reass_remove_oldest_datagram
                0x10009cec       0xc0 CMakeFiles/NetworkPico.dir/C_/Users/yoshi/.pico-sdk/sdk/2.0.0/lib/lwip/src/core/ipv4/ip4_frag.c.obj
 .text.ip_reass_chain_frag_into_datagram_and_validate
                0x10009dac      0x27c CMakeFiles/NetworkPico.dir/C_/Users/yoshi/.pico-sdk/sdk/2.0.0/lib/lwip/src/core/ipv4/ip4_frag.c.obj
 .text.ip_reass_enqueue_new_datagram
                0x1000a028       0x64 CMakeFiles/NetworkPico.dir/C_/Users/yoshi/.pico-sdk/sdk/2.0.0/lib/lwip/src/core/ipv4/ip4_frag.c.obj
 .text.ip_reass_tmr
                0x1000a08c       0x30 CMakeFiles/NetworkPico.dir/C_/Users/yoshi/.pico-sdk/sdk/2.0.0/lib/lwip/src/core/ipv4/ip4_frag.c.obj
                0x1000a08c                ip_reass_tmr
 .text.ip4_reass
                0x1000a0bc      0x284 CMakeFiles/NetworkPico.dir/C_/Users/yoshi/.pico-sdk/sdk/2.0.0/lib/lwip/src/core/ipv4/ip4_frag.c.obj
                0x1000a0bc                ip4_reass
 .text.ip4_frag
                0x1000a340      0x17c CMakeFiles/NetworkPico.dir/C_/Users/yoshi/.pico-sdk/sdk/2.0.0/lib/lwip/src/core/ipv4/ip4_frag.c.obj
                0x1000a340                ip4_frag
 .text.ip4_input_accept
                0x1000a4bc       0x38 CMakeFiles/NetworkPico.dir/C_/Users/yoshi/.pico-sdk/sdk/2.0.0/lib/lwip/src/core/ipv4/ip4.c.obj
 .text.ip4_route
                0x1000a4f4       0x7c CMakeFiles/NetworkPico.dir/C_/Users/yoshi/.pico-sdk/sdk/2.0.0/lib/lwip/src/core/ipv4/ip4.c.obj
                0x1000a4f4                ip4_route
 .text.ip4_input
                0x1000a570      0x290 CMakeFiles/NetworkPico.dir/C_/Users/yoshi/.pico-sdk/sdk/2.0.0/lib/lwip/src/core/ipv4/ip4.c.obj
                0x1000a570                ip4_input
 .text.ip4_output_if_src
                0x1000a800      0x1b8 CMakeFiles/NetworkPico.dir/C_/Users/yoshi/.pico-sdk/sdk/2.0.0/lib/lwip/src/core/ipv4/ip4.c.obj
                0x1000a800                ip4_output_if_src
 .text.ip4_output_if
                0x1000a9b8       0x2e CMakeFiles/NetworkPico.dir/C_/Users/yoshi/.pico-sdk/sdk/2.0.0/lib/lwip/src/core/ipv4/ip4.c.obj
                0x1000a9b8                ip4_output_if
 .text.ip4_addr_isbroadcast_u32
                0x1000a9e6       0x42 CMakeFiles/NetworkPico.dir/C_/Users/yoshi/.pico-sdk/sdk/2.0.0/lib/lwip/src/core/ipv4/ip4_addr.c.obj
                0x1000a9e6                ip4_addr_isbroadcast_u32
 .text.ip4addr_aton
                0x1000aa28      0x158 CMakeFiles/NetworkPico.dir/C_/Users/yoshi/.pico-sdk/sdk/2.0.0/lib/lwip/src/core/ipv4/ip4_addr.c.obj
                0x1000aa28                ip4addr_aton
 .text.ethernet_input
                0x1000ab80       0xe0 CMakeFiles/NetworkPico.dir/C_/Users/yoshi/.pico-sdk/sdk/2.0.0/lib/lwip/src/netif/ethernet.c.obj
                0x1000ab80                ethernet_input
 .text.ethernet_output
                0x1000ac60       0x6c CMakeFiles/NetworkPico.dir/C_/Users/yoshi/.pico-sdk/sdk/2.0.0/lib/lwip/src/netif/ethernet.c.obj
                0x1000ac60                ethernet_output
 .text.cyw43_tcpip_link_status_name
                0x1000accc       0x54 CMakeFiles/NetworkPico.dir/C_/Users/yoshi/.pico-sdk/sdk/2.0.0/src/rp2_common/pico_cyw43_arch/cyw43_arch.c.obj
 .text.cyw43_arch_set_async_context
                0x1000ad20        0xc CMakeFiles/NetworkPico.dir/C_/Users/yoshi/.pico-sdk/sdk/2.0.0/src/rp2_common/pico_cyw43_arch/cyw43_arch.c.obj
                0x1000ad20                cyw43_arch_set_async_context
 .text.cyw43_arch_wifi_connect_bssid_async
                0x1000ad2c       0x5c CMakeFiles/NetworkPico.dir/C_/Users/yoshi/.pico-sdk/sdk/2.0.0/src/rp2_common/pico_cyw43_arch/cyw43_arch.c.obj
                0x1000ad2c                cyw43_arch_wifi_connect_bssid_async
 .text.cyw43_arch_get_country_code
                0x1000ad88        0xc CMakeFiles/NetworkPico.dir/C_/Users/yoshi/.pico-sdk/sdk/2.0.0/src/rp2_common/pico_cyw43_arch/cyw43_arch.c.obj
                0x1000ad88                cyw43_arch_get_country_code
 .text.cyw43_arch_enable_sta_mode
                0x1000ad94       0x40 CMakeFiles/NetworkPico.dir/C_/Users/yoshi/.pico-sdk/sdk/2.0.0/src/rp2_common/pico_cyw43_arch/cyw43_arch.c.obj
                0x1000ad94                cyw43_arch_enable_sta_mode
 .text.cyw43_arch_gpio_put
                0x1000add4       0x14 CMakeFiles/NetworkPico.dir/C_/Users/yoshi/.pico-sdk/sdk/2.0.0/src/rp2_common/pico_cyw43_arch/cyw43_arch.c.obj
                0x1000add4                cyw43_arch_gpio_put
 .text.cyw43_arch_async_context
                0x1000ade8        0xc CMakeFiles/NetworkPico.dir/C_/Users/yoshi/.pico-sdk/sdk/2.0.0/src/rp2_common/pico_cyw43_arch/cyw43_arch.c.obj
                0x1000ade8                cyw43_arch_async_context
 .text.cyw43_arch_poll
                0x1000adf4       0x18 CMakeFiles/NetworkPico.dir/C_/Users/yoshi/.pico-sdk/sdk/2.0.0/src/rp2_common/pico_cyw43_arch/cyw43_arch.c.obj
                0x1000adf4                cyw43_arch_poll
 .text.cyw43_arch_wait_for_work_until
                0x1000ae0c       0x18 CMakeFiles/NetworkPico.dir/C_/Users/yoshi/.pico-sdk/sdk/2.0.0/src/rp2_common/pico_cyw43_arch/cyw43_arch.c.obj
                0x1000ae0c                cyw43_arch_wait_for_work_until
 .text.cyw43_arch_wifi_connect_bssid_until
                0x1000ae24       0xec CMakeFiles/NetworkPico.dir/C_/Users/yoshi/.pico-sdk/sdk/2.0.0/src/rp2_common/pico_cyw43_arch/cyw43_arch.c.obj
 .text.cyw43_arch_wifi_connect_until
                0x1000af10       0x1a CMakeFiles/NetworkPico.dir/C_/Users/yoshi/.pico-sdk/sdk/2.0.0/src/rp2_common/pico_cyw43_arch/cyw43_arch.c.obj
 *fill*         0x1000af2a        0x2 
 .text.cyw43_arch_wifi_connect_timeout_ms
                0x1000af2c       0x54 CMakeFiles/NetworkPico.dir/C_/Users/yoshi/.pico-sdk/sdk/2.0.0/src/rp2_common/pico_cyw43_arch/cyw43_arch.c.obj
                0x1000af2c                cyw43_arch_wifi_connect_timeout_ms
 .text.cyw43_arch_init_default_async_context
                0x1000af80       0x20 CMakeFiles/NetworkPico.dir/C_/Users/yoshi/.pico-sdk/sdk/2.0.0/src/rp2_common/pico_cyw43_arch/cyw43_arch_threadsafe_background.c.obj
                0x1000af80                cyw43_arch_init_default_async_context
 .text.cyw43_arch_deinit
                0x1000afa0       0x30 CMakeFiles/NetworkPico.dir/C_/Users/yoshi/.pico-sdk/sdk/2.0.0/src/rp2_common/pico_cyw43_arch/cyw43_arch_threadsafe_background.c.obj
                0x1000afa0                cyw43_arch_deinit
 .text.cyw43_arch_init
                0x1000afd0       0x42 CMakeFiles/NetworkPico.dir/C_/Users/yoshi/.pico-sdk/sdk/2.0.0/src/rp2_common/pico_cyw43_arch/cyw43_arch_threadsafe_background.c.obj
                0x1000afd0                cyw43_arch_init
 .text.pio_get_default_sm_config
                0x1000b012       0x28 CMakeFiles/NetworkPico.dir/C_/Users/yoshi/.pico-sdk/sdk/2.0.0/src/rp2_common/pico_cyw43_driver/cyw43_bus_pio_spi.c.obj
 *fill*         0x1000b03a        0x2 
 .text.spi_gap01_sample0_program_get_default_config
                0x1000b03c       0x3c CMakeFiles/NetworkPico.dir/C_/Users/yoshi/.pico-sdk/sdk/2.0.0/src/rp2_common/pico_cyw43_driver/cyw43_bus_pio_spi.c.obj
 .text.cs_set   0x1000b078       0x1c CMakeFiles/NetworkPico.dir/C_/Users/yoshi/.pico-sdk/sdk/2.0.0/src/rp2_common/pico_cyw43_driver/cyw43_bus_pio_spi.c.obj
 .text.channel_config_set_chain_to
                0x1000b094       0x30 CMakeFiles/NetworkPico.dir/C_/Users/yoshi/.pico-sdk/sdk/2.0.0/src/rp2_common/pico_cyw43_driver/cyw43_bus_pio_spi.c.obj
 .text.dma_channel_get_default_config
                0x1000b0c4       0x74 CMakeFiles/NetworkPico.dir/C_/Users/yoshi/.pico-sdk/sdk/2.0.0/src/rp2_common/pico_cyw43_driver/cyw43_bus_pio_spi.c.obj
 .text.channel_config_set_dreq
                0x1000b138       0x30 CMakeFiles/NetworkPico.dir/C_/Users/yoshi/.pico-sdk/sdk/2.0.0/src/rp2_common/pico_cyw43_driver/cyw43_bus_pio_spi.c.obj
 .text.start_spi_comms
                0x1000b168       0x2c CMakeFiles/NetworkPico.dir/C_/Users/yoshi/.pico-sdk/sdk/2.0.0/src/rp2_common/pico_cyw43_driver/cyw43_bus_pio_spi.c.obj
 .text.ns_delay
                0x1000b194       0x20 CMakeFiles/NetworkPico.dir/C_/Users/yoshi/.pico-sdk/sdk/2.0.0/src/rp2_common/pico_cyw43_driver/cyw43_bus_pio_spi.c.obj
 .text.stop_spi_comms
                0x1000b1b4       0x10 CMakeFiles/NetworkPico.dir/C_/Users/yoshi/.pico-sdk/sdk/2.0.0/src/rp2_common/pico_cyw43_driver/cyw43_bus_pio_spi.c.obj
 .text.cyw43_spi_deinit
                0x1000b1c4       0x74 CMakeFiles/NetworkPico.dir/C_/Users/yoshi/.pico-sdk/sdk/2.0.0/src/rp2_common/pico_cyw43_driver/cyw43_bus_pio_spi.c.obj
                0x1000b1c4                cyw43_spi_deinit
 .text.cyw43_spi_init
                0x1000b238      0x23c CMakeFiles/NetworkPico.dir/C_/Users/yoshi/.pico-sdk/sdk/2.0.0/src/rp2_common/pico_cyw43_driver/cyw43_bus_pio_spi.c.obj
                0x1000b238                cyw43_spi_init
 .text.cyw43_spi_transfer
                0x1000b474      0x568 CMakeFiles/NetworkPico.dir/C_/Users/yoshi/.pico-sdk/sdk/2.0.0/src/rp2_common/pico_cyw43_driver/cyw43_bus_pio_spi.c.obj
                0x1000b474                cyw43_spi_transfer
 .text._cyw43_read_reg
                0x1000b9dc       0x50 CMakeFiles/NetworkPico.dir/C_/Users/yoshi/.pico-sdk/sdk/2.0.0/src/rp2_common/pico_cyw43_driver/cyw43_bus_pio_spi.c.obj
 .text._cyw43_write_reg
                0x1000ba2c       0x58 CMakeFiles/NetworkPico.dir/C_/Users/yoshi/.pico-sdk/sdk/2.0.0/src/rp2_common/pico_cyw43_driver/cyw43_bus_pio_spi.c.obj
 .text.cyw43_spi_gpio_setup
                0x1000ba84       0x3a CMakeFiles/NetworkPico.dir/C_/Users/yoshi/.pico-sdk/sdk/2.0.0/src/rp2_common/pico_cyw43_driver/cyw43_bus_pio_spi.c.obj
                0x1000ba84                cyw43_spi_gpio_setup
 .text.cyw43_spi_reset
                0x1000babe       0x28 CMakeFiles/NetworkPico.dir/C_/Users/yoshi/.pico-sdk/sdk/2.0.0/src/rp2_common/pico_cyw43_driver/cyw43_bus_pio_spi.c.obj
                0x1000babe                cyw43_spi_reset
 *fill*         0x1000bae6        0x2 
 .text.read_reg_u32_swap
                0x1000bae8       0x68 CMakeFiles/NetworkPico.dir/C_/Users/yoshi/.pico-sdk/sdk/2.0.0/src/rp2_common/pico_cyw43_driver/cyw43_bus_pio_spi.c.obj
                0x1000bae8                read_reg_u32_swap
 .text.cyw43_read_reg_u32
                0x1000bb50        0xa CMakeFiles/NetworkPico.dir/C_/Users/yoshi/.pico-sdk/sdk/2.0.0/src/rp2_common/pico_cyw43_driver/cyw43_bus_pio_spi.c.obj
                0x1000bb50                cyw43_read_reg_u32
 .text.cyw43_read_reg_u16
                0x1000bb5a        0xa CMakeFiles/NetworkPico.dir/C_/Users/yoshi/.pico-sdk/sdk/2.0.0/src/rp2_common/pico_cyw43_driver/cyw43_bus_pio_spi.c.obj
                0x1000bb5a                cyw43_read_reg_u16
 .text.cyw43_read_reg_u8
                0x1000bb64        0xa CMakeFiles/NetworkPico.dir/C_/Users/yoshi/.pico-sdk/sdk/2.0.0/src/rp2_common/pico_cyw43_driver/cyw43_bus_pio_spi.c.obj
                0x1000bb64                cyw43_read_reg_u8
 *fill*         0x1000bb6e        0x2 
 .text.write_reg_u32_swap
                0x1000bb70       0x34 CMakeFiles/NetworkPico.dir/C_/Users/yoshi/.pico-sdk/sdk/2.0.0/src/rp2_common/pico_cyw43_driver/cyw43_bus_pio_spi.c.obj
                0x1000bb70                write_reg_u32_swap
 .text.cyw43_write_reg_u32
                0x1000bba4       0x10 CMakeFiles/NetworkPico.dir/C_/Users/yoshi/.pico-sdk/sdk/2.0.0/src/rp2_common/pico_cyw43_driver/cyw43_bus_pio_spi.c.obj
                0x1000bba4                cyw43_write_reg_u32
 .text.cyw43_write_reg_u16
                0x1000bbb4       0x10 CMakeFiles/NetworkPico.dir/C_/Users/yoshi/.pico-sdk/sdk/2.0.0/src/rp2_common/pico_cyw43_driver/cyw43_bus_pio_spi.c.obj
                0x1000bbb4                cyw43_write_reg_u16
 .text.cyw43_write_reg_u8
                0x1000bbc4       0x10 CMakeFiles/NetworkPico.dir/C_/Users/yoshi/.pico-sdk/sdk/2.0.0/src/rp2_common/pico_cyw43_driver/cyw43_bus_pio_spi.c.obj
                0x1000bbc4                cyw43_write_reg_u8
 .text.cyw43_read_bytes
                0x1000bbd4      0x100 CMakeFiles/NetworkPico.dir/C_/Users/yoshi/.pico-sdk/sdk/2.0.0/src/rp2_common/pico_cyw43_driver/cyw43_bus_pio_spi.c.obj
                0x1000bbd4                cyw43_read_bytes
 .text.cyw43_write_bytes
                0x1000bcd4      0x124 CMakeFiles/NetworkPico.dir/C_/Users/yoshi/.pico-sdk/sdk/2.0.0/src/rp2_common/pico_cyw43_driver/cyw43_bus_pio_spi.c.obj
                0x1000bcd4                cyw43_write_bytes
 .text.get_core_address
                0x1000bdf8       0x1c CMakeFiles/NetworkPico.dir/C_/Users/yoshi/.pico-sdk/sdk/2.0.0/lib/cyw43-driver/src/cyw43_ll.c.obj
 .text.sdpcm_process_rx_packet
                0x1000be14      0x180 CMakeFiles/NetworkPico.dir/C_/Users/yoshi/.pico-sdk/sdk/2.0.0/lib/cyw43-driver/src/cyw43_ll.c.obj
 .text.cyw43_ll_wifi_parse_scan_result
                0x1000bf94       0x9c CMakeFiles/NetworkPico.dir/C_/Users/yoshi/.pico-sdk/sdk/2.0.0/lib/cyw43-driver/src/cyw43_ll.c.obj
 .text.cyw43_ll_parse_async_event
                0x1000c030       0x8a CMakeFiles/NetworkPico.dir/C_/Users/yoshi/.pico-sdk/sdk/2.0.0/lib/cyw43-driver/src/cyw43_ll.c.obj
 *fill*         0x1000c0ba        0x2 
 .text.cyw43_kso_set
                0x1000c0bc       0x98 CMakeFiles/NetworkPico.dir/C_/Users/yoshi/.pico-sdk/sdk/2.0.0/lib/cyw43-driver/src/cyw43_ll.c.obj
 .text.cyw43_ll_bus_sleep_helper
                0x1000c154        0xe CMakeFiles/NetworkPico.dir/C_/Users/yoshi/.pico-sdk/sdk/2.0.0/lib/cyw43-driver/src/cyw43_ll.c.obj
 *fill*         0x1000c162        0x2 
 .text.cyw43_read_reg
                0x1000c164       0x48 CMakeFiles/NetworkPico.dir/C_/Users/yoshi/.pico-sdk/sdk/2.0.0/lib/cyw43-driver/src/cyw43_ll.c.obj
 .text.cyw43_write_reg
                0x1000c1ac       0x4c CMakeFiles/NetworkPico.dir/C_/Users/yoshi/.pico-sdk/sdk/2.0.0/lib/cyw43-driver/src/cyw43_ll.c.obj
 .text.cyw43_set_backplane_window
                0x1000c1f8       0x78 CMakeFiles/NetworkPico.dir/C_/Users/yoshi/.pico-sdk/sdk/2.0.0/lib/cyw43-driver/src/cyw43_ll.c.obj
 .text.cyw43_read_backplane
                0x1000c270       0x30 CMakeFiles/NetworkPico.dir/C_/Users/yoshi/.pico-sdk/sdk/2.0.0/lib/cyw43-driver/src/cyw43_ll.c.obj
 .text.disable_device_core
                0x1000c2a0       0x3c CMakeFiles/NetworkPico.dir/C_/Users/yoshi/.pico-sdk/sdk/2.0.0/lib/cyw43-driver/src/cyw43_ll.c.obj
 .text.device_core_is_up
                0x1000c2dc       0x4c CMakeFiles/NetworkPico.dir/C_/Users/yoshi/.pico-sdk/sdk/2.0.0/lib/cyw43-driver/src/cyw43_ll.c.obj
 .text.cyw43_download_resource
                0x1000c328       0xac CMakeFiles/NetworkPico.dir/C_/Users/yoshi/.pico-sdk/sdk/2.0.0/lib/cyw43-driver/src/cyw43_ll.c.obj
 .text.cyw43_write_backplane
                0x1000c3d4       0x34 CMakeFiles/NetworkPico.dir/C_/Users/yoshi/.pico-sdk/sdk/2.0.0/lib/cyw43-driver/src/cyw43_ll.c.obj
 .text.reset_device_core
                0x1000c408       0x74 CMakeFiles/NetworkPico.dir/C_/Users/yoshi/.pico-sdk/sdk/2.0.0/lib/cyw43-driver/src/cyw43_ll.c.obj
 .text.cyw43_check_valid_chipset_firmware
                0x1000c47c       0x7c CMakeFiles/NetworkPico.dir/C_/Users/yoshi/.pico-sdk/sdk/2.0.0/lib/cyw43-driver/src/cyw43_ll.c.obj
 .text.cyw43_ll_init
                0x1000c4f8       0x20 CMakeFiles/NetworkPico.dir/C_/Users/yoshi/.pico-sdk/sdk/2.0.0/lib/cyw43-driver/src/cyw43_ll.c.obj
                0x1000c4f8                cyw43_ll_init
 .text.cyw43_ll_deinit
                0x1000c518        0x8 CMakeFiles/NetworkPico.dir/C_/Users/yoshi/.pico-sdk/sdk/2.0.0/lib/cyw43-driver/src/cyw43_ll.c.obj
                0x1000c518                cyw43_ll_deinit
 .text.cyw43_ll_bus_sleep
                0x1000c520       0x34 CMakeFiles/NetworkPico.dir/C_/Users/yoshi/.pico-sdk/sdk/2.0.0/lib/cyw43-driver/src/cyw43_ll.c.obj
                0x1000c520                cyw43_ll_bus_sleep
 .text.cyw43_ll_sdpcm_poll_device
                0x1000c554      0x158 CMakeFiles/NetworkPico.dir/C_/Users/yoshi/.pico-sdk/sdk/2.0.0/lib/cyw43-driver/src/cyw43_ll.c.obj
 .text.cyw43_ll_process_packets
                0x1000c6ac       0x5c CMakeFiles/NetworkPico.dir/C_/Users/yoshi/.pico-sdk/sdk/2.0.0/lib/cyw43-driver/src/cyw43_ll.c.obj
                0x1000c6ac                cyw43_ll_process_packets
 .text.cyw43_sdpcm_send_common
                0x1000c708      0x114 CMakeFiles/NetworkPico.dir/C_/Users/yoshi/.pico-sdk/sdk/2.0.0/lib/cyw43-driver/src/cyw43_ll.c.obj
 .text.cyw43_ll_send_ethernet
                0x1000c81c       0x5e CMakeFiles/NetworkPico.dir/C_/Users/yoshi/.pico-sdk/sdk/2.0.0/lib/cyw43-driver/src/cyw43_ll.c.obj
                0x1000c81c                cyw43_ll_send_ethernet
 .text.cyw43_send_ioctl
                0x1000c87a       0x56 CMakeFiles/NetworkPico.dir/C_/Users/yoshi/.pico-sdk/sdk/2.0.0/lib/cyw43-driver/src/cyw43_ll.c.obj
 .text.cyw43_do_ioctl
                0x1000c8d0       0xc4 CMakeFiles/NetworkPico.dir/C_/Users/yoshi/.pico-sdk/sdk/2.0.0/lib/cyw43-driver/src/cyw43_ll.c.obj
 .text.cyw43_ll_ioctl
                0x1000c994       0x1e CMakeFiles/NetworkPico.dir/C_/Users/yoshi/.pico-sdk/sdk/2.0.0/lib/cyw43-driver/src/cyw43_ll.c.obj
                0x1000c994                cyw43_ll_ioctl
 *fill*         0x1000c9b2        0x2 
 .text.cyw43_clm_load
                0x1000c9b4       0xdc CMakeFiles/NetworkPico.dir/C_/Users/yoshi/.pico-sdk/sdk/2.0.0/lib/cyw43-driver/src/cyw43_ll.c.obj
 .text.cyw43_write_iovar_u32
                0x1000ca90       0x60 CMakeFiles/NetworkPico.dir/C_/Users/yoshi/.pico-sdk/sdk/2.0.0/lib/cyw43-driver/src/cyw43_ll.c.obj
 .text.cyw43_write_iovar_n
                0x1000caf0       0x50 CMakeFiles/NetworkPico.dir/C_/Users/yoshi/.pico-sdk/sdk/2.0.0/lib/cyw43-driver/src/cyw43_ll.c.obj
 .text.cyw43_set_ioctl_u32
                0x1000cb40       0x30 CMakeFiles/NetworkPico.dir/C_/Users/yoshi/.pico-sdk/sdk/2.0.0/lib/cyw43-driver/src/cyw43_ll.c.obj
 .text.cyw43_write_iovar_u32_u32
                0x1000cb70       0x74 CMakeFiles/NetworkPico.dir/C_/Users/yoshi/.pico-sdk/sdk/2.0.0/lib/cyw43-driver/src/cyw43_ll.c.obj
 .text.cyw43_ll_wifi_on
                0x1000cbe4      0x1a8 CMakeFiles/NetworkPico.dir/C_/Users/yoshi/.pico-sdk/sdk/2.0.0/lib/cyw43-driver/src/cyw43_ll.c.obj
                0x1000cbe4                cyw43_ll_wifi_on
 .text.cyw43_ll_wifi_get_mac
                0x1000cd8c       0x44 CMakeFiles/NetworkPico.dir/C_/Users/yoshi/.pico-sdk/sdk/2.0.0/lib/cyw43-driver/src/cyw43_ll.c.obj
                0x1000cd8c                cyw43_ll_wifi_get_mac
 .text.cyw43_ll_bus_init
                0x1000cdd0      0x370 CMakeFiles/NetworkPico.dir/C_/Users/yoshi/.pico-sdk/sdk/2.0.0/lib/cyw43-driver/src/cyw43_ll.c.obj
                0x1000cdd0                cyw43_ll_bus_init
 .text.cyw43_ll_wifi_pm
                0x1000d140       0xcc CMakeFiles/NetworkPico.dir/C_/Users/yoshi/.pico-sdk/sdk/2.0.0/lib/cyw43-driver/src/cyw43_ll.c.obj
                0x1000d140                cyw43_ll_wifi_pm
 .text.cyw43_ll_wifi_join
                0x1000d20c      0x310 CMakeFiles/NetworkPico.dir/C_/Users/yoshi/.pico-sdk/sdk/2.0.0/lib/cyw43-driver/src/cyw43_ll.c.obj
                0x1000d20c                cyw43_ll_wifi_join
 .text.cyw43_ll_wifi_set_wpa_auth
                0x1000d51c        0xe CMakeFiles/NetworkPico.dir/C_/Users/yoshi/.pico-sdk/sdk/2.0.0/lib/cyw43-driver/src/cyw43_ll.c.obj
                0x1000d51c                cyw43_ll_wifi_set_wpa_auth
 *fill*         0x1000d52a        0x2 
 .text.cyw43_ll_wifi_rejoin
                0x1000d52c       0x20 CMakeFiles/NetworkPico.dir/C_/Users/yoshi/.pico-sdk/sdk/2.0.0/lib/cyw43-driver/src/cyw43_ll.c.obj
                0x1000d52c                cyw43_ll_wifi_rejoin
 .text.cyw43_ll_wifi_ap_init
                0x1000d54c      0x2bc CMakeFiles/NetworkPico.dir/C_/Users/yoshi/.pico-sdk/sdk/2.0.0/lib/cyw43-driver/src/cyw43_ll.c.obj
                0x1000d54c                cyw43_ll_wifi_ap_init
 .text.cyw43_ll_wifi_ap_set_up
                0x1000d808       0x20 CMakeFiles/NetworkPico.dir/C_/Users/yoshi/.pico-sdk/sdk/2.0.0/lib/cyw43-driver/src/cyw43_ll.c.obj
                0x1000d808                cyw43_ll_wifi_ap_set_up
 .text.cyw43_ll_gpio_set
                0x1000d828       0x30 CMakeFiles/NetworkPico.dir/C_/Users/yoshi/.pico-sdk/sdk/2.0.0/lib/cyw43-driver/src/cyw43_ll.c.obj
                0x1000d828                cyw43_ll_gpio_set
 .text.cyw43_ll_has_work
                0x1000d858       0x12 CMakeFiles/NetworkPico.dir/C_/Users/yoshi/.pico-sdk/sdk/2.0.0/lib/cyw43-driver/src/cyw43_ll.c.obj
                0x1000d858                cyw43_ll_has_work
 *fill*         0x1000d86a        0x2 
 .text.cyw43_netif_init
                0x1000d86c       0x3c CMakeFiles/NetworkPico.dir/C_/Users/yoshi/.pico-sdk/sdk/2.0.0/lib/cyw43-driver/src/cyw43_lwip.c.obj
 .text.cyw43_netif_output
                0x1000d8a8       0x38 CMakeFiles/NetworkPico.dir/C_/Users/yoshi/.pico-sdk/sdk/2.0.0/lib/cyw43-driver/src/cyw43_lwip.c.obj
 .text.cyw43_cb_tcpip_init
                0x1000d8e0       0xc4 CMakeFiles/NetworkPico.dir/C_/Users/yoshi/.pico-sdk/sdk/2.0.0/lib/cyw43-driver/src/cyw43_lwip.c.obj
                0x1000d8e0                cyw43_cb_tcpip_init
 .text.cyw43_cb_tcpip_deinit
                0x1000d9a4       0x44 CMakeFiles/NetworkPico.dir/C_/Users/yoshi/.pico-sdk/sdk/2.0.0/lib/cyw43-driver/src/cyw43_lwip.c.obj
                0x1000d9a4                cyw43_cb_tcpip_deinit
 .text.cyw43_cb_process_ethernet
                0x1000d9e8       0x74 CMakeFiles/NetworkPico.dir/C_/Users/yoshi/.pico-sdk/sdk/2.0.0/lib/cyw43-driver/src/cyw43_lwip.c.obj
                0x1000d9e8                cyw43_cb_process_ethernet
 .text.cyw43_cb_tcpip_set_link_up
                0x1000da5c       0x16 CMakeFiles/NetworkPico.dir/C_/Users/yoshi/.pico-sdk/sdk/2.0.0/lib/cyw43-driver/src/cyw43_lwip.c.obj
                0x1000da5c                cyw43_cb_tcpip_set_link_up
 .text.cyw43_cb_tcpip_set_link_down
                0x1000da72       0x16 CMakeFiles/NetworkPico.dir/C_/Users/yoshi/.pico-sdk/sdk/2.0.0/lib/cyw43-driver/src/cyw43_lwip.c.obj
                0x1000da72                cyw43_cb_tcpip_set_link_down
 .text.cyw43_tcpip_link_status
                0x1000da88       0x3c CMakeFiles/NetworkPico.dir/C_/Users/yoshi/.pico-sdk/sdk/2.0.0/lib/cyw43-driver/src/cyw43_lwip.c.obj
                0x1000da88                cyw43_tcpip_link_status
 .text.cyw43_poll_func
                0x1000dac4       0xac CMakeFiles/NetworkPico.dir/C_/Users/yoshi/.pico-sdk/sdk/2.0.0/lib/cyw43-driver/src/cyw43_ctrl.c.obj
 .text.cyw43_hal_ticks_ms
                0x1000db70       0x20 CMakeFiles/NetworkPico.dir/C_/Users/yoshi/.pico-sdk/sdk/2.0.0/lib/cyw43-driver/src/cyw43_ctrl.c.obj
 .text.cyw43_dump_async_event
                0x1000db90       0x58 CMakeFiles/NetworkPico.dir/C_/Users/yoshi/.pico-sdk/sdk/2.0.0/lib/cyw43-driver/src/cyw43_ctrl.c.obj
 .text.cyw43_ensure_up
                0x1000dbe8       0xec CMakeFiles/NetworkPico.dir/C_/Users/yoshi/.pico-sdk/sdk/2.0.0/lib/cyw43-driver/src/cyw43_ctrl.c.obj
 .text.cyw43_wifi_on
                0x1000dcd4       0x2c CMakeFiles/NetworkPico.dir/C_/Users/yoshi/.pico-sdk/sdk/2.0.0/lib/cyw43-driver/src/cyw43_ctrl.c.obj
 .text.cyw43_wifi_ap_init
                0x1000dd00       0x5c CMakeFiles/NetworkPico.dir/C_/Users/yoshi/.pico-sdk/sdk/2.0.0/lib/cyw43-driver/src/cyw43_ctrl.c.obj
 .text.cyw43_wifi_ap_set_up
                0x1000dd5c       0x28 CMakeFiles/NetworkPico.dir/C_/Users/yoshi/.pico-sdk/sdk/2.0.0/lib/cyw43-driver/src/cyw43_ctrl.c.obj
 .text.cyw43_init
                0x1000dd84       0x8c CMakeFiles/NetworkPico.dir/C_/Users/yoshi/.pico-sdk/sdk/2.0.0/lib/cyw43-driver/src/cyw43_ctrl.c.obj
                0x1000dd84                cyw43_init
 .text.cyw43_deinit
                0x1000de10       0x3c CMakeFiles/NetworkPico.dir/C_/Users/yoshi/.pico-sdk/sdk/2.0.0/lib/cyw43-driver/src/cyw43_ctrl.c.obj
                0x1000de10                cyw43_deinit
 .text.cyw43_cb_read_host_interrupt_pin
                0x1000de4c        0xe CMakeFiles/NetworkPico.dir/C_/Users/yoshi/.pico-sdk/sdk/2.0.0/lib/cyw43-driver/src/cyw43_ctrl.c.obj
                0x1000de4c                cyw43_cb_read_host_interrupt_pin
 *fill*         0x1000de5a        0x2 
 .text.cyw43_cb_ensure_awake
                0x1000de5c        0xc CMakeFiles/NetworkPico.dir/C_/Users/yoshi/.pico-sdk/sdk/2.0.0/lib/cyw43-driver/src/cyw43_ctrl.c.obj
                0x1000de5c                cyw43_cb_ensure_awake
 .text.cyw43_cb_process_async_event
                0x1000de68      0x1ac CMakeFiles/NetworkPico.dir/C_/Users/yoshi/.pico-sdk/sdk/2.0.0/lib/cyw43-driver/src/cyw43_ctrl.c.obj
                0x1000de68                cyw43_cb_process_async_event
 .text.cyw43_send_ethernet
                0x1000e014       0x3e CMakeFiles/NetworkPico.dir/C_/Users/yoshi/.pico-sdk/sdk/2.0.0/lib/cyw43-driver/src/cyw43_ctrl.c.obj