Archive member included to satisfy reference by file (symbol)

C:/Users/yoshi/.pico-sdk/toolchain/13_2_Rel1/bin/../lib/gcc/arm-none-eabi/13.2.1/thumb/v6-m/nofp\libgcc.a(_dvmd_tls.o)
                              CMakeFiles/NetworkPico.dir/C_/Users/yoshi/.pico-sdk/sdk/2.0.0/src/rp2_common/pico_divider/divider_hardware.S.obj (__aeabi_idiv0)
C:/Users/yoshi/.pico-sdk/toolchain/13_2_Rel1/bin/../lib/gcc/arm-none-eabi/13.2.1/thumb/v6-m/nofp\libg.a(libc_a-atoi.o)
                              CMakeFiles/NetworkPico.dir/C_/Users/yoshi/.pico-sdk/sdk/2.0.0/lib/lwip/src/core/netif.c.obj (atoi)
C:/Users/yoshi/.pico-sdk/toolchain/13_2_Rel1/bin/../lib/gcc/arm-none-eabi/13.2.1/thumb/v6-m/nofp\libg.a(libc_a-calloc.o)
                              CMakeFiles/NetworkPico.dir/C_/Users/yoshi/.pico-sdk/sdk/2.0.0/src/rp2_common/pico_malloc/malloc.c.obj (calloc)
C:/Users/yoshi/.pico-sdk/toolchain/13_2_Rel1/bin/../lib/gcc/arm-none-eabi/13.2.1/thumb/v6-m/nofp\libg.a(libc_a-callocr.o)
                              C:/Users/yoshi/.pico-sdk/toolchain/13_2_Rel1/bin/../lib/gcc/arm-none-eabi/13.2.1/thumb/v6-m/nofp\libg.a(libc_a-calloc.o) (_calloc_r)
C:/Users/yoshi/.pico-sdk/toolchain/13_2_Rel1/bin/../lib/gcc/arm-none-eabi/13.2.1/thumb/v6-m/nofp\libg.a(libc_a-malloc.o)
                              CMakeFiles/NetworkPico.dir/C_/Users/yoshi/.pico-sdk/sdk/2.0.0/src/rp2_common/pico_malloc/malloc.c.obj (malloc)
C:/Users/yoshi/.pico-sdk/toolchain/13_2_Rel1/bin/../lib/gcc/arm-none-eabi/13.2.1/thumb/v6-m/nofp\libg.a(libc_a-mallocr.o)
                              C:/Users/yoshi/.pico-sdk/toolchain/13_2_Rel1/bin/../lib/gcc/arm-none-eabi/13.2.1/thumb/v6-m/nofp\libg.a(libc_a-callocr.o) (_malloc_r)
C:/Users/yoshi/.pico-sdk/toolchain/13_2_Rel1/bin/../lib/gcc/arm-none-eabi/13.2.1/thumb/v6-m/nofp\libg.a(libc_a-mlock.o)
                              C:/Users/yoshi/.pico-sdk/toolchain/13_2_Rel1/bin/../lib/gcc/arm-none-eabi/13.2.1/thumb/v6-m/nofp\libg.a(libc_a-mallocr.o) (__malloc_lock)
C:/Users/yoshi/.pico-sdk/toolchain/13_2_Rel1/bin/../lib/gcc/arm-none-eabi/13.2.1/thumb/v6-m/nofp\libg.a(libc_a-realloc.o)
                              CMakeFiles/NetworkPico.dir/C_/Users/yoshi/.pico-sdk/sdk/2.0.0/src/rp2_common/pico_malloc/malloc.c.obj (realloc)
C:/Users/yoshi/.pico-sdk/toolchain/13_2_Rel1/bin/../lib/gcc/arm-none-eabi/13.2.1/thumb/v6-m/nofp\libg.a(libc_a-reallocr.o)
                              C:/Users/yoshi/.pico-sdk/toolchain/13_2_Rel1/bin/../lib/gcc/arm-none-eabi/13.2.1/thumb/v6-m/nofp\libg.a(libc_a-realloc.o) (_realloc_r)
C:/Users/yoshi/.pico-sdk/toolchain/13_2_Rel1/bin/../lib/gcc/arm-none-eabi/13.2.1/thumb/v6-m/nofp\libg.a(libc_a-strtol.o)
                              C:/Users/yoshi/.pico-sdk/toolchain/13_2_Rel1/bin/../lib/gcc/arm-none-eabi/13.2.1/thumb/v6-m/nofp\libg.a(libc_a-atoi.o) (_strtol_r)
C:/Users/yoshi/.pico-sdk/toolchain/13_2_Rel1/bin/../lib/gcc/arm-none-eabi/13.2.1/thumb/v6-m/nofp\libg.a(libc_a-ctype_.o)
                              CMakeFiles/NetworkPico.dir/C_/Users/yoshi/.pico-sdk/sdk/2.0.0/lib/lwip/src/core/dns.c.obj (_ctype_)
C:/Users/yoshi/.pico-sdk/toolchain/13_2_Rel1/bin/../lib/gcc/arm-none-eabi/13.2.1/thumb/v6-m/nofp\libg.a(libc_a-memcmp.o)
                              CMakeFiles/NetworkPico.dir/C_/Users/yoshi/.pico-sdk/sdk/2.0.0/lib/lwip/src/netif/ethernet.c.obj (memcmp)
C:/Users/yoshi/.pico-sdk/toolchain/13_2_Rel1/bin/../lib/gcc/arm-none-eabi/13.2.1/thumb/v6-m/nofp\libg.a(libc_a-memmove.o)
                              CMakeFiles/NetworkPico.dir/C_/Users/yoshi/.pico-sdk/sdk/2.0.0/lib/lwip/src/core/def.c.obj (memmove)
C:/Users/yoshi/.pico-sdk/toolchain/13_2_Rel1/bin/../lib/gcc/arm-none-eabi/13.2.1/thumb/v6-m/nofp\libg.a(libc_a-strncmp.o)
                              CMakeFiles/NetworkPico.dir/C_/Users/yoshi/.pico-sdk/sdk/2.0.0/lib/lwip/src/core/def.c.obj (strncmp)
C:/Users/yoshi/.pico-sdk/toolchain/13_2_Rel1/bin/../lib/gcc/arm-none-eabi/13.2.1/thumb/v6-m/nofp\libg.a(libc_a-lcltime_r.o)
                              CMakeFiles/NetworkPico.dir/C_/Users/yoshi/.pico-sdk/sdk/2.0.0/src/common/pico_util/datetime.c.obj (localtime_r)
C:/Users/yoshi/.pico-sdk/toolchain/13_2_Rel1/bin/../lib/gcc/arm-none-eabi/13.2.1/thumb/v6-m/nofp\libg.a(libc_a-mktime.o)
                              CMakeFiles/NetworkPico.dir/C_/Users/yoshi/.pico-sdk/sdk/2.0.0/src/common/pico_util/datetime.c.obj (mktime)
C:/Users/yoshi/.pico-sdk/toolchain/13_2_Rel1/bin/../lib/gcc/arm-none-eabi/13.2.1/thumb/v6-m/nofp\libg.a(libc_a-month_lengths.o)
                              C:/Users/yoshi/.pico-sdk/toolchain/13_2_Rel1/bin/../lib/gcc/arm-none-eabi/13.2.1/thumb/v6-m/nofp\libg.a(libc_a-lcltime_r.o) (__month_lengths)
C:/Users/yoshi/.pico-sdk/toolchain/13_2_Rel1/bin/../lib/gcc/arm-none-eabi/13.2.1/thumb/v6-m/nofp\libg.a(libc_a-tzcalc_limits.o)
                              C:/Users/yoshi/.pico-sdk/toolchain/13_2_Rel1/bin/../lib/gcc/arm-none-eabi/13.2.1/thumb/v6-m/nofp\libg.a(libc_a-lcltime_r.o) (__tzcalc_limits)
[...]
Memory Configuration

Name             Origin             Length             Attributes
FLASH            0x10000000         0x00200000         xr
RAM              0x20000000         0x00040000         xrw
SCRATCH_X        0x20040000         0x00001000         xrw
SCRATCH_Y        0x20041000         0x00001000         xrw
*default*        0x00000000         0xffffffff

Linker script and memory map

LOAD C:/Users/yoshi/.pico-sdk/toolchain/13_2_Rel1/bin/../lib/gcc/arm-none-eabi/13.2.1/thumb/v6-m/nofp/crti.o
LOAD C:/Users/yoshi/.pico-sdk/toolchain/13_2_Rel1/bin/../lib/gcc/arm-none-eabi/13.2.1/thumb/v6-m/nofp/crtbegin.o
LOAD C:/Users/yoshi/.pico-sdk/toolchain/13_2_Rel1/bin/../lib/gcc/arm-none-eabi/13.2.1/thumb/v6-m/nofp/crt0.o

.flash_begin    0x10000000        0x0
                0x10000000                        __flash_binary_start = .

.boot2          0x10000000      0x100
                0x10000000                        __boot2_start__ = .
 *(.boot2)
 .boot2         0x10000000      0x100 C:\Users\yoshi\AppData\Local\Temp\ccqfvOec.o
                0x10000100                        __boot2_end__ = .
                0x00000001                        ASSERT (((__boot2_end__ - __boot2_start__) == 0x100), ERROR: Pico second stage bootloader must be 256 bytes in size)

.text           0x10000100    0x14a6c
                0x10000100                        __logical_binary_start = .
 *(.vectors)
 .vectors       0x10000100       0xd4 CMakeFiles/NetworkPico.dir/C_/Users/yoshi/.pico-sdk/sdk/2.0.0/src/rp2_common/pico_crt0/crt0.S.obj
                0x10000100                __VECTOR_TABLE
                0x10000100                __vectors
                0x100001c0                isr_invalid
                0x100001c0                __default_isrs_start
                0x100001c2                isr_nmi
                0x100001c4                isr_hardfault
                0x100001c6                isr_svcall
                0x100001c8                isr_pendsv
                0x100001ca                isr_systick
                0x100001cc                isr_irq23
                0x100001cc                isr_irq18
                0x100001cc                isr_irq11
                0x100001cc                isr_irq28
                0x100001cc                isr_irq19
                0x100001cc                isr_irq0
                0x100001cc                isr_irq6
                0x100001cc                isr_irq5
                0x100001cc                isr_irq12
                0x100001cc                isr_irq22
                0x100001cc                isr_irq31
                0x100001cc                isr_irq17
                0x100001cc                isr_irq27
                0x100001cc                isr_irq30
                0x100001cc                isr_irq2
                0x100001cc                isr_irq10
                0x100001cc                isr_irq8
                0x100001cc                isr_irq24
                0x100001cc                isr_irq1
                0x100001cc                isr_irq7
                0x100001cc                isr_irq21
                0x100001cc                isr_irq20
                0x100001cc                isr_irq15
                0x100001cc                isr_irq25
                0x100001cc                isr_irq13
                0x100001cc                __unhandled_user_irq
                0x100001cc                isr_irq4
                0x100001cc                isr_irq16
                0x100001cc                isr_irq29
                0x100001cc                isr_irq26
                0x100001cc                __default_isrs_end
                0x100001cc                isr_irq3
                0x100001cc                isr_irq14
                0x100001cc                isr_irq9
                0x100001d2                unhandled_user_irq_num_in_r0
 *(.binary_info_header)
 .binary_info_header
                0x100001d4       0x14 CMakeFiles/NetworkPico.dir/C_/Users/yoshi/.pico-sdk/sdk/2.0.0/src/rp2_common/pico_crt0/crt0.S.obj
                0x100001e8                        __binary_info_header_end = .
 *(.embedded_block)
                0x100001e8                        __embedded_block_end = .
 *(.reset)
 .reset         0x100001e8       0x9c CMakeFiles/NetworkPico.dir/C_/Users/yoshi/.pico-sdk/sdk/2.0.0/src/rp2_common/pico_crt0/crt0.S.obj
                0x100001e8                _entry_point
 *(.init)
 .init          0x10000284        0x4 C:/Users/yoshi/.pico-sdk/toolchain/13_2_Rel1/bin/../lib/gcc/arm-none-eabi/13.2.1/thumb/v6-m/nofp/crti.o
                0x10000284                _init
 *(EXCLUDE_FILE(*libm.a: *libc.a:*lib_a-mem*.o *libgcc.a:) .text*)
 .text.register_tm_clones
                0x10000288       0x28 C:/Users/yoshi/.pico-sdk/toolchain/13_2_Rel1/bin/../lib/gcc/arm-none-eabi/13.2.1/thumb/v6-m/nofp/crtbegin.o
 .text.frame_dummy
                0x100002b0       0x24 C:/Users/yoshi/.pico-sdk/toolchain/13_2_Rel1/bin/../lib/gcc/arm-none-eabi/13.2.1/thumb/v6-m/nofp/crtbegin.o
 .text._ZL12on_connectedPvP7tcp_pcba
                0x100002d4       0xb4 CMakeFiles/NetworkPico.dir/http_post.cpp.obj
 .text._ZL7on_recvPvP7tcp_pcbP4pbufa
                0x10000388       0x3c CMakeFiles/NetworkPico.dir/http_post.cpp.obj
 .text._Z19send_data_to_serverff
                0x100003c4       0x88 CMakeFiles/NetworkPico.dir/http_post.cpp.obj
                0x100003c4                send_data_to_server(float, float)
 .text.main     0x1000044c       0x88 CMakeFiles/NetworkPico.dir/http_post.cpp.obj
                0x1000044c                main
 .text.lwip_timeout_reached
                0x100004d4       0x2c CMakeFiles/NetworkPico.dir/C_/Users/yoshi/.pico-sdk/sdk/2.0.0/src/rp2_common/pico_lwip/lwip_nosys.c.obj
 .text.update_next_timeout
                0x10000500       0x88 CMakeFiles/NetworkPico.dir/C_/Users/yoshi/.pico-sdk/sdk/2.0.0/src/rp2_common/pico_lwip/lwip_nosys.c.obj
 .text.lwip_nosys_init
                0x10000588       0x34 CMakeFiles/NetworkPico.dir/C_/Users/yoshi/.pico-sdk/sdk/2.0.0/src/rp2_common/pico_lwip/lwip_nosys.c.obj
                0x10000588                lwip_nosys_init
 .text.lwip_nosys_deinit
                0x100005bc       0x20 CMakeFiles/NetworkPico.dir/C_/Users/yoshi/.pico-sdk/sdk/2.0.0/src/rp2_common/pico_lwip/lwip_nosys.c.obj
                0x100005bc                lwip_nosys_deinit
 .text.sys_arch_protect
                0x100005dc        0x4 CMakeFiles/NetworkPico.dir/C_/Users/yoshi/.pico-sdk/sdk/2.0.0/src/rp2_common/pico_lwip/lwip_nosys.c.obj
                0x100005dc                sys_arch_protect
 .text.sys_arch_unprotect
                0x100005e0        0x2 CMakeFiles/NetworkPico.dir/C_/Users/yoshi/.pico-sdk/sdk/2.0.0/src/rp2_common/pico_lwip/lwip_nosys.c.obj
                0x100005e0                sys_arch_unprotect
 .text.sys_now  0x100005e2       0x20 CMakeFiles/NetworkPico.dir/C_/Users/yoshi/.pico-sdk/sdk/2.0.0/src/rp2_common/pico_lwip/lwip_nosys.c.obj
                0x100005e2                sys_now
 .text.async_context_base_add_at_time_worker
                0x10000602       0x1c CMakeFiles/NetworkPico.dir/C_/Users/yoshi/.pico-sdk/sdk/2.0.0/src/rp2_common/pico_async_context/async_context_base.c.obj
                0x10000602                async_context_base_add_at_time_worker
 .text.async_context_base_remove_at_time_worker
                0x1000061e       0x1c CMakeFiles/NetworkPico.dir/C_/Users/yoshi/.pico-sdk/sdk/2.0.0/src/rp2_common/pico_async_context/async_context_base.c.obj
                0x1000061e                async_context_base_remove_at_time_worker
 .text.async_context_base_add_when_pending_worker
                0x1000063a       0x1c CMakeFiles/NetworkPico.dir/C_/Users/yoshi/.pico-sdk/sdk/2.0.0/src/rp2_common/pico_async_context/async_context_base.c.obj
                0x1000063a                async_context_base_add_when_pending_worker
 .text.async_context_base_remove_when_pending_worker
                0x10000656       0x1c CMakeFiles/NetworkPico.dir/C_/Users/yoshi/.pico-sdk/sdk/2.0.0/src/rp2_common/pico_async_context/async_context_base.c.obj
                0x10000656                async_context_base_remove_when_pending_worker
 *fill*         0x10000672        0x2 
 .text.async_context_base_remove_ready_at_time_worker
                0x10000674       0x7c CMakeFiles/NetworkPico.dir/C_/Users/yoshi/.pico-sdk/sdk/2.0.0/src/rp2_common/pico_async_context/async_context_base.c.obj
                0x10000674                async_context_base_remove_ready_at_time_worker
 .text.async_context_base_refresh_next_timeout
                0x100006f0       0x48 CMakeFiles/NetworkPico.dir/C_/Users/yoshi/.pico-sdk/sdk/2.0.0/src/rp2_common/pico_async_context/async_context_base.c.obj
                0x100006f0                async_context_base_refresh_next_timeout
 .text.async_context_base_execute_once
                0x10000738       0x40 CMakeFiles/NetworkPico.dir/C_/Users/yoshi/.pico-sdk/sdk/2.0.0/src/rp2_common/pico_async_context/async_context_base.c.obj
                0x10000738                async_context_base_execute_once
 .text.rp2040_chip_version
                0x10000778       0x54 CMakeFiles/NetworkPico.dir/C_/Users/yoshi/.pico-sdk/sdk/2.0.0/src/rp2040/pico_platform/platform.c.obj
                0x10000778                rp2040_chip_version
 .text.panic    0x100007cc       0x30 CMakeFiles/NetworkPico.dir/C_/Users/yoshi/.pico-sdk/sdk/2.0.0/src/rp2_common/pico_platform_panic/panic.c.obj
                0x100007cc                panic
 .text.splitmix64
                0x100007fc       0x58 CMakeFiles/NetworkPico.dir/C_/Users/yoshi/.pico-sdk/sdk/2.0.0/src/rp2_common/pico_rand/rand.c.obj
 .text.sdbm_hash64_sram
                0x10000854       0x64 CMakeFiles/NetworkPico.dir/C_/Users/yoshi/.pico-sdk/sdk/2.0.0/src/rp2_common/pico_rand/rand.c.obj
 .text.xoroshiro128ss
                0x100008b8       0xb8 CMakeFiles/NetworkPico.dir/C_/Users/yoshi/.pico-sdk/sdk/2.0.0/src/rp2_common/pico_rand/rand.c.obj
 .text.capture_additional_rosc_samples
                0x10000970      0x170 CMakeFiles/NetworkPico.dir/C_/Users/yoshi/.pico-sdk/sdk/2.0.0/src/rp2_common/pico_rand/rand.c.obj
 .text.initialise_rand
                0x10000ae0       0xbc CMakeFiles/NetworkPico.dir/C_/Users/yoshi/.pico-sdk/sdk/2.0.0/src/rp2_common/pico_rand/rand.c.obj
 .text.get_rand_64
                0x10000b9c       0xfc CMakeFiles/NetworkPico.dir/C_/Users/yoshi/.pico-sdk/sdk/2.0.0/src/rp2_common/pico_rand/rand.c.obj
                0x10000b9c                get_rand_64
 .text.get_rand_32
                0x10000c98        0x8 CMakeFiles/NetworkPico.dir/C_/Users/yoshi/.pico-sdk/sdk/2.0.0/src/rp2_common/pico_rand/rand.c.obj
                0x10000c98                get_rand_32
 .text._retrieve_unique_id_on_boot
                0x10000ca0       0x10 CMakeFiles/NetworkPico.dir/C_/Users/yoshi/.pico-sdk/sdk/2.0.0/src/rp2_common/pico_unique_id/unique_id.c.obj
 .text.pico_get_unique_board_id
                0x10000cb0       0x10 CMakeFiles/NetworkPico.dir/C_/Users/yoshi/.pico-sdk/sdk/2.0.0/src/rp2_common/pico_unique_id/unique_id.c.obj
                0x10000cb0                pico_get_unique_board_id
 .text.pico_get_unique_board_id_string
                0x10000cc0       0x5c CMakeFiles/NetworkPico.dir/C_/Users/yoshi/.pico-sdk/sdk/2.0.0/src/rp2_common/pico_unique_id/unique_id.c.obj
                0x10000cc0                pico_get_unique_board_id_string
 .text.flash_get_unique_id
                0x10000d1c       0x40 CMakeFiles/NetworkPico.dir/C_/Users/yoshi/.pico-sdk/sdk/2.0.0/src/rp2_common/hardware_flash/flash.c.obj
                0x10000d1c                flash_get_unique_id
 .text.hw_claim_lock
                0x10000d5c       0x18 CMakeFiles/NetworkPico.dir/C_/Users/yoshi/.pico-sdk/sdk/2.0.0/src/common/hardware_claim/claim.c.obj
                0x10000d5c                hw_claim_lock
 .text.hw_claim_unlock
                0x10000d74       0x14 CMakeFiles/NetworkPico.dir/C_/Users/yoshi/.pico-sdk/sdk/2.0.0/src/common/hardware_claim/claim.c.obj
                0x10000d74                hw_claim_unlock
 .text.hw_claim_or_assert
                0x10000d88       0x32 CMakeFiles/NetworkPico.dir/C_/Users/yoshi/.pico-sdk/sdk/2.0.0/src/common/hardware_claim/claim.c.obj
                0x10000d88                hw_claim_or_assert
 .text.hw_claim_unused_from_range
                0x10000dba       0x50 CMakeFiles/NetworkPico.dir/C_/Users/yoshi/.pico-sdk/sdk/2.0.0/src/common/hardware_claim/claim.c.obj
                0x10000dba                hw_claim_unused_from_range
 *fill*         0x10000e0a        0x2 
 .text.hw_claim_clear
                0x10000e0c       0x40 CMakeFiles/NetworkPico.dir/C_/Users/yoshi/.pico-sdk/sdk/2.0.0/src/common/hardware_claim/claim.c.obj
                0x10000e0c                hw_claim_clear
 .text.next_striped_spin_lock_num
                0x10000e4c       0x1c CMakeFiles/NetworkPico.dir/C_/Users/yoshi/.pico-sdk/sdk/2.0.0/src/rp2_common/hardware_sync/sync.c.obj
                0x10000e4c                next_striped_spin_lock_num
 .text.spin_lock_claim_unused
                0x10000e68       0x24 CMakeFiles/NetworkPico.dir/C_/Users/yoshi/.pico-sdk/sdk/2.0.0/src/rp2_common/hardware_sync/sync.c.obj
                0x10000e68                spin_lock_claim_unused
 .text.spin_locks_reset
                0x10000e8c       0x20 CMakeFiles/NetworkPico.dir/C_/Users/yoshi/.pico-sdk/sdk/2.0.0/src/rp2_common/hardware_sync_spin_lock/sync_spin_lock.c.obj
                0x10000e8c                spin_locks_reset
 .text.rom_func_lookup
                0x10000eac       0x10 CMakeFiles/NetworkPico.dir/C_/Users/yoshi/.pico-sdk/sdk/2.0.0/src/rp2_common/pico_bootrom/bootrom.c.obj
                0x10000eac                rom_func_lookup
 .text.rom_data_lookup
                0x10000ebc       0x10 CMakeFiles/NetworkPico.dir/C_/Users/yoshi/.pico-sdk/sdk/2.0.0/src/rp2_common/pico_bootrom/bootrom.c.obj
                0x10000ebc                rom_data_lookup
 .text.rom_funcs_lookup
                0x10000ecc       0x36 CMakeFiles/NetworkPico.dir/C_/Users/yoshi/.pico-sdk/sdk/2.0.0/src/rp2_common/pico_bootrom/bootrom.c.obj
                0x10000ecc                rom_funcs_lookup
 *fill*         0x10000f02        0x2 
 .text.rom_reset_usb_boot
                0x10000f04       0x18 CMakeFiles/NetworkPico.dir/C_/Users/yoshi/.pico-sdk/sdk/2.0.0/src/rp2_common/pico_bootrom/bootrom.c.obj
                0x10000f04                rom_reset_usb_boot
 .text.clock_configure_internal
                0x10000f1c       0xc4 CMakeFiles/NetworkPico.dir/C_/Users/yoshi/.pico-sdk/sdk/2.0.0/src/rp2_common/hardware_clocks/clocks.c.obj
 .text.clock_configure_int_divider
                0x10000fe0       0x28 CMakeFiles/NetworkPico.dir/C_/Users/yoshi/.pico-sdk/sdk/2.0.0/src/rp2_common/hardware_clocks/clocks.c.obj
                0x10000fe0                clock_configure_int_divider
 .text.clock_configure_undivided
                0x10001008       0x12 CMakeFiles/NetworkPico.dir/C_/Users/yoshi/.pico-sdk/sdk/2.0.0/src/rp2_common/hardware_clocks/clocks.c.obj
                0x10001008                clock_configure_undivided
 *fill*         0x1000101a        0x2 
 .text.clock_get_hz
                0x1000101c        0xc CMakeFiles/NetworkPico.dir/C_/Users/yoshi/.pico-sdk/sdk/2.0.0/src/rp2_common/hardware_clocks/clocks.c.obj
                0x1000101c                clock_get_hz
 .text.gpio_set_function
                0x10001028       0x34 CMakeFiles/NetworkPico.dir/C_/Users/yoshi/.pico-sdk/sdk/2.0.0/src/rp2_common/hardware_gpio/gpio.c.obj
                0x10001028                gpio_set_function
 .text.gpio_set_pulls
                0x1000105c       0x38 CMakeFiles/NetworkPico.dir/C_/Users/yoshi/.pico-sdk/sdk/2.0.0/src/rp2_common/hardware_gpio/gpio.c.obj
                0x1000105c                gpio_set_pulls
 .text.gpio_set_input_hysteresis_enabled
                0x10001094       0x28 CMakeFiles/NetworkPico.dir/C_/Users/yoshi/.pico-sdk/sdk/2.0.0/src/rp2_common/hardware_gpio/gpio.c.obj
                0x10001094                gpio_set_input_hysteresis_enabled
 .text.gpio_add_raw_irq_handler_with_order_priority_masked
                0x100010bc       0x40 CMakeFiles/NetworkPico.dir/C_/Users/yoshi/.pico-sdk/sdk/2.0.0/src/rp2_common/hardware_gpio/gpio.c.obj
                0x100010bc                gpio_add_raw_irq_handler_with_order_priority_masked
 .text.gpio_remove_raw_irq_handler_masked
                0x100010fc       0x48 CMakeFiles/NetworkPico.dir/C_/Users/yoshi/.pico-sdk/sdk/2.0.0/src/rp2_common/hardware_gpio/gpio.c.obj
                0x100010fc                gpio_remove_raw_irq_handler_masked
 .text.gpio_acknowledge_irq
                0x10001144       0x18 CMakeFiles/NetworkPico.dir/C_/Users/yoshi/.pico-sdk/sdk/2.0.0/src/rp2_common/hardware_gpio/gpio.c.obj
                0x10001144                gpio_acknowledge_irq
 .text._gpio_set_irq_enabled
                0x1000115c       0x38 CMakeFiles/NetworkPico.dir/C_/Users/yoshi/.pico-sdk/sdk/2.0.0/src/rp2_common/hardware_gpio/gpio.c.obj
 .text.gpio_set_irq_enabled
                0x10001194       0x64 CMakeFiles/NetworkPico.dir/C_/Users/yoshi/.pico-sdk/sdk/2.0.0/src/rp2_common/hardware_gpio/gpio.c.obj
                0x10001194                gpio_set_irq_enabled
 .text.gpio_init
                0x100011f8       0x16 CMakeFiles/NetworkPico.dir/C_/Users/yoshi/.pico-sdk/sdk/2.0.0/src/rp2_common/hardware_gpio/gpio.c.obj
                0x100011f8                gpio_init
 *fill*         0x1000120e        0x2 
 .text.set_raw_irq_handler_and_unlock
                0x10001210       0x28 CMakeFiles/NetworkPico.dir/C_/Users/yoshi/.pico-sdk/sdk/2.0.0/src/rp2_common/hardware_irq/irq.c.obj
 .text.nvic_ipr0
                0x10001238        0x8 CMakeFiles/NetworkPico.dir/C_/Users/yoshi/.pico-sdk/sdk/2.0.0/src/rp2_common/hardware_irq/irq.c.obj
 .text.runtime_init_per_core_irq_priorities
                0x10001240       0x1c CMakeFiles/NetworkPico.dir/C_/Users/yoshi/.pico-sdk/sdk/2.0.0/src/rp2_common/hardware_irq/irq.c.obj
                0x10001240                runtime_init_per_core_irq_priorities
 .text.get_user_irq_claim_index
                0x1000125c        0x6 CMakeFiles/NetworkPico.dir/C_/Users/yoshi/.pico-sdk/sdk/2.0.0/src/rp2_common/hardware_irq/irq.c.obj
 *fill*         0x10001262        0x2 
 .text.resolve_j_16
                0x10001264       0x30 CMakeFiles/NetworkPico.dir/C_/Users/yoshi/.pico-sdk/sdk/2.0.0/src/rp2_common/hardware_irq/irq.c.obj
 .text.make_j_16
                0x10001294       0x48 CMakeFiles/NetworkPico.dir/C_/Users/yoshi/.pico-sdk/sdk/2.0.0/src/rp2_common/hardware_irq/irq.c.obj
 .text.insert_bl_32
                0x100012dc       0x40 CMakeFiles/NetworkPico.dir/C_/Users/yoshi/.pico-sdk/sdk/2.0.0/src/rp2_common/hardware_irq/irq.c.obj
 .text.irq_is_enabled
                0x1000131c       0x18 CMakeFiles/NetworkPico.dir/C_/Users/yoshi/.pico-sdk/sdk/2.0.0/src/rp2_common/hardware_irq/irq.c.obj
                0x1000131c                irq_is_enabled
 .text.irq_set_mask_n_enabled
                0x10001334       0x1c CMakeFiles/NetworkPico.dir/C_/Users/yoshi/.pico-sdk/sdk/2.0.0/src/rp2_common/hardware_irq/irq.c.obj
                0x10001334                irq_set_mask_n_enabled
 .text.irq_set_enabled
                0x10001350       0x14 CMakeFiles/NetworkPico.dir/C_/Users/yoshi/.pico-sdk/sdk/2.0.0/src/rp2_common/hardware_irq/irq.c.obj
                0x10001350                irq_set_enabled
 .text.irq_set_pending
                0x10001364       0x10 CMakeFiles/NetworkPico.dir/C_/Users/yoshi/.pico-sdk/sdk/2.0.0/src/rp2_common/hardware_irq/irq.c.obj
                0x10001364                irq_set_pending
 .text.irq_get_vtable_handler
                0x10001374       0x10 CMakeFiles/NetworkPico.dir/C_/Users/yoshi/.pico-sdk/sdk/2.0.0/src/rp2_common/hardware_irq/irq.c.obj
                0x10001374                irq_get_vtable_handler
 .text.irq_has_shared_handler
                0x10001384       0x24 CMakeFiles/NetworkPico.dir/C_/Users/yoshi/.pico-sdk/sdk/2.0.0/src/rp2_common/hardware_irq/irq.c.obj
                0x10001384                irq_has_shared_handler
 .text.irq_set_exclusive_handler
                0x100013a8       0x54 CMakeFiles/NetworkPico.dir/C_/Users/yoshi/.pico-sdk/sdk/2.0.0/src/rp2_common/hardware_irq/irq.c.obj
                0x100013a8                irq_set_exclusive_handler
 .text.irq_add_shared_handler
                0x100013fc      0x218 CMakeFiles/NetworkPico.dir/C_/Users/yoshi/.pico-sdk/sdk/2.0.0/src/rp2_common/hardware_irq/irq.c.obj
                0x100013fc                irq_add_shared_handler
 .text.irq_remove_handler
                0x10001614      0x18c CMakeFiles/NetworkPico.dir/C_/Users/yoshi/.pico-sdk/sdk/2.0.0/src/rp2_common/hardware_irq/irq.c.obj
                0x10001614                irq_remove_handler
 .text.irq_set_priority
                0x100017a0       0x26 CMakeFiles/NetworkPico.dir/C_/Users/yoshi/.pico-sdk/sdk/2.0.0/src/rp2_common/hardware_irq/irq.c.obj
                0x100017a0                irq_set_priority
 *fill*         0x100017c6        0x2 
 .text.irq_add_tail_to_free_list
                0x100017c8       0xf4 CMakeFiles/NetworkPico.dir/C_/Users/yoshi/.pico-sdk/sdk/2.0.0/src/rp2_common/hardware_irq/irq.c.obj
                0x100017c8                irq_add_tail_to_free_list
 .text.user_irq_unclaim
                0x100018bc       0x18 CMakeFiles/NetworkPico.dir/C_/Users/yoshi/.pico-sdk/sdk/2.0.0/src/rp2_common/hardware_irq/irq.c.obj
                0x100018bc                user_irq_unclaim
 .text.user_irq_claim_unused
                0x100018d4       0x2c CMakeFiles/NetworkPico.dir/C_/Users/yoshi/.pico-sdk/sdk/2.0.0/src/rp2_common/hardware_irq/irq.c.obj
                0x100018d4                user_irq_claim_unused
 .text.sem_init
                0x10001900       0x1e CMakeFiles/NetworkPico.dir/C_/Users/yoshi/.pico-sdk/sdk/2.0.0/src/common/pico_sync/sem.c.obj
                0x10001900                sem_init
 *fill*         0x1000191e        0x2 
 .text.lock_init
                0x10001920       0x10 CMakeFiles/NetworkPico.dir/C_/Users/yoshi/.pico-sdk/sdk/2.0.0/src/common/pico_sync/lock_core.c.obj
                0x10001920                lock_init
 .text.mutex_init
                0x10001930       0x1a CMakeFiles/NetworkPico.dir/C_/Users/yoshi/.pico-sdk/sdk/2.0.0/src/common/pico_sync/mutex.c.obj
                0x10001930                mutex_init
 .text.recursive_mutex_init
                0x1000194a       0x1e CMakeFiles/NetworkPico.dir/C_/Users/yoshi/.pico-sdk/sdk/2.0.0/src/common/pico_sync/mutex.c.obj
                0x1000194a                recursive_mutex_init
 .text.runtime_init_mutex
                0x10001968       0x4c CMakeFiles/NetworkPico.dir/C_/Users/yoshi/.pico-sdk/sdk/2.0.0/src/common/pico_sync/mutex.c.obj
                0x10001968                runtime_init_mutex
 .text.critical_section_init_with_lock_num
                0x100019b4       0x14 CMakeFiles/NetworkPico.dir/C_/Users/yoshi/.pico-sdk/sdk/2.0.0/src/common/pico_sync/critical_section.c.obj
                0x100019b4                critical_section_init_with_lock_num
 .text.critical_section_init
                0x100019c8       0x14 CMakeFiles/NetworkPico.dir/C_/Users/yoshi/.pico-sdk/sdk/2.0.0/src/common/pico_sync/critical_section.c.obj
                0x100019c8                critical_section_init
 .text.make_alarm_id
                0x100019dc        0x6 CMakeFiles/NetworkPico.dir/C_/Users/yoshi/.pico-sdk/sdk/2.0.0/src/common/pico_time/time.c.obj
 *fill*         0x100019e2        0x2 
 .text.sleep_until_callback
                0x100019e4       0x30 CMakeFiles/NetworkPico.dir/C_/Users/yoshi/.pico-sdk/sdk/2.0.0/src/common/pico_time/time.c.obj
 .text.alarm_pool_irq_handler
                0x10001a14      0x2e0 CMakeFiles/NetworkPico.dir/C_/Users/yoshi/.pico-sdk/sdk/2.0.0/src/common/pico_time/time.c.obj
 .text.ta_enable_irq_handler
                0x10001cf4       0x2c CMakeFiles/NetworkPico.dir/C_/Users/yoshi/.pico-sdk/sdk/2.0.0/src/common/pico_time/time.c.obj
 .text.alarm_pool_post_alloc_init
                0x10001d20       0x78 CMakeFiles/NetworkPico.dir/C_/Users/yoshi/.pico-sdk/sdk/2.0.0/src/common/pico_time/time.c.obj
 .text.alarm_pool_get_default
                0x10001d98       0x2c CMakeFiles/NetworkPico.dir/C_/Users/yoshi/.pico-sdk/sdk/2.0.0/src/common/pico_time/time.c.obj
                0x10001d98                alarm_pool_get_default
 .text.alarm_pool_add_alarm_at_force_in_context
                0x10001dc4       0xa4 CMakeFiles/NetworkPico.dir/C_/Users/yoshi/.pico-sdk/sdk/2.0.0/src/common/pico_time/time.c.obj
                0x10001dc4                alarm_pool_add_alarm_at_force_in_context
 .text.alarm_pool_add_alarm_at
                0x10001e68       0x3c CMakeFiles/NetworkPico.dir/C_/Users/yoshi/.pico-sdk/sdk/2.0.0/src/common/pico_time/time.c.obj
                0x10001e68                alarm_pool_add_alarm_at
 .text.add_alarm_at
                0x10001ea4       0x2e CMakeFiles/NetworkPico.dir/C_/Users/yoshi/.pico-sdk/sdk/2.0.0/src/common/pico_time/time.c.obj
 *fill*         0x10001ed2        0x2 
 .text.alarm_pool_cancel_alarm
                0x10001ed4       0x78 CMakeFiles/NetworkPico.dir/C_/Users/yoshi/.pico-sdk/sdk/2.0.0/src/common/pico_time/time.c.obj
                0x10001ed4                alarm_pool_cancel_alarm
 .text.cancel_alarm
                0x10001f4c       0x10 CMakeFiles/NetworkPico.dir/C_/Users/yoshi/.pico-sdk/sdk/2.0.0/src/common/pico_time/time.c.obj
 .text.alarm_pool_core_num
                0x10001f5c        0x4 CMakeFiles/NetworkPico.dir/C_/Users/yoshi/.pico-sdk/sdk/2.0.0/src/common/pico_time/time.c.obj
                0x10001f5c                alarm_pool_core_num
 .text.sleep_until
                0x10001f60       0xc0 CMakeFiles/NetworkPico.dir/C_/Users/yoshi/.pico-sdk/sdk/2.0.0/src/common/pico_time/time.c.obj
                0x10001f60                sleep_until
 .text.sleep_us
                0x10002020       0x24 CMakeFiles/NetworkPico.dir/C_/Users/yoshi/.pico-sdk/sdk/2.0.0/src/common/pico_time/time.c.obj
                0x10002020                sleep_us
 .text.sleep_ms
                0x10002044       0x14 CMakeFiles/NetworkPico.dir/C_/Users/yoshi/.pico-sdk/sdk/2.0.0/src/common/pico_time/time.c.obj
                0x10002044                sleep_ms
 .text.best_effort_wfe_or_timeout
                0x10002058       0xc4 CMakeFiles/NetworkPico.dir/C_/Users/yoshi/.pico-sdk/sdk/2.0.0/src/common/pico_time/time.c.obj
                0x10002058                best_effort_wfe_or_timeout
 .text.alarm_pool_get_default_timer
                0x1000211c        0x8 CMakeFiles/NetworkPico.dir/C_/Users/yoshi/.pico-sdk/sdk/2.0.0/src/common/pico_time/time.c.obj
                0x1000211c                alarm_pool_get_default_timer
 .text.runtime_init_default_alarm_pool
                0x10002124       0x38 CMakeFiles/NetworkPico.dir/C_/Users/yoshi/.pico-sdk/sdk/2.0.0/src/common/pico_time/time.c.obj
                0x10002124                runtime_init_default_alarm_pool
 .text.timer_hardware_alarm_claim
                0x1000215c       0x14 CMakeFiles/NetworkPico.dir/C_/Users/yoshi/.pico-sdk/sdk/2.0.0/src/rp2_common/hardware_timer/timer.c.obj
                0x1000215c                timer_hardware_alarm_claim
 .text.timer_time_us_64
                0x10002170       0x10 CMakeFiles/NetworkPico.dir/C_/Users/yoshi/.pico-sdk/sdk/2.0.0/src/rp2_common/hardware_timer/timer.c.obj
                0x10002170                timer_time_us_64
 .text.timer_busy_wait_until
                0x10002180       0x1a CMakeFiles/NetworkPico.dir/C_/Users/yoshi/.pico-sdk/sdk/2.0.0/src/rp2_common/hardware_timer/timer.c.obj
                0x10002180                timer_busy_wait_until
 *fill*         0x1000219a        0x2 
 .text.time_us_64
                0x1000219c       0x10 CMakeFiles/NetworkPico.dir/C_/Users/yoshi/.pico-sdk/sdk/2.0.0/src/rp2_common/hardware_timer/timer.c.obj
                0x1000219c                time_us_64
 .text.busy_wait_until
                0x100021ac       0x14 CMakeFiles/NetworkPico.dir/C_/Users/yoshi/.pico-sdk/sdk/2.0.0/src/rp2_common/hardware_timer/timer.c.obj
                0x100021ac                busy_wait_until
 .text.pll_init
                0x100021c0      0x124 CMakeFiles/NetworkPico.dir/C_/Users/yoshi/.pico-sdk/sdk/2.0.0/src/rp2_common/hardware_pll/pll.c.obj
                0x100021c0                pll_init
 .text.watchdog_update
                0x100022e4       0x14 CMakeFiles/NetworkPico.dir/C_/Users/yoshi/.pico-sdk/sdk/2.0.0/src/rp2_common/hardware_watchdog/watchdog.c.obj
                0x100022e4                watchdog_update
 .text._watchdog_enable
                0x100022f8       0x7c CMakeFiles/NetworkPico.dir/C_/Users/yoshi/.pico-sdk/sdk/2.0.0/src/rp2_common/hardware_watchdog/watchdog.c.obj
                0x100022f8                _watchdog_enable
 .text.watchdog_reboot
                0x10002374       0x48 CMakeFiles/NetworkPico.dir/C_/Users/yoshi/.pico-sdk/sdk/2.0.0/src/rp2_common/hardware_watchdog/watchdog.c.obj
                0x10002374                watchdog_reboot
 .text.tick_start
                0x100023bc       0x10 CMakeFiles/NetworkPico.dir/C_/Users/yoshi/.pico-sdk/sdk/2.0.0/src/rp2_common/hardware_ticks/ticks.c.obj
                0x100023bc                tick_start
 .text.xosc_init
                0x100023cc       0x28 CMakeFiles/NetworkPico.dir/C_/Users/yoshi/.pico-sdk/sdk/2.0.0/src/rp2_common/hardware_xosc/xosc.c.obj
                0x100023cc                xosc_init
 .text.lwip_init
                0x100023f4       0x24 CMakeFiles/NetworkPico.dir/C_/Users/yoshi/.pico-sdk/sdk/2.0.0/lib/lwip/src/core/init.c.obj
                0x100023f4                lwip_init
 .text.lwip_htons
                0x10002418        0xa CMakeFiles/NetworkPico.dir/C_/Users/yoshi/.pico-sdk/sdk/2.0.0/lib/lwip/src/core/def.c.obj
                0x10002418                lwip_htons
 .text.lwip_htonl
                0x10002422       0x1e CMakeFiles/NetworkPico.dir/C_/Users/yoshi/.pico-sdk/sdk/2.0.0/lib/lwip/src/core/def.c.obj
                0x10002422                lwip_htonl
 .text.dns_backupserver_available
                0x10002440       0x28 CMakeFiles/NetworkPico.dir/C_/Users/yoshi/.pico-sdk/sdk/2.0.0/lib/lwip/src/core/dns.c.obj
 .text.dns_create_txid
                0x10002468       0x3c CMakeFiles/NetworkPico.dir/C_/Users/yoshi/.pico-sdk/sdk/2.0.0/lib/lwip/src/core/dns.c.obj
 .text.dns_call_found
                0x100024a4       0xf4 CMakeFiles/NetworkPico.dir/C_/Users/yoshi/.pico-sdk/sdk/2.0.0/lib/lwip/src/core/dns.c.obj
 .text.dns_send
                0x10002598      0x17c CMakeFiles/NetworkPico.dir/C_/Users/yoshi/.pico-sdk/sdk/2.0.0/lib/lwip/src/core/dns.c.obj
 .text.dns_check_entry
                0x10002714      0x11c CMakeFiles/NetworkPico.dir/C_/Users/yoshi/.pico-sdk/sdk/2.0.0/lib/lwip/src/core/dns.c.obj
 .text.dns_check_entries
                0x10002830       0x16 CMakeFiles/NetworkPico.dir/C_/Users/yoshi/.pico-sdk/sdk/2.0.0/lib/lwip/src/core/dns.c.obj
 .text.dns_init
                0x10002846        0x2 CMakeFiles/NetworkPico.dir/C_/Users/yoshi/.pico-sdk/sdk/2.0.0/lib/lwip/src/core/dns.c.obj
                0x10002846                dns_init
 .text.dns_setserver
                0x10002848       0x28 CMakeFiles/NetworkPico.dir/C_/Users/yoshi/.pico-sdk/sdk/2.0.0/lib/lwip/src/core/dns.c.obj
                0x10002848                dns_setserver
 .text.dns_tmr  0x10002870        0x8 CMakeFiles/NetworkPico.dir/C_/Users/yoshi/.pico-sdk/sdk/2.0.0/lib/lwip/src/core/dns.c.obj
                0x10002870                dns_tmr
 .text.lwip_standard_chksum
                0x10002878       0xa0 CMakeFiles/NetworkPico.dir/C_/Users/yoshi/.pico-sdk/sdk/2.0.0/lib/lwip/src/core/inet_chksum.c.obj
                0x10002878                lwip_standard_chksum
 .text.inet_cksum_pseudo_base
                0x10002918       0x82 CMakeFiles/NetworkPico.dir/C_/Users/yoshi/.pico-sdk/sdk/2.0.0/lib/lwip/src/core/inet_chksum.c.obj
 .text.inet_chksum_pseudo
                0x1000299a       0x30 CMakeFiles/NetworkPico.dir/C_/Users/yoshi/.pico-sdk/sdk/2.0.0/lib/lwip/src/core/inet_chksum.c.obj
                0x1000299a                inet_chksum_pseudo
 .text.ip_chksum_pseudo
                0x100029ca       0x10 CMakeFiles/NetworkPico.dir/C_/Users/yoshi/.pico-sdk/sdk/2.0.0/lib/lwip/src/core/inet_chksum.c.obj
                0x100029ca                ip_chksum_pseudo
 .text.inet_chksum
                0x100029da        0xc CMakeFiles/NetworkPico.dir/C_/Users/yoshi/.pico-sdk/sdk/2.0.0/lib/lwip/src/core/inet_chksum.c.obj
                0x100029da                inet_chksum
 .text.inet_chksum_pbuf
                0x100029e6       0x52 CMakeFiles/NetworkPico.dir/C_/Users/yoshi/.pico-sdk/sdk/2.0.0/lib/lwip/src/core/inet_chksum.c.obj
                0x100029e6                inet_chksum_pbuf
 .text.ptr_to_mem
                0x10002a38        0xc CMakeFiles/NetworkPico.dir/C_/Users/yoshi/.pico-sdk/sdk/2.0.0/lib/lwip/src/core/mem.c.obj
 .text.mem_to_ptr
                0x10002a44       0x10 CMakeFiles/NetworkPico.dir/C_/Users/yoshi/.pico-sdk/sdk/2.0.0/lib/lwip/src/core/mem.c.obj
 .text.mem_link_valid
                0x10002a54       0x5c CMakeFiles/NetworkPico.dir/C_/Users/yoshi/.pico-sdk/sdk/2.0.0/lib/lwip/src/core/mem.c.obj
 .text.plug_holes
                0x10002ab0       0xd0 CMakeFiles/NetworkPico.dir/C_/Users/yoshi/.pico-sdk/sdk/2.0.0/lib/lwip/src/core/mem.c.obj
 .text.mem_init
                0x10002b80       0x40 CMakeFiles/NetworkPico.dir/C_/Users/yoshi/.pico-sdk/sdk/2.0.0/lib/lwip/src/core/mem.c.obj
                0x10002b80                mem_init
 .text.mem_free
                0x10002bc0       0x84 CMakeFiles/NetworkPico.dir/C_/Users/yoshi/.pico-sdk/sdk/2.0.0/lib/lwip/src/core/mem.c.obj
                0x10002bc0                mem_free
 .text.mem_trim
                0x10002c44      0x134 CMakeFiles/NetworkPico.dir/C_/Users/yoshi/.pico-sdk/sdk/2.0.0/lib/lwip/src/core/mem.c.obj
                0x10002c44                mem_trim
 .text.mem_malloc
                0x10002d78      0x134 CMakeFiles/NetworkPico.dir/C_/Users/yoshi/.pico-sdk/sdk/2.0.0/lib/lwip/src/core/mem.c.obj
                0x10002d78                mem_malloc
 .text.do_memp_malloc_pool
                0x10002eac       0x30 CMakeFiles/NetworkPico.dir/C_/Users/yoshi/.pico-sdk/sdk/2.0.0/lib/lwip/src/core/memp.c.obj
 .text.do_memp_free_pool
                0x10002edc       0x28 CMakeFiles/NetworkPico.dir/C_/Users/yoshi/.pico-sdk/sdk/2.0.0/lib/lwip/src/core/memp.c.obj
 .text.memp_init_pool
                0x10002f04       0x2a CMakeFiles/NetworkPico.dir/C_/Users/yoshi/.pico-sdk/sdk/2.0.0/lib/lwip/src/core/memp.c.obj
                0x10002f04                memp_init_pool
 *fill*         0x10002f2e        0x2 
 .text.memp_init
                0x10002f30       0x20 CMakeFiles/NetworkPico.dir/C_/Users/yoshi/.pico-sdk/sdk/2.0.0/lib/lwip/src/core/memp.c.obj
                0x10002f30                memp_init
 .text.memp_malloc
                0x10002f50       0x24 CMakeFiles/NetworkPico.dir/C_/Users/yoshi/.pico-sdk/sdk/2.0.0/lib/lwip/src/core/memp.c.obj
                0x10002f50                memp_malloc
 .text.memp_free
                0x10002f74       0x28 CMakeFiles/NetworkPico.dir/C_/Users/yoshi/.pico-sdk/sdk/2.0.0/lib/lwip/src/core/memp.c.obj
                0x10002f74                memp_free
 .text.netif_do_set_netmask
                0x10002f9c       0x12 CMakeFiles/NetworkPico.dir/C_/Users/yoshi/.pico-sdk/sdk/2.0.0/lib/lwip/src/core/netif.c.obj
 .text.netif_do_set_gw
                0x10002fae       0x12 CMakeFiles/NetworkPico.dir/C_/Users/yoshi/.pico-sdk/sdk/2.0.0/lib/lwip/src/core/netif.c.obj
 .text.netif_null_output_ip4
                0x10002fc0        0x6 CMakeFiles/NetworkPico.dir/C_/Users/yoshi/.pico-sdk/sdk/2.0.0/lib/lwip/src/core/netif.c.obj
 .text.netif_do_ip_addr_changed
                0x10002fc6       0x1c CMakeFiles/NetworkPico.dir/C_/Users/yoshi/.pico-sdk/sdk/2.0.0/lib/lwip/src/core/netif.c.obj
 *fill*         0x10002fe2        0x2 
 .text.netif_issue_reports
                0x10002fe4       0x34 CMakeFiles/NetworkPico.dir/C_/Users/yoshi/.pico-sdk/sdk/2.0.0/lib/lwip/src/core/netif.c.obj
 .text.netif_do_set_ipaddr
                0x10003018       0x54 CMakeFiles/NetworkPico.dir/C_/Users/yoshi/.pico-sdk/sdk/2.0.0/lib/lwip/src/core/netif.c.obj
 .text.netif_init
                0x1000306c        0x2 CMakeFiles/NetworkPico.dir/C_/Users/yoshi/.pico-sdk/sdk/2.0.0/lib/lwip/src/core/netif.c.obj
                0x1000306c                netif_init
 *fill*         0x1000306e        0x2 
 .text.netif_set_addr
                0x10003070       0x78 CMakeFiles/NetworkPico.dir/C_/Users/yoshi/.pico-sdk/sdk/2.0.0/lib/lwip/src/core/netif.c.obj
                0x10003070                netif_set_addr
 .text.netif_add
                0x100030e8      0x124 CMakeFiles/NetworkPico.dir/C_/Users/yoshi/.pico-sdk/sdk/2.0.0/lib/lwip/src/core/netif.c.obj
                0x100030e8                netif_add
 .text.netif_set_default
                0x1000320c        0xc CMakeFiles/NetworkPico.dir/C_/Users/yoshi/.pico-sdk/sdk/2.0.0/lib/lwip/src/core/netif.c.obj
                0x1000320c                netif_set_default
 .text.netif_set_up
                0x10003218       0x34 CMakeFiles/NetworkPico.dir/C_/Users/yoshi/.pico-sdk/sdk/2.0.0/lib/lwip/src/core/netif.c.obj
                0x10003218                netif_set_up
 .text.netif_set_down
                0x1000324c       0x3c CMakeFiles/NetworkPico.dir/C_/Users/yoshi/.pico-sdk/sdk/2.0.0/lib/lwip/src/core/netif.c.obj
                0x1000324c                netif_set_down
 .text.netif_remove
                0x10003288       0x64 CMakeFiles/NetworkPico.dir/C_/Users/yoshi/.pico-sdk/sdk/2.0.0/lib/lwip/src/core/netif.c.obj
                0x10003288                netif_remove
 .text.netif_set_link_up
                0x100032ec       0x3c CMakeFiles/NetworkPico.dir/C_/Users/yoshi/.pico-sdk/sdk/2.0.0/lib/lwip/src/core/netif.c.obj
                0x100032ec                netif_set_link_up
 .text.netif_set_link_down
                0x10003328       0x2c CMakeFiles/NetworkPico.dir/C_/Users/yoshi/.pico-sdk/sdk/2.0.0/lib/lwip/src/core/netif.c.obj
                0x10003328                netif_set_link_down
 .text.netif_get_by_index
                0x10003354       0x24 CMakeFiles/NetworkPico.dir/C_/Users/yoshi/.pico-sdk/sdk/2.0.0/lib/lwip/src/core/netif.c.obj
                0x10003354                netif_get_by_index
 .text.pbuf_init_alloced_pbuf
                0x10003378       0x20 CMakeFiles/NetworkPico.dir/C_/Users/yoshi/.pico-sdk/sdk/2.0.0/lib/lwip/src/core/pbuf.c.obj
 .text.pbuf_skip_const
                0x10003398       0x1a CMakeFiles/NetworkPico.dir/C_/Users/yoshi/.pico-sdk/sdk/2.0.0/lib/lwip/src/core/pbuf.c.obj
 *fill*         0x100033b2        0x2 
 .text.pbuf_pool_is_empty
                0x100033b4       0x18 CMakeFiles/NetworkPico.dir/C_/Users/yoshi/.pico-sdk/sdk/2.0.0/lib/lwip/src/core/pbuf.c.obj
 .text.pbuf_add_header_impl
                0x100033cc       0x68 CMakeFiles/NetworkPico.dir/C_/Users/yoshi/.pico-sdk/sdk/2.0.0/lib/lwip/src/core/pbuf.c.obj
 .text.pbuf_free_ooseq
                0x10003434       0x30 CMakeFiles/NetworkPico.dir/C_/Users/yoshi/.pico-sdk/sdk/2.0.0/lib/lwip/src/core/pbuf.c.obj
                0x10003434                pbuf_free_ooseq
 .text.pbuf_alloc_reference
                0x10003464       0x3c CMakeFiles/NetworkPico.dir/C_/Users/yoshi/.pico-sdk/sdk/2.0.0/lib/lwip/src/core/pbuf.c.obj
                0x10003464                pbuf_alloc_reference
 .text.pbuf_add_header
                0x100034a0        0xa CMakeFiles/NetworkPico.dir/C_/Users/yoshi/.pico-sdk/sdk/2.0.0/lib/lwip/src/core/pbuf.c.obj
                0x100034a0                pbuf_add_header
 *fill*         0x100034aa        0x2 
 .text.pbuf_remove_header
                0x100034ac       0x50 CMakeFiles/NetworkPico.dir/C_/Users/yoshi/.pico-sdk/sdk/2.0.0/lib/lwip/src/core/pbuf.c.obj
                0x100034ac                pbuf_remove_header
 .text.pbuf_header_impl
                0x100034fc       0x14 CMakeFiles/NetworkPico.dir/C_/Users/yoshi/.pico-sdk/sdk/2.0.0/lib/lwip/src/core/pbuf.c.obj
 .text.pbuf_header_force
                0x10003510        0xa CMakeFiles/NetworkPico.dir/C_/Users/yoshi/.pico-sdk/sdk/2.0.0/lib/lwip/src/core/pbuf.c.obj
                0x10003510                pbuf_header_force
 *fill*         0x1000351a        0x2 
 .text.pbuf_free
                0x1000351c       0x7c CMakeFiles/NetworkPico.dir/C_/Users/yoshi/.pico-sdk/sdk/2.0.0/lib/lwip/src/core/pbuf.c.obj
                0x1000351c                pbuf_free
 .text.pbuf_alloc
                0x10003598      0x144 CMakeFiles/NetworkPico.dir/C_/Users/yoshi/.pico-sdk/sdk/2.0.0/lib/lwip/src/core/pbuf.c.obj
                0x10003598                pbuf_alloc
 .text.pbuf_realloc
                0x100036dc       0x84 CMakeFiles/NetworkPico.dir/C_/Users/yoshi/.pico-sdk/sdk/2.0.0/lib/lwip/src/core/pbuf.c.obj
                0x100036dc                pbuf_realloc
 .text.pbuf_clen
                0x10003760       0x12 CMakeFiles/NetworkPico.dir/C_/Users/yoshi/.pico-sdk/sdk/2.0.0/lib/lwip/src/core/pbuf.c.obj
                0x10003760                pbuf_clen
 *fill*         0x10003772        0x2 
 .text.pbuf_ref
                0x10003774       0x28 CMakeFiles/NetworkPico.dir/C_/Users/yoshi/.pico-sdk/sdk/2.0.0/lib/lwip/src/core/pbuf.c.obj
                0x10003774                pbuf_ref
 .text.pbuf_cat
                0x1000379c       0x44 CMakeFiles/NetworkPico.dir/C_/Users/yoshi/.pico-sdk/sdk/2.0.0/lib/lwip/src/core/pbuf.c.obj
                0x1000379c                pbuf_cat
 .text.pbuf_chain
                0x100037e0       0x10 CMakeFiles/NetworkPico.dir/C_/Users/yoshi/.pico-sdk/sdk/2.0.0/lib/lwip/src/core/pbuf.c.obj
                0x100037e0                pbuf_chain
 .text.pbuf_copy_partial_pbuf
                0x100037f0      0x13c CMakeFiles/NetworkPico.dir/C_/Users/yoshi/.pico-sdk/sdk/2.0.0/lib/lwip/src/core/pbuf.c.obj
                0x100037f0                pbuf_copy_partial_pbuf
 .text.pbuf_copy
                0x1000392c       0x20 CMakeFiles/NetworkPico.dir/C_/Users/yoshi/.pico-sdk/sdk/2.0.0/lib/lwip/src/core/pbuf.c.obj
                0x1000392c                pbuf_copy
 .text.pbuf_copy_partial
                0x1000394c       0x88 CMakeFiles/NetworkPico.dir/C_/Users/yoshi/.pico-sdk/sdk/2.0.0/lib/lwip/src/core/pbuf.c.obj
                0x1000394c                pbuf_copy_partial
 .text.pbuf_skip
                0x100039d4        0x8 CMakeFiles/NetworkPico.dir/C_/Users/yoshi/.pico-sdk/sdk/2.0.0/lib/lwip/src/core/pbuf.c.obj
                0x100039d4                pbuf_skip
 .text.pbuf_take
                0x100039dc       0x98 CMakeFiles/NetworkPico.dir/C_/Users/yoshi/.pico-sdk/sdk/2.0.0/lib/lwip/src/core/pbuf.c.obj
                0x100039dc                pbuf_take
 .text.pbuf_take_at
                0x10003a74       0x70 CMakeFiles/NetworkPico.dir/C_/Users/yoshi/.pico-sdk/sdk/2.0.0/lib/lwip/src/core/pbuf.c.obj
                0x10003a74                pbuf_take_at
 .text.pbuf_clone
                0x10003ae4       0x2c CMakeFiles/NetworkPico.dir/C_/Users/yoshi/.pico-sdk/sdk/2.0.0/lib/lwip/src/core/pbuf.c.obj
                0x10003ae4                pbuf_clone
 .text.pbuf_put_at
                0x10003b10       0x26 CMakeFiles/NetworkPico.dir/C_/Users/yoshi/.pico-sdk/sdk/2.0.0/lib/lwip/src/core/pbuf.c.obj
                0x10003b10                pbuf_put_at
 *fill*         0x10003b36        0x2 
 .text.raw_input_local_match
                0x10003b38       0x5c CMakeFiles/NetworkPico.dir/C_/Users/yoshi/.pico-sdk/sdk/2.0.0/lib/lwip/src/core/raw.c.obj
 .text.raw_input
                0x10003b94       0xb4 CMakeFiles/NetworkPico.dir/C_/Users/yoshi/.pico-sdk/sdk/2.0.0/lib/lwip/src/core/raw.c.obj
                0x10003b94                raw_input
 .text.raw_netif_ip_addr_changed
                0x10003c48       0x38 CMakeFiles/NetworkPico.dir/C_/Users/yoshi/.pico-sdk/sdk/2.0.0/lib/lwip/src/core/raw.c.obj
                0x10003c48                raw_netif_ip_addr_changed
 .text.stats_init
                0x10003c80        0x2 CMakeFiles/NetworkPico.dir/C_/Users/yoshi/.pico-sdk/sdk/2.0.0/lib/lwip/src/core/stats.c.obj
                0x10003c80                stats_init
 *fill*         0x10003c82        0x2 
 .text.tcp_new_port
                0x10003c84       0x6c CMakeFiles/NetworkPico.dir/C_/Users/yoshi/.pico-sdk/sdk/2.0.0/lib/lwip/src/core/tcp.c.obj
 .text.tcp_remove_listener
                0x10003cf0       0x24 CMakeFiles/NetworkPico.dir/C_/Users/yoshi/.pico-sdk/sdk/2.0.0/lib/lwip/src/core/tcp.c.obj
 .text.tcp_listen_closed
                0x10003d14       0x40 CMakeFiles/NetworkPico.dir/C_/Users/yoshi/.pico-sdk/sdk/2.0.0/lib/lwip/src/core/tcp.c.obj
 .text.tcp_free_listen
                0x10003d54       0x1c CMakeFiles/NetworkPico.dir/C_/Users/yoshi/.pico-sdk/sdk/2.0.0/lib/lwip/src/core/tcp.c.obj
 .text.tcp_close_shutdown_fin
                0x10003d70       0x64 CMakeFiles/NetworkPico.dir/C_/Users/yoshi/.pico-sdk/sdk/2.0.0/lib/lwip/src/core/tcp.c.obj
 .text.tcp_handle_closepend
                0x10003dd4       0x28 CMakeFiles/NetworkPico.dir/C_/Users/yoshi/.pico-sdk/sdk/2.0.0/lib/lwip/src/core/tcp.c.obj
 .text.tcp_init
                0x10003dfc       0x20 CMakeFiles/NetworkPico.dir/C_/Users/yoshi/.pico-sdk/sdk/2.0.0/lib/lwip/src/core/tcp.c.obj
                0x10003dfc                tcp_init
 .text.tcp_free
                0x10003e1c       0x1c CMakeFiles/NetworkPico.dir/C_/Users/yoshi/.pico-sdk/sdk/2.0.0/lib/lwip/src/core/tcp.c.obj
                0x10003e1c                tcp_free
 .text.tcp_update_rcv_ann_wnd
                0x10003e38       0x58 CMakeFiles/NetworkPico.dir/C_/Users/yoshi/.pico-sdk/sdk/2.0.0/lib/lwip/src/core/tcp.c.obj
                0x10003e38                tcp_update_rcv_ann_wnd
 .text.tcp_recved
                0x10003e90       0x60 CMakeFiles/NetworkPico.dir/C_/Users/yoshi/.pico-sdk/sdk/2.0.0/lib/lwip/src/core/tcp.c.obj
                0x10003e90                tcp_recved
 .text.tcp_seg_free
                0x10003ef0       0x1a CMakeFiles/NetworkPico.dir/C_/Users/yoshi/.pico-sdk/sdk/2.0.0/lib/lwip/src/core/tcp.c.obj
                0x10003ef0                tcp_seg_free
 .text.tcp_segs_free
                0x10003f0a       0x12 CMakeFiles/NetworkPico.dir/C_/Users/yoshi/.pico-sdk/sdk/2.0.0/lib/lwip/src/core/tcp.c.obj
                0x10003f0a                tcp_segs_free
 .text.tcp_seg_copy
                0x10003f1c       0x2c CMakeFiles/NetworkPico.dir/C_/Users/yoshi/.pico-sdk/sdk/2.0.0/lib/lwip/src/core/tcp.c.obj
                0x10003f1c                tcp_seg_copy
 .text.tcp_arg  0x10003f48        0x8 CMakeFiles/NetworkPico.dir/C_/Users/yoshi/.pico-sdk/sdk/2.0.0/lib/lwip/src/core/tcp.c.obj
                0x10003f48                tcp_arg
 .text.tcp_recv
                0x10003f50       0x1c CMakeFiles/NetworkPico.dir/C_/Users/yoshi/.pico-sdk/sdk/2.0.0/lib/lwip/src/core/tcp.c.obj
                0x10003f50                tcp_recv
 .text.tcp_next_iss
                0x10003f6c       0x28 CMakeFiles/NetworkPico.dir/C_/Users/yoshi/.pico-sdk/sdk/2.0.0/lib/lwip/src/core/tcp.c.obj
                0x10003f6c                tcp_next_iss
 .text.tcp_eff_send_mss_netif
                0x10003f94       0x34 CMakeFiles/NetworkPico.dir/C_/Users/yoshi/.pico-sdk/sdk/2.0.0/lib/lwip/src/core/tcp.c.obj
                0x10003f94                tcp_eff_send_mss_netif
 .text.tcp_connect
                0x10003fc8      0x134 CMakeFiles/NetworkPico.dir/C_/Users/yoshi/.pico-sdk/sdk/2.0.0/lib/lwip/src/core/tcp.c.obj
                0x10003fc8                tcp_connect
 .text.tcp_free_ooseq
                0x100040fc       0x14 CMakeFiles/NetworkPico.dir/C_/Users/yoshi/.pico-sdk/sdk/2.0.0/lib/lwip/src/core/tcp.c.obj
                0x100040fc                tcp_free_ooseq
 .text.tcp_pcb_purge
                0x10004110       0x58 CMakeFiles/NetworkPico.dir/C_/Users/yoshi/.pico-sdk/sdk/2.0.0/lib/lwip/src/core/tcp.c.obj
                0x10004110                tcp_pcb_purge
 .text.tcp_pcb_remove
                0x10004168       0xa4 CMakeFiles/NetworkPico.dir/C_/Users/yoshi/.pico-sdk/sdk/2.0.0/lib/lwip/src/core/tcp.c.obj
                0x10004168                tcp_pcb_remove
 .text.tcp_abandon
                0x1000420c      0x10c CMakeFiles/NetworkPico.dir/C_/Users/yoshi/.pico-sdk/sdk/2.0.0/lib/lwip/src/core/tcp.c.obj
                0x1000420c                tcp_abandon
 .text.tcp_abort
                0x10004318        0xa CMakeFiles/NetworkPico.dir/C_/Users/yoshi/.pico-sdk/sdk/2.0.0/lib/lwip/src/core/tcp.c.obj
                0x10004318                tcp_abort
 *fill*         0x10004322        0x2 
 .text.tcp_kill_timewait
                0x10004324       0x38 CMakeFiles/NetworkPico.dir/C_/Users/yoshi/.pico-sdk/sdk/2.0.0/lib/lwip/src/core/tcp.c.obj
 .text.tcp_kill_prio
                0x1000435c       0x58 CMakeFiles/NetworkPico.dir/C_/Users/yoshi/.pico-sdk/sdk/2.0.0/lib/lwip/src/core/tcp.c.obj
 .text.tcp_netif_ip_addr_changed_pcblist
                0x100043b4       0x30 CMakeFiles/NetworkPico.dir/C_/Users/yoshi/.pico-sdk/sdk/2.0.0/lib/lwip/src/core/tcp.c.obj
 .text.tcp_netif_ip_addr_changed
                0x100043e4       0x54 CMakeFiles/NetworkPico.dir/C_/Users/yoshi/.pico-sdk/sdk/2.0.0/lib/lwip/src/core/tcp.c.obj
                0x100043e4                tcp_netif_ip_addr_changed
 .text.tcp_kill_state
                0x10004438       0x54 CMakeFiles/NetworkPico.dir/C_/Users/yoshi/.pico-sdk/sdk/2.0.0/lib/lwip/src/core/tcp.c.obj
 .text.tcp_alloc
                0x1000448c       0xc8 CMakeFiles/NetworkPico.dir/C_/Users/yoshi/.pico-sdk/sdk/2.0.0/lib/lwip/src/core/tcp.c.obj
                0x1000448c                tcp_alloc
 .text.tcp_new  0x10004554        0xa CMakeFiles/NetworkPico.dir/C_/Users/yoshi/.pico-sdk/sdk/2.0.0/lib/lwip/src/core/tcp.c.obj
                0x10004554                tcp_new
 *fill*         0x1000455e        0x2 
 .text.tcp_close_shutdown
                0x10004560      0x13c CMakeFiles/NetworkPico.dir/C_/Users/yoshi/.pico-sdk/sdk/2.0.0/lib/lwip/src/core/tcp.c.obj
 .text.tcp_close
                0x1000469c       0x2c CMakeFiles/NetworkPico.dir/C_/Users/yoshi/.pico-sdk/sdk/2.0.0/lib/lwip/src/core/tcp.c.obj
                0x1000469c                tcp_close
 .text.tcp_recv_null
                0x100046c8       0x3c CMakeFiles/NetworkPico.dir/C_/Users/yoshi/.pico-sdk/sdk/2.0.0/lib/lwip/src/core/tcp.c.obj
                0x100046c8                tcp_recv_null
 .text.tcp_process_refused_data
                0x10004704       0x88 CMakeFiles/NetworkPico.dir/C_/Users/yoshi/.pico-sdk/sdk/2.0.0/lib/lwip/src/core/tcp.c.obj
                0x10004704                tcp_process_refused_data
 .text.tcp_fasttmr
                0x1000478c       0x80 CMakeFiles/NetworkPico.dir/C_/Users/yoshi/.pico-sdk/sdk/2.0.0/lib/lwip/src/core/tcp.c.obj
                0x1000478c                tcp_fasttmr
 .text.tcp_slowtmr
                0x1000480c      0x44c CMakeFiles/NetworkPico.dir/C_/Users/yoshi/.pico-sdk/sdk/2.0.0/lib/lwip/src/core/tcp.c.obj
                0x1000480c                tcp_slowtmr
 .text.tcp_tmr  0x10004c58       0x20 CMakeFiles/NetworkPico.dir/C_/Users/yoshi/.pico-sdk/sdk/2.0.0/lib/lwip/src/core/tcp.c.obj
                0x10004c58                tcp_tmr
 .text.tcp_get_next_optbyte
                0x10004c78       0x40 CMakeFiles/NetworkPico.dir/C_/Users/yoshi/.pico-sdk/sdk/2.0.0/lib/lwip/src/core/tcp_in.c.obj
 .text.tcp_parseopt
                0x10004cb8       0x98 CMakeFiles/NetworkPico.dir/C_/Users/yoshi/.pico-sdk/sdk/2.0.0/lib/lwip/src/core/tcp_in.c.obj
 .text.tcp_input_delayed_close
                0x10004d50       0x4c CMakeFiles/NetworkPico.dir/C_/Users/yoshi/.pico-sdk/sdk/2.0.0/lib/lwip/src/core/tcp_in.c.obj
 .text.tcp_timewait_input
                0x10004d9c       0xa0 CMakeFiles/NetworkPico.dir/C_/Users/yoshi/.pico-sdk/sdk/2.0.0/lib/lwip/src/core/tcp_in.c.obj
 .text.tcp_listen_input
                0x10004e3c      0x15c CMakeFiles/NetworkPico.dir/C_/Users/yoshi/.pico-sdk/sdk/2.0.0/lib/lwip/src/core/tcp_in.c.obj
 .text.tcp_free_acked_segments
                0x10004f98       0xc0 CMakeFiles/NetworkPico.dir/C_/Users/yoshi/.pico-sdk/sdk/2.0.0/lib/lwip/src/core/tcp_in.c.obj
 .text.tcp_oos_insert_segment
                0x10005058       0xd4 CMakeFiles/NetworkPico.dir/C_/Users/yoshi/.pico-sdk/sdk/2.0.0/lib/lwip/src/core/tcp_in.c.obj
 .text.tcp_receive
                0x1000512c      0x9c8 CMakeFiles/NetworkPico.dir/C_/Users/yoshi/.pico-sdk/sdk/2.0.0/lib/lwip/src/core/tcp_in.c.obj
 .text.tcp_process
                0x10005af4      0x55c CMakeFiles/NetworkPico.dir/C_/Users/yoshi/.pico-sdk/sdk/2.0.0/lib/lwip/src/core/tcp_in.c.obj
 .text.tcp_input
                0x10006050      0x660 CMakeFiles/NetworkPico.dir/C_/Users/yoshi/.pico-sdk/sdk/2.0.0/lib/lwip/src/core/tcp_in.c.obj
                0x10006050                tcp_input
 .text.tcp_trigger_input_pcb_close
                0x100066b0       0x10 CMakeFiles/NetworkPico.dir/C_/Users/yoshi/.pico-sdk/sdk/2.0.0/lib/lwip/src/core/tcp_in.c.obj
                0x100066b0                tcp_trigger_input_pcb_close
 .text.tcp_write_checks
                0x100066c0       0xa8 CMakeFiles/NetworkPico.dir/C_/Users/yoshi/.pico-sdk/sdk/2.0.0/lib/lwip/src/core/tcp_out.c.obj
 .text.tcp_output_segment_busy
                0x10006768       0x20 CMakeFiles/NetworkPico.dir/C_/Users/yoshi/.pico-sdk/sdk/2.0.0/lib/lwip/src/core/tcp_out.c.obj
 .text.tcp_output_fill_options
                0x10006788       0x30 CMakeFiles/NetworkPico.dir/C_/Users/yoshi/.pico-sdk/sdk/2.0.0/lib/lwip/src/core/tcp_out.c.obj
 .text.tcp_pbuf_prealloc
                0x100067b8       0x4c CMakeFiles/NetworkPico.dir/C_/Users/yoshi/.pico-sdk/sdk/2.0.0/lib/lwip/src/core/tcp_out.c.obj
 .text.tcp_create_segment
                0x10006804       0xf4 CMakeFiles/NetworkPico.dir/C_/Users/yoshi/.pico-sdk/sdk/2.0.0/lib/lwip/src/core/tcp_out.c.obj
 .text.tcp_output_alloc_header_common
                0x100068f8       0xd0 CMakeFiles/NetworkPico.dir/C_/Users/yoshi/.pico-sdk/sdk/2.0.0/lib/lwip/src/core/tcp_out.c.obj
 .text.tcp_output_alloc_header
                0x100069c8       0x38 CMakeFiles/NetworkPico.dir/C_/Users/yoshi/.pico-sdk/sdk/2.0.0/lib/lwip/src/core/tcp_out.c.obj
 .text.tcp_rst_common
                0x10006a00       0x68 CMakeFiles/NetworkPico.dir/C_/Users/yoshi/.pico-sdk/sdk/2.0.0/lib/lwip/src/core/tcp_out.c.obj
 .text.tcp_route
                0x10006a68       0x1a CMakeFiles/NetworkPico.dir/C_/Users/yoshi/.pico-sdk/sdk/2.0.0/lib/lwip/src/core/tcp_out.c.obj
 *fill*         0x10006a82        0x2 
 .text.tcp_output_segment
                0x10006a84      0x164 CMakeFiles/NetworkPico.dir/C_/Users/yoshi/.pico-sdk/sdk/2.0.0/lib/lwip/src/core/tcp_out.c.obj
 .text.tcp_output_control_segment_netif
                0x10006be8       0x84 CMakeFiles/NetworkPico.dir/C_/Users/yoshi/.pico-sdk/sdk/2.0.0/lib/lwip/src/core/tcp_out.c.obj
 .text.tcp_output_control_segment
                0x10006c6c       0x44 CMakeFiles/NetworkPico.dir/C_/Users/yoshi/.pico-sdk/sdk/2.0.0/lib/lwip/src/core/tcp_out.c.obj
 .text.tcp_write
                0x10006cb0      0x354 CMakeFiles/NetworkPico.dir/C_/Users/yoshi/.pico-sdk/sdk/2.0.0/lib/lwip/src/core/tcp_out.c.obj
                0x10006cb0                tcp_write
 .text.tcp_split_unsent_seg
                0x10007004      0x1d8 CMakeFiles/NetworkPico.dir/C_/Users/yoshi/.pico-sdk/sdk/2.0.0/lib/lwip/src/core/tcp_out.c.obj
                0x10007004                tcp_split_unsent_seg
 .text.tcp_enqueue_flags
                0x100071dc      0x11c CMakeFiles/NetworkPico.dir/C_/Users/yoshi/.pico-sdk/sdk/2.0.0/lib/lwip/src/core/tcp_out.c.obj
                0x100071dc                tcp_enqueue_flags
 .text.tcp_send_fin
                0x100072f8       0x68 CMakeFiles/NetworkPico.dir/C_/Users/yoshi/.pico-sdk/sdk/2.0.0/lib/lwip/src/core/tcp_out.c.obj
                0x100072f8                tcp_send_fin
 .text.tcp_rexmit_rto_prepare
                0x10007360       0xac CMakeFiles/NetworkPico.dir/C_/Users/yoshi/.pico-sdk/sdk/2.0.0/lib/lwip/src/core/tcp_out.c.obj
                0x10007360                tcp_rexmit_rto_prepare
 .text.tcp_rexmit
                0x1000740c       0xa4 CMakeFiles/NetworkPico.dir/C_/Users/yoshi/.pico-sdk/sdk/2.0.0/lib/lwip/src/core/tcp_out.c.obj
                0x1000740c                tcp_rexmit
 .text.tcp_rexmit_fast
                0x100074b0       0x68 CMakeFiles/NetworkPico.dir/C_/Users/yoshi/.pico-sdk/sdk/2.0.0/lib/lwip/src/core/tcp_out.c.obj
                0x100074b0                tcp_rexmit_fast
 .text.tcp_rst  0x10007518       0x32 CMakeFiles/NetworkPico.dir/C_/Users/yoshi/.pico-sdk/sdk/2.0.0/lib/lwip/src/core/tcp_out.c.obj
                0x10007518                tcp_rst
 .text.tcp_rst_netif
                0x1000754a       0x38 CMakeFiles/NetworkPico.dir/C_/Users/yoshi/.pico-sdk/sdk/2.0.0/lib/lwip/src/core/tcp_out.c.obj
                0x1000754a                tcp_rst_netif
 *fill*         0x10007582        0x2 
 .text.tcp_send_empty_ack
                0x10007584       0x64 CMakeFiles/NetworkPico.dir/C_/Users/yoshi/.pico-sdk/sdk/2.0.0/lib/lwip/src/core/tcp_out.c.obj
                0x10007584                tcp_send_empty_ack
 .text.tcp_output
                0x100075e8      0x32c CMakeFiles/NetworkPico.dir/C_/Users/yoshi/.pico-sdk/sdk/2.0.0/lib/lwip/src/core/tcp_out.c.obj
                0x100075e8                tcp_output
 .text.tcp_rexmit_rto_commit
                0x10007914       0x24 CMakeFiles/NetworkPico.dir/C_/Users/yoshi/.pico-sdk/sdk/2.0.0/lib/lwip/src/core/tcp_out.c.obj
                0x10007914                tcp_rexmit_rto_commit
 .text.tcp_rexmit_rto
                0x10007938       0x24 CMakeFiles/NetworkPico.dir/C_/Users/yoshi/.pico-sdk/sdk/2.0.0/lib/lwip/src/core/tcp_out.c.obj
                0x10007938                tcp_rexmit_rto
 .text.tcp_keepalive
                0x1000795c       0x48 CMakeFiles/NetworkPico.dir/C_/Users/yoshi/.pico-sdk/sdk/2.0.0/lib/lwip/src/core/tcp_out.c.obj
                0x1000795c                tcp_keepalive
 .text.tcp_zero_window_probe
                0x100079a4      0x10c CMakeFiles/NetworkPico.dir/C_/Users/yoshi/.pico-sdk/sdk/2.0.0/lib/lwip/src/core/tcp_out.c.obj
                0x100079a4                tcp_zero_window_probe
 .text.sys_timeout_abs
                0x10007ab0       0x60 CMakeFiles/NetworkPico.dir/C_/Users/yoshi/.pico-sdk/sdk/2.0.0/lib/lwip/src/core/timeouts.c.obj
 .text.lwip_cyclic_timer
                0x10007b10       0x38 CMakeFiles/NetworkPico.dir/C_/Users/yoshi/.pico-sdk/sdk/2.0.0/lib/lwip/src/core/timeouts.c.obj
 .text.sys_timeout
                0x10007b48       0x2c CMakeFiles/NetworkPico.dir/C_/Users/yoshi/.pico-sdk/sdk/2.0.0/lib/lwip/src/core/timeouts.c.obj
                0x10007b48                sys_timeout
 .text.tcp_timer_needed
                0x10007b74       0x40 CMakeFiles/NetworkPico.dir/C_/Users/yoshi/.pico-sdk/sdk/2.0.0/lib/lwip/src/core/timeouts.c.obj
                0x10007b74                tcp_timer_needed
 .text.tcpip_tcp_timer
                0x10007bb4       0x3c CMakeFiles/NetworkPico.dir/C_/Users/yoshi/.pico-sdk/sdk/2.0.0/lib/lwip/src/core/timeouts.c.obj
 .text.sys_timeouts_init
                0x10007bf0       0x24 CMakeFiles/NetworkPico.dir/C_/Users/yoshi/.pico-sdk/sdk/2.0.0/lib/lwip/src/core/timeouts.c.obj
                0x10007bf0                sys_timeouts_init
 .text.sys_check_timeouts
                0x10007c14       0x54 CMakeFiles/NetworkPico.dir/C_/Users/yoshi/.pico-sdk/sdk/2.0.0/lib/lwip/src/core/timeouts.c.obj
                0x10007c14                sys_check_timeouts
 .text.sys_timeouts_sleeptime
                0x10007c68       0x34 CMakeFiles/NetworkPico.dir/C_/Users/yoshi/.pico-sdk/sdk/2.0.0/lib/lwip/src/core/timeouts.c.obj
                0x10007c68                sys_timeouts_sleeptime
 .text.udp_new_port
                0x10007c9c       0x54 CMakeFiles/NetworkPico.dir/C_/Users/yoshi/.pico-sdk/sdk/2.0.0/lib/lwip/src/core/udp.c.obj
 .text.udp_input_local_match
                0x10007cf0       0x90 CMakeFiles/NetworkPico.dir/C_/Users/yoshi/.pico-sdk/sdk/2.0.0/lib/lwip/src/core/udp.c.obj
 .text.udp_init
                0x10007d80       0x20 CMakeFiles/NetworkPico.dir/C_/Users/yoshi/.pico-sdk/sdk/2.0.0/lib/lwip/src/core/udp.c.obj
                0x10007d80                udp_init
 .text.udp_input
                0x10007da0      0x20c CMakeFiles/NetworkPico.dir/C_/Users/yoshi/.pico-sdk/sdk/2.0.0/lib/lwip/src/core/udp.c.obj
                0x10007da0                udp_input
 .text.udp_bind
                0x10007fac       0xb0 CMakeFiles/NetworkPico.dir/C_/Users/yoshi/.pico-sdk/sdk/2.0.0/lib/lwip/src/core/udp.c.obj
                0x10007fac                udp_bind
 .text.udp_sendto_if_src
                0x1000805c      0x17c CMakeFiles/NetworkPico.dir/C_/Users/yoshi/.pico-sdk/sdk/2.0.0/lib/lwip/src/core/udp.c.obj
                0x1000805c                udp_sendto_if_src
 .text.udp_sendto_if
                0x100081d8       0x84 CMakeFiles/NetworkPico.dir/C_/Users/yoshi/.pico-sdk/sdk/2.0.0/lib/lwip/src/core/udp.c.obj
                0x100081d8                udp_sendto_if
 .text.udp_sendto
                0x1000825c       0x84 CMakeFiles/NetworkPico.dir/C_/Users/yoshi/.pico-sdk/sdk/2.0.0/lib/lwip/src/core/udp.c.obj
                0x1000825c                udp_sendto
 .text.udp_connect
                0x100082e0       0x74 CMakeFiles/NetworkPico.dir/C_/Users/yoshi/.pico-sdk/sdk/2.0.0/lib/lwip/src/core/udp.c.obj
                0x100082e0                udp_connect
 .text.udp_recv
                0x10008354       0x18 CMakeFiles/NetworkPico.dir/C_/Users/yoshi/.pico-sdk/sdk/2.0.0/lib/lwip/src/core/udp.c.obj
                0x10008354                udp_recv
 .text.udp_remove
                0x1000836c       0x44 CMakeFiles/NetworkPico.dir/C_/Users/yoshi/.pico-sdk/sdk/2.0.0/lib/lwip/src/core/udp.c.obj
                0x1000836c                udp_remove
 .text.udp_new  0x100083b0       0x1c CMakeFiles/NetworkPico.dir/C_/Users/yoshi/.pico-sdk/sdk/2.0.0/lib/lwip/src/core/udp.c.obj
                0x100083b0                udp_new
 .text.udp_netif_ip_addr_changed
                0x100083cc       0x38 CMakeFiles/NetworkPico.dir/C_/Users/yoshi/.pico-sdk/sdk/2.0.0/lib/lwip/src/core/udp.c.obj
                0x100083cc                udp_netif_ip_addr_changed
 .text.dhcp_set_state
                0x10008404       0x10 CMakeFiles/NetworkPico.dir/C_/Users/yoshi/.pico-sdk/sdk/2.0.0/lib/lwip/src/core/ipv4/dhcp.c.obj
 .text.dhcp_option_short
                0x10008414       0x24 CMakeFiles/NetworkPico.dir/C_/Users/yoshi/.pico-sdk/sdk/2.0.0/lib/lwip/src/core/ipv4/dhcp.c.obj
 .text.dhcp_option
                0x10008438       0x24 CMakeFiles/NetworkPico.dir/C_/Users/yoshi/.pico-sdk/sdk/2.0.0/lib/lwip/src/core/ipv4/dhcp.c.obj
 .text.dhcp_option_byte
                0x1000845c       0x1c CMakeFiles/NetworkPico.dir/C_/Users/yoshi/.pico-sdk/sdk/2.0.0/lib/lwip/src/core/ipv4/dhcp.c.obj
 .text.dhcp_option_long
                0x10008478       0x34 CMakeFiles/NetworkPico.dir/C_/Users/yoshi/.pico-sdk/sdk/2.0.0/lib/lwip/src/core/ipv4/dhcp.c.obj
 .text.dhcp_create_msg
                0x100084ac      0x138 CMakeFiles/NetworkPico.dir/C_/Users/yoshi/.pico-sdk/sdk/2.0.0/lib/lwip/src/core/ipv4/dhcp.c.obj
 .text.dhcp_option_hostname
                0x100085e4       0x70 CMakeFiles/NetworkPico.dir/C_/Users/yoshi/.pico-sdk/sdk/2.0.0/lib/lwip/src/core/ipv4/dhcp.c.obj
 .text.dhcp_option_trailer
                0x10008654       0x28 CMakeFiles/NetworkPico.dir/C_/Users/yoshi/.pico-sdk/sdk/2.0.0/lib/lwip/src/core/ipv4/dhcp.c.obj
 .text.dhcp_rebind
                0x1000867c       0xfc CMakeFiles/NetworkPico.dir/C_/Users/yoshi/.pico-sdk/sdk/2.0.0/lib/lwip/src/core/ipv4/dhcp.c.obj
 .text.dhcp_t2_timeout
                0x10008778       0x30 CMakeFiles/NetworkPico.dir/C_/Users/yoshi/.pico-sdk/sdk/2.0.0/lib/lwip/src/core/ipv4/dhcp.c.obj
 .text.dhcp_reboot
                0x100087a8      0x120 CMakeFiles/NetworkPico.dir/C_/Users/yoshi/.pico-sdk/sdk/2.0.0/lib/lwip/src/core/ipv4/dhcp.c.obj
 .text.dhcp_select
                0x100088c8      0x16c CMakeFiles/NetworkPico.dir/C_/Users/yoshi/.pico-sdk/sdk/2.0.0/lib/lwip/src/core/ipv4/dhcp.c.obj
 .text.dhcp_handle_offer
                0x10008a34       0x48 CMakeFiles/NetworkPico.dir/C_/Users/yoshi/.pico-sdk/sdk/2.0.0/lib/lwip/src/core/ipv4/dhcp.c.obj
 .text.dhcp_discover
                0x10008a7c       0xf4 CMakeFiles/NetworkPico.dir/C_/Users/yoshi/.pico-sdk/sdk/2.0.0/lib/lwip/src/core/ipv4/dhcp.c.obj
 .text.dhcp_dec_pcb_refcount
                0x10008b70       0x38 CMakeFiles/NetworkPico.dir/C_/Users/yoshi/.pico-sdk/sdk/2.0.0/lib/lwip/src/core/ipv4/dhcp.c.obj
 .text.dhcp_inc_pcb_refcount
                0x10008ba8       0x74 CMakeFiles/NetworkPico.dir/C_/Users/yoshi/.pico-sdk/sdk/2.0.0/lib/lwip/src/core/ipv4/dhcp.c.obj
 .text.dhcp_parse_reply
                0x10008c1c      0x2f4 CMakeFiles/NetworkPico.dir/C_/Users/yoshi/.pico-sdk/sdk/2.0.0/lib/lwip/src/core/ipv4/dhcp.c.obj
 .text.dhcp_handle_ack
                0x10008f10       0xd0 CMakeFiles/NetworkPico.dir/C_/Users/yoshi/.pico-sdk/sdk/2.0.0/lib/lwip/src/core/ipv4/dhcp.c.obj
 .text.dhcp_bind
                0x10008fe0      0x100 CMakeFiles/NetworkPico.dir/C_/Users/yoshi/.pico-sdk/sdk/2.0.0/lib/lwip/src/core/ipv4/dhcp.c.obj
 .text.dhcp_handle_nak
                0x100090e0       0x24 CMakeFiles/NetworkPico.dir/C_/Users/yoshi/.pico-sdk/sdk/2.0.0/lib/lwip/src/core/ipv4/dhcp.c.obj
 .text.dhcp_recv
                0x10009104       0xf4 CMakeFiles/NetworkPico.dir/C_/Users/yoshi/.pico-sdk/sdk/2.0.0/lib/lwip/src/core/ipv4/dhcp.c.obj
 .text.dhcp_set_struct
                0x100091f8       0x44 CMakeFiles/NetworkPico.dir/C_/Users/yoshi/.pico-sdk/sdk/2.0.0/lib/lwip/src/core/ipv4/dhcp.c.obj
                0x100091f8                dhcp_set_struct
 .text.dhcp_network_changed_link_up
                0x1000923c       0x3c CMakeFiles/NetworkPico.dir/C_/Users/yoshi/.pico-sdk/sdk/2.0.0/lib/lwip/src/core/ipv4/dhcp.c.obj
                0x1000923c                dhcp_network_changed_link_up
 .text.dhcp_renew
                0x10009278       0xf8 CMakeFiles/NetworkPico.dir/C_/Users/yoshi/.pico-sdk/sdk/2.0.0/lib/lwip/src/core/ipv4/dhcp.c.obj
                0x10009278                dhcp_renew
 .text.dhcp_t1_timeout
                0x10009370       0x30 CMakeFiles/NetworkPico.dir/C_/Users/yoshi/.pico-sdk/sdk/2.0.0/lib/lwip/src/core/ipv4/dhcp.c.obj
 .text.dhcp_supplied_address
                0x100093a0       0x32 CMakeFiles/NetworkPico.dir/C_/Users/yoshi/.pico-sdk/sdk/2.0.0/lib/lwip/src/core/ipv4/dhcp.c.obj
                0x100093a0                dhcp_supplied_address
 *fill*         0x100093d2        0x2 
 .text.dhcp_release_and_stop
                0x100093d4       0xdc CMakeFiles/NetworkPico.dir/C_/Users/yoshi/.pico-sdk/sdk/2.0.0/lib/lwip/src/core/ipv4/dhcp.c.obj
                0x100093d4                dhcp_release_and_stop
 .text.dhcp_start
                0x100094b0       0xac CMakeFiles/NetworkPico.dir/C_/Users/yoshi/.pico-sdk/sdk/2.0.0/lib/lwip/src/core/ipv4/dhcp.c.obj
                0x100094b0                dhcp_start
 .text.dhcp_coarse_tmr
                0x1000955c       0x6c CMakeFiles/NetworkPico.dir/C_/Users/yoshi/.pico-sdk/sdk/2.0.0/lib/lwip/src/core/ipv4/dhcp.c.obj
                0x1000955c                dhcp_coarse_tmr
 .text.dhcp_timeout
                0x100095c8       0x4a CMakeFiles/NetworkPico.dir/C_/Users/yoshi/.pico-sdk/sdk/2.0.0/lib/lwip/src/core/ipv4/dhcp.c.obj
 *fill*         0x10009612        0x2 
 .text.dhcp_fine_tmr
                0x10009614       0x38 CMakeFiles/NetworkPico.dir/C_/Users/yoshi/.pico-sdk/sdk/2.0.0/lib/lwip/src/core/ipv4/dhcp.c.obj
                0x10009614                dhcp_fine_tmr
 .text.dhcp_stop
                0x1000964c        0x8 CMakeFiles/NetworkPico.dir/C_/Users/yoshi/.pico-sdk/sdk/2.0.0/lib/lwip/src/core/ipv4/dhcp.c.obj
                0x1000964c                dhcp_stop
 .text.etharp_free_entry
                0x10009654       0x4c CMakeFiles/NetworkPico.dir/C_/Users/yoshi/.pico-sdk/sdk/2.0.0/lib/lwip/src/core/ipv4/etharp.c.obj
 .text.etharp_find_entry
                0x100096a0      0x1a8 CMakeFiles/NetworkPico.dir/C_/Users/yoshi/.pico-sdk/sdk/2.0.0/lib/lwip/src/core/ipv4/etharp.c.obj
 .text.etharp_update_arp_entry
                0x10009848       0xc8 CMakeFiles/NetworkPico.dir/C_/Users/yoshi/.pico-sdk/sdk/2.0.0/lib/lwip/src/core/ipv4/etharp.c.obj
 .text.etharp_raw
                0x10009910       0xf0 CMakeFiles/NetworkPico.dir/C_/Users/yoshi/.pico-sdk/sdk/2.0.0/lib/lwip/src/core/ipv4/etharp.c.obj
 .text.etharp_request_dst
                0x10009a00       0x24 CMakeFiles/NetworkPico.dir/C_/Users/yoshi/.pico-sdk/sdk/2.0.0/lib/lwip/src/core/ipv4/etharp.c.obj
 .text.etharp_cleanup_netif
                0x10009a24       0x3c CMakeFiles/NetworkPico.dir/C_/Users/yoshi/.pico-sdk/sdk/2.0.0/lib/lwip/src/core/ipv4/etharp.c.obj
                0x10009a24                etharp_cleanup_netif
 .text.etharp_input
                0x10009a60      0x120 CMakeFiles/NetworkPico.dir/C_/Users/yoshi/.pico-sdk/sdk/2.0.0/lib/lwip/src/core/ipv4/etharp.c.obj
                0x10009a60                etharp_input
 .text.etharp_request
                0x10009b80       0x10 CMakeFiles/NetworkPico.dir/C_/Users/yoshi/.pico-sdk/sdk/2.0.0/lib/lwip/src/core/ipv4/etharp.c.obj
                0x10009b80                etharp_request
 .text.etharp_tmr
                0x10009b90       0x8c CMakeFiles/NetworkPico.dir/C_/Users/yoshi/.pico-sdk/sdk/2.0.0/lib/lwip/src/core/ipv4/etharp.c.obj
                0x10009b90                etharp_tmr
 .text.etharp_output_to_arp_index
                0x10009c1c       0xc0 CMakeFiles/NetworkPico.dir/C_/Users/yoshi/.pico-sdk/sdk/2.0.0/lib/lwip/src/core/ipv4/etharp.c.obj
 .text.etharp_query
                0x10009cdc      0x1c0 CMakeFiles/NetworkPico.dir/C_/Users/yoshi/.pico-sdk/sdk/2.0.0/lib/lwip/src/core/ipv4/etharp.c.obj
                0x10009cdc                etharp_query
 .text.etharp_output
                0x10009e9c      0x150 CMakeFiles/NetworkPico.dir/C_/Users/yoshi/.pico-sdk/sdk/2.0.0/lib/lwip/src/core/ipv4/etharp.c.obj
                0x10009e9c                etharp_output
 .text.icmp_send_response
                0x10009fec       0xd4 CMakeFiles/NetworkPico.dir/C_/Users/yoshi/.pico-sdk/sdk/2.0.0/lib/lwip/src/core/ipv4/icmp.c.obj
 .text.icmp_input
                0x1000a0c0      0x200 CMakeFiles/NetworkPico.dir/C_/Users/yoshi/.pico-sdk/sdk/2.0.0/lib/lwip/src/core/ipv4/icmp.c.obj
                0x1000a0c0                icmp_input
 .text.icmp_dest_unreach
                0x1000a2c0        0xc CMakeFiles/NetworkPico.dir/C_/Users/yoshi/.pico-sdk/sdk/2.0.0/lib/lwip/src/core/ipv4/icmp.c.obj
                0x1000a2c0                icmp_dest_unreach
 .text.icmp_time_exceeded
                0x1000a2cc        0xc CMakeFiles/NetworkPico.dir/C_/Users/yoshi/.pico-sdk/sdk/2.0.0/lib/lwip/src/core/ipv4/icmp.c.obj
                0x1000a2cc                icmp_time_exceeded
 .text.ip_reass_dequeue_datagram
                0x1000a2d8       0x34 CMakeFiles/NetworkPico.dir/C_/Users/yoshi/.pico-sdk/sdk/2.0.0/lib/lwip/src/core/ipv4/ip4_frag.c.obj
 .text.ip_reass_free_complete_datagram
                0x1000a30c       0xe8 CMakeFiles/NetworkPico.dir/C_/Users/yoshi/.pico-sdk/sdk/2.0.0/lib/lwip/src/core/ipv4/ip4_frag.c.obj
 .text.ip_reass_remove_oldest_datagram
                0x1000a3f4       0xc0 CMakeFiles/NetworkPico.dir/C_/Users/yoshi/.pico-sdk/sdk/2.0.0/lib/lwip/src/core/ipv4/ip4_frag.c.obj
 .text.ip_reass_chain_frag_into_datagram_and_validate
                0x1000a4b4      0x27c CMakeFiles/NetworkPico.dir/C_/Users/yoshi/.pico-sdk/sdk/2.0.0/lib/lwip/src/core/ipv4/ip4_frag.c.obj
 .text.ip_reass_enqueue_new_datagram
                0x1000a730       0x64 CMakeFiles/NetworkPico.dir/C_/Users/yoshi/.pico-sdk/sdk/2.0.0/lib/lwip/src/core/ipv4/ip4_frag.c.obj
 .text.ip_reass_tmr
                0x1000a794       0x30 CMakeFiles/NetworkPico.dir/C_/Users/yoshi/.pico-sdk/sdk/2.0.0/lib/lwip/src/core/ipv4/ip4_frag.c.obj
                0x1000a794                ip_reass_tmr
 .text.ip4_reass
                0x1000a7c4      0x284 CMakeFiles/NetworkPico.dir/C_/Users/yoshi/.pico-sdk/sdk/2.0.0/lib/lwip/src/core/ipv4/ip4_frag.c.obj
                0x1000a7c4                ip4_reass
 .text.ip4_frag
                0x1000aa48      0x17c CMakeFiles/NetworkPico.dir/C_/Users/yoshi/.pico-sdk/sdk/2.0.0/lib/lwip/src/core/ipv4/ip4_frag.c.obj
                0x1000aa48                ip4_frag
 .text.ip4_input_accept
                0x1000abc4       0x38 CMakeFiles/NetworkPico.dir/C_/Users/yoshi/.pico-sdk/sdk/2.0.0/lib/lwip/src/core/ipv4/ip4.c.obj
 .text.ip4_route
                0x1000abfc       0x7c CMakeFiles/NetworkPico.dir/C_/Users/yoshi/.pico-sdk/sdk/2.0.0/lib/lwip/src/core/ipv4/ip4.c.obj
                0x1000abfc                ip4_route
 .text.ip4_input
                0x1000ac78      0x290 CMakeFiles/NetworkPico.dir/C_/Users/yoshi/.pico-sdk/sdk/2.0.0/lib/lwip/src/core/ipv4/ip4.c.obj
                0x1000ac78                ip4_input
 .text.ip4_output_if_src
                0x1000af08      0x1b8 CMakeFiles/NetworkPico.dir/C_/Users/yoshi/.pico-sdk/sdk/2.0.0/lib/lwip/src/core/ipv4/ip4.c.obj
                0x1000af08                ip4_output_if_src
 .text.ip4_output_if
                0x1000b0c0       0x2e CMakeFiles/NetworkPico.dir/C_/Users/yoshi/.pico-sdk/sdk/2.0.0/lib/lwip/src/core/ipv4/ip4.c.obj
                0x1000b0c0                ip4_output_if
 .text.ip4_addr_isbroadcast_u32
                0x1000b0ee       0x42 CMakeFiles/NetworkPico.dir/C_/Users/yoshi/.pico-sdk/sdk/2.0.0/lib/lwip/src/core/ipv4/ip4_addr.c.obj
                0x1000b0ee                ip4_addr_isbroadcast_u32
 .text.ip4addr_aton
                0x1000b130      0x158 CMakeFiles/NetworkPico.dir/C_/Users/yoshi/.pico-sdk/sdk/2.0.0/lib/lwip/src/core/ipv4/ip4_addr.c.obj
                0x1000b130                ip4addr_aton
 .text.ethernet_input
                0x1000b288       0xe0 CMakeFiles/NetworkPico.dir/C_/Users/yoshi/.pico-sdk/sdk/2.0.0/lib/lwip/src/netif/ethernet.c.obj
                0x1000b288                ethernet_input
 .text.ethernet_output
                0x1000b368       0x6c CMakeFiles/NetworkPico.dir/C_/Users/yoshi/.pico-sdk/sdk/2.0.0/lib/lwip/src/netif/ethernet.c.obj
                0x1000b368                ethernet_output
 .text.cyw43_tcpip_link_status_name
                0x1000b3d4       0x54 CMakeFiles/NetworkPico.dir/C_/Users/yoshi/.pico-sdk/sdk/2.0.0/src/rp2_common/pico_cyw43_arch/cyw43_arch.c.obj
 .text.cyw43_arch_set_async_context
                0x1000b428        0xc CMakeFiles/NetworkPico.dir/C_/Users/yoshi/.pico-sdk/sdk/2.0.0/src/rp2_common/pico_cyw43_arch/cyw43_arch.c.obj
                0x1000b428                cyw43_arch_set_async_context
 .text.cyw43_arch_wifi_connect_bssid_async
                0x1000b434       0x5c CMakeFiles/NetworkPico.dir/C_/Users/yoshi/.pico-sdk/sdk/2.0.0/src/rp2_common/pico_cyw43_arch/cyw43_arch.c.obj
                0x1000b434                cyw43_arch_wifi_connect_bssid_async
 .text.cyw43_arch_get_country_code
                0x1000b490        0xc CMakeFiles/NetworkPico.dir/C_/Users/yoshi/.pico-sdk/sdk/2.0.0/src/rp2_common/pico_cyw43_arch/cyw43_arch.c.obj
                0x1000b490                cyw43_arch_get_country_code
 .text.cyw43_arch_enable_sta_mode
                0x1000b49c       0x40 CMakeFiles/NetworkPico.dir/C_/Users/yoshi/.pico-sdk/sdk/2.0.0/src/rp2_common/pico_cyw43_arch/cyw43_arch.c.obj
                0x1000b49c                cyw43_arch_enable_sta_mode
 .text.cyw43_arch_async_context
                0x1000b4dc        0xc CMakeFiles/NetworkPico.dir/C_/Users/yoshi/.pico-sdk/sdk/2.0.0/src/rp2_common/pico_cyw43_arch/cyw43_arch.c.obj
                0x1000b4dc                cyw43_arch_async_context
 .text.cyw43_arch_poll
                0x1000b4e8       0x18 CMakeFiles/NetworkPico.dir/C_/Users/yoshi/.pico-sdk/sdk/2.0.0/src/rp2_common/pico_cyw43_arch/cyw43_arch.c.obj
                0x1000b4e8                cyw43_arch_poll
 .text.cyw43_arch_wait_for_work_until
                0x1000b500       0x18 CMakeFiles/NetworkPico.dir/C_/Users/yoshi/.pico-sdk/sdk/2.0.0/src/rp2_common/pico_cyw43_arch/cyw43_arch.c.obj
                0x1000b500                cyw43_arch_wait_for_work_until
 .text.cyw43_arch_wifi_connect_bssid_until
                0x1000b518       0xec CMakeFiles/NetworkPico.dir/C_/Users/yoshi/.pico-sdk/sdk/2.0.0/src/rp2_common/pico_cyw43_arch/cyw43_arch.c.obj
 .text.cyw43_arch_wifi_connect_until
                0x1000b604       0x1a CMakeFiles/NetworkPico.dir/C_/Users/yoshi/.pico-sdk/sdk/2.0.0/src/rp2_common/pico_cyw43_arch/cyw43_arch.c.obj
 *fill*         0x1000b61e        0x2 
 .text.cyw43_arch_wifi_connect_timeout_ms
                0x1000b620       0x54 CMakeFiles/NetworkPico.dir/C_/Users/yoshi/.pico-sdk/sdk/2.0.0/src/rp2_common/pico_cyw43_arch/cyw43_arch.c.obj
                0x1000b620                cyw43_arch_wifi_connect_timeout_ms
 .text.cyw43_arch_init_default_async_context
                0x1000b674       0x20 CMakeFiles/NetworkPico.dir/C_/Users/yoshi/.pico-sdk/sdk/2.0.0/src/rp2_common/pico_cyw43_arch/cyw43_arch_threadsafe_background.c.obj
                0x1000b674                cyw43_arch_init_default_async_context
 .text.cyw43_arch_deinit
                0x1000b694       0x30 CMakeFiles/NetworkPico.dir/C_/Users/yoshi/.pico-sdk/sdk/2.0.0/src/rp2_common/pico_cyw43_arch/cyw43_arch_threadsafe_background.c.obj
                0x1000b694                cyw43_arch_deinit
 .text.cyw43_arch_init
                0x1000b6c4       0x42 CMakeFiles/NetworkPico.dir/C_/Users/yoshi/.pico-sdk/sdk/2.0.0/src/rp2_common/pico_cyw43_arch/cyw43_arch_threadsafe_background.c.obj
                0x1000b6c4                cyw43_arch_init
 .text.pio_get_default_sm_config
                0x1000b706       0x28 CMakeFiles/NetworkPico.dir/C_/Users/yoshi/.pico-sdk/sdk/2.0.0/src/rp2_common/pico_cyw43_driver/cyw43_bus_pio_spi.c.obj
 *fill*         0x1000b72e        0x2 
 .text.spi_gap01_sample0_program_get_default_config
                0x1000b730       0x3c CMakeFiles/NetworkPico.dir/C_/Users/yoshi/.pico-sdk/sdk/2.0.0/src/rp2_common/pico_cyw43_driver/cyw43_bus_pio_spi.c.obj
 .text.cs_set   0x1000b76c       0x1c CMakeFiles/NetworkPico.dir/C_/Users/yoshi/.pico-sdk/sdk/2.0.0/src/rp2_common/pico_cyw43_driver/cyw43_bus_pio_spi.c.obj
 .text.channel_config_set_chain_to
                0x1000b788       0x30 CMakeFiles/NetworkPico.dir/C_/Users/yoshi/.pico-sdk/sdk/2.0.0/src/rp2_common/pico_cyw43_driver/cyw43_bus_pio_spi.c.obj
 .text.dma_channel_get_default_config
                0x1000b7b8       0x74 CMakeFiles/NetworkPico.dir/C_/Users/yoshi/.pico-sdk/sdk/2.0.0/src/rp2_common/pico_cyw43_driver/cyw43_bus_pio_spi.c.obj
 .text.channel_config_set_dreq
                0x1000b82c       0x30 CMakeFiles/NetworkPico.dir/C_/Users/yoshi/.pico-sdk/sdk/2.0.0/src/rp2_common/pico_cyw43_driver/cyw43_bus_pio_spi.c.obj
 .text.start_spi_comms
                0x1000b85c       0x2c CMakeFiles/NetworkPico.dir/C_/Users/yoshi/.pico-sdk/sdk/2.0.0/src/rp2_common/pico_cyw43_driver/cyw43_bus_pio_spi.c.obj
 .text.ns_delay
                0x1000b888       0x20 CMakeFiles/NetworkPico.dir/C_/Users/yoshi/.pico-sdk/sdk/2.0.0/src/rp2_common/pico_cyw43_driver/cyw43_bus_pio_spi.c.obj
 .text.stop_spi_comms
                0x1000b8a8       0x10 CMakeFiles/NetworkPico.dir/C_/Users/yoshi/.pico-sdk/sdk/2.0.0/src/rp2_common/pico_cyw43_driver/cyw43_bus_pio_spi.c.obj
 .text.cyw43_spi_deinit
                0x1000b8b8       0x74 CMakeFiles/NetworkPico.dir/C_/Users/yoshi/.pico-sdk/sdk/2.0.0/src/rp2_common/pico_cyw43_driver/cyw43_bus_pio_spi.c.obj
                0x1000b8b8                cyw43_spi_deinit
 .text.cyw43_spi_init
                0x1000b92c      0x23c CMakeFiles/NetworkPico.dir/C_/Users/yoshi/.pico-sdk/sdk/2.0.0/src/rp2_common/pico_cyw43_driver/cyw43_bus_pio_spi.c.obj
                0x1000b92c                cyw43_spi_init
 .text.cyw43_spi_transfer
                0x1000bb68      0x568 CMakeFiles/NetworkPico.dir/C_/Users/yoshi/.pico-sdk/sdk/2.0.0/src/rp2_common/pico_cyw43_driver/cyw43_bus_pio_spi.c.obj
                0x1000bb68                cyw43_spi_transfer
 .text._cyw43_read_reg
                0x1000c0d0       0x50 CMakeFiles/NetworkPico.dir/C_/Users/yoshi/.pico-sdk/sdk/2.0.0/src/rp2_common/pico_cyw43_driver/cyw43_bus_pio_spi.c.obj
 .text._cyw43_write_reg
                0x1000c120       0x58 CMakeFiles/NetworkPico.dir/C_/Users/yoshi/.pico-sdk/sdk/2.0.0/src/rp2_common/pico_cyw43_driver/cyw43_bus_pio_spi.c.obj
 .text.cyw43_spi_gpio_setup
                0x1000c178       0x3a CMakeFiles/NetworkPico.dir/C_/Users/yoshi/.pico-sdk/sdk/2.0.0/src/rp2_common/pico_cyw43_driver/cyw43_bus_pio_spi.c.obj
                0x1000c178                cyw43_spi_gpio_setup
 .text.cyw43_spi_reset
                0x1000c1b2       0x28 CMakeFiles/NetworkPico.dir/C_/Users/yoshi/.pico-sdk/sdk/2.0.0/src/rp2_common/pico_cyw43_driver/cyw43_bus_pio_spi.c.obj
                0x1000c1b2                cyw43_spi_reset
 *fill*         0x1000c1da        0x2 
 .text.read_reg_u32_swap
                0x1000c1dc       0x68 CMakeFiles/NetworkPico.dir/C_/Users/yoshi/.pico-sdk/sdk/2.0.0/src/rp2_common/pico_cyw43_driver/cyw43_bus_pio_spi.c.obj
                0x1000c1dc                read_reg_u32_swap
 .text.cyw43_read_reg_u32
                0x1000c244        0xa CMakeFiles/NetworkPico.dir/C_/Users/yoshi/.pico-sdk/sdk/2.0.0/src/rp2_common/pico_cyw43_driver/cyw43_bus_pio_spi.c.obj
                0x1000c244                cyw43_read_reg_u32
 .text.cyw43_read_reg_u16
                0x1000c24e        0xa CMakeFiles/NetworkPico.dir/C_/Users/yoshi/.pico-sdk/sdk/2.0.0/src/rp2_common/pico_cyw43_driver/cyw43_bus_pio_spi.c.obj
                0x1000c24e                cyw43_read_reg_u16
 .text.cyw43_read_reg_u8
                0x1000c258        0xa CMakeFiles/NetworkPico.dir/C_/Users/yoshi/.pico-sdk/sdk/2.0.0/src/rp2_common/pico_cyw43_driver/cyw43_bus_pio_spi.c.obj
                0x1000c258                cyw43_read_reg_u8
 *fill*         0x1000c262        0x2 
 .text.write_reg_u32_swap
                0x1000c264       0x34 CMakeFiles/NetworkPico.dir/C_/Users/yoshi/.pico-sdk/sdk/2.0.0/src/rp2_common/pico_cyw43_driver/cyw43_bus_pio_spi.c.obj
                0x1000c264                write_reg_u32_swap
 .text.cyw43_write_reg_u32
                0x1000c298       0x10 CMakeFiles/NetworkPico.dir/C_/Users/yoshi/.pico-sdk/sdk/2.0.0/src/rp2_common/pico_cyw43_driver/cyw43_bus_pio_spi.c.obj
                0x1000c298                cyw43_write_reg_u32
 .text.cyw43_write_reg_u16
                0x1000c2a8       0x10 CMakeFiles/NetworkPico.dir/C_/Users/yoshi/.pico-sdk/sdk/2.0.0/src/rp2_common/pico_cyw43_driver/cyw43_bus_pio_spi.c.obj
                0x1000c2a8                cyw43_write_reg_u16
 .text.cyw43_write_reg_u8
                0x1000c2b8       0x10 CMakeFiles/NetworkPico.dir/C_/Users/yoshi/.pico-sdk/sdk/2.0.0/src/rp2_common/pico_cyw43_driver/cyw43_bus_pio_spi.c.obj
                0x1000c2b8                cyw43_write_reg_u8
 .text.cyw43_read_bytes
                0x1000c2c8      0x100 CMakeFiles/NetworkPico.dir/C_/Users/yoshi/.pico-sdk/sdk/2.0.0/src/rp2_common/pico_cyw43_driver/cyw43_bus_pio_spi.c.obj
                0x1000c2c8                cyw43_read_bytes
 .text.cyw43_write_bytes
                0x1000c3c8      0x124 CMakeFiles/NetworkPico.dir/C_/Users/yoshi/.pico-sdk/sdk/2.0.0/src/rp2_common/pico_cyw43_driver/cyw43_bus_pio_spi.c.obj
                0x1000c3c8                cyw43_write_bytes
 .text.get_core_address
                0x1000c4ec       0x1c CMakeFiles/NetworkPico.dir/C_/Users/yoshi/.pico-sdk/sdk/2.0.0/lib/cyw43-driver/src/cyw43_ll.c.obj
 .text.sdpcm_process_rx_packet
                0x1000c508      0x180 CMakeFiles/NetworkPico.dir/C_/Users/yoshi/.pico-sdk/sdk/2.0.0/lib/cyw43-driver/src/cyw43_ll.c.obj
 .text.cyw43_ll_wifi_parse_scan_result
                0x1000c688       0x9c CMakeFiles/NetworkPico.dir/C_/Users/yoshi/.pico-sdk/sdk/2.0.0/lib/cyw43-driver/src/cyw43_ll.c.obj
 .text.cyw43_ll_parse_async_event
                0x1000c724       0x8a CMakeFiles/NetworkPico.dir/C_/Users/yoshi/.pico-sdk/sdk/2.0.0/lib/cyw43-driver/src/cyw43_ll.c.obj
 *fill*         0x1000c7ae        0x2 
 .text.cyw43_kso_set
                0x1000c7b0       0x98 CMakeFiles/NetworkPico.dir/C_/Users/yoshi/.pico-sdk/sdk/2.0.0/lib/cyw43-driver/src/cyw43_ll.c.obj
 .text.cyw43_ll_bus_sleep_helper
                0x1000c848        0xe CMakeFiles/NetworkPico.dir/C_/Users/yoshi/.pico-sdk/sdk/2.0.0/lib/cyw43-driver/src/cyw43_ll.c.obj
 *fill*         0x1000c856        0x2 
 .text.cyw43_read_reg
                0x1000c858       0x48 CMakeFiles/NetworkPico.dir/C_/Users/yoshi/.pico-sdk/sdk/2.0.0/lib/cyw43-driver/src/cyw43_ll.c.obj
 .text.cyw43_write_reg
                0x1000c8a0       0x4c CMakeFiles/NetworkPico.dir/C_/Users/yoshi/.pico-sdk/sdk/2.0.0/lib/cyw43-driver/src/cyw43_ll.c.obj
 .text.cyw43_set_backplane_window
                0x1000c8ec       0x78 CMakeFiles/NetworkPico.dir/C_/Users/yoshi/.pico-sdk/sdk/2.0.0/lib/cyw43-driver/src/cyw43_ll.c.obj
 .text.cyw43_read_backplane
                0x1000c964       0x30 CMakeFiles/NetworkPico.dir/C_/Users/yoshi/.pico-sdk/sdk/2.0.0/lib/cyw43-driver/src/cyw43_ll.c.obj
 .text.disable_device_core
                0x1000c994       0x3c CMakeFiles/NetworkPico.dir/C_/Users/yoshi/.pico-sdk/sdk/2.0.0/lib/cyw43-driver/src/cyw43_ll.c.obj
 .text.device_core_is_up
                0x1000c9d0       0x4c CMakeFiles/NetworkPico.dir/C_/Users/yoshi/.pico-sdk/sdk/2.0.0/lib/cyw43-driver/src/cyw43_ll.c.obj
 .text.cyw43_download_resource
                0x1000ca1c       0xac CMakeFiles/NetworkPico.dir/C_/Users/yoshi/.pico-sdk/sdk/2.0.0/lib/cyw43-driver/src/cyw43_ll.c.obj
 .text.cyw43_write_backplane
                0x1000cac8       0x34 CMakeFiles/NetworkPico.dir/C_/Users/yoshi/.pico-sdk/sdk/2.0.0/lib/cyw43-driver/src/cyw43_ll.c.obj
 .text.reset_device_core
                0x1000cafc       0x74 CMakeFiles/NetworkPico.dir/C_/Users/yoshi/.pico-sdk/sdk/2.0.0/lib/cyw43-driver/src/cyw43_ll.c.obj
 .text.cyw43_check_valid_chipset_firmware
                0x1000cb70       0x7c CMakeFiles/NetworkPico.dir/C_/Users/yoshi/.pico-sdk/sdk/2.0.0/lib/cyw43-driver/src/cyw43_ll.c.obj
 .text.cyw43_ll_init
                0x1000cbec       0x20 CMakeFiles/NetworkPico.dir/C_/Users/yoshi/.pico-sdk/sdk/2.0.0/lib/cyw43-driver/src/cyw43_ll.c.obj
                0x1000cbec                cyw43_ll_init
 .text.cyw43_ll_deinit
                0x1000cc0c        0x8 CMakeFiles/NetworkPico.dir/C_/Users/yoshi/.pico-sdk/sdk/2.0.0/lib/cyw43-driver/src/cyw43_ll.c.obj
                0x1000cc0c                cyw43_ll_deinit
 .text.cyw43_ll_bus_sleep
                0x1000cc14       0x34 CMakeFiles/NetworkPico.dir/C_/Users/yoshi/.pico-sdk/sdk/2.0.0/lib/cyw43-driver/src/cyw43_ll.c.obj
                0x1000cc14                cyw43_ll_bus_sleep
 .text.cyw43_ll_sdpcm_poll_device
                0x1000cc48      0x158 CMakeFiles/NetworkPico.dir/C_/Users/yoshi/.pico-sdk/sdk/2.0.0/lib/cyw43-driver/src/cyw43_ll.c.obj
 .text.cyw43_ll_process_packets
                0x1000cda0       0x5c CMakeFiles/NetworkPico.dir/C_/Users/yoshi/.pico-sdk/sdk/2.0.0/lib/cyw43-driver/src/cyw43_ll.c.obj
                0x1000cda0                cyw43_ll_process_packets
 .text.cyw43_sdpcm_send_common
                0x1000cdfc      0x114 CMakeFiles/NetworkPico.dir/C_/Users/yoshi/.pico-sdk/sdk/2.0.0/lib/cyw43-driver/src/cyw43_ll.c.obj
 .text.cyw43_ll_send_ethernet
                0x1000cf10       0x5e CMakeFiles/NetworkPico.dir/C_/Users/yoshi/.pico-sdk/sdk/2.0.0/lib/cyw43-driver/src/cyw43_ll.c.obj
                0x1000cf10                cyw43_ll_send_ethernet
 .text.cyw43_send_ioctl
                0x1000cf6e       0x56 CMakeFiles/NetworkPico.dir/C_/Users/yoshi/.pico-sdk/sdk/2.0.0/lib/cyw43-driver/src/cyw43_ll.c.obj
 .text.cyw43_do_ioctl
                0x1000cfc4       0xc4 CMakeFiles/NetworkPico.dir/C_/Users/yoshi/.pico-sdk/sdk/2.0.0/lib/cyw43-driver/src/cyw43_ll.c.obj
 .text.cyw43_ll_ioctl
                0x1000d088       0x1e CMakeFiles/NetworkPico.dir/C_/Users/yoshi/.pico-sdk/sdk/2.0.0/lib/cyw43-driver/src/cyw43_ll.c.obj
                0x1000d088                cyw43_ll_ioctl
 *fill*         0x1000d0a6        0x2 
 .text.cyw43_clm_load
                0x1000d0a8       0xdc CMakeFiles/NetworkPico.dir/C_/Users/yoshi/.pico-sdk/sdk/2.0.0/lib/cyw43-driver/src/cyw43_ll.c.obj
 .text.cyw43_write_iovar_u32
                0x1000d184       0x60 CMakeFiles/NetworkPico.dir/C_/Users/yoshi/.pico-sdk/sdk/2.0.0/lib/cyw43-driver/src/cyw43_ll.c.obj
 .text.cyw43_write_iovar_n
                0x1000d1e4       0x50 CMakeFiles/NetworkPico.dir/C_/Users/yoshi/.pico-sdk/sdk/2.0.0/lib/cyw43-driver/src/cyw43_ll.c.obj
 .text.cyw43_set_ioctl_u32
                0x1000d234       0x30 CMakeFiles/NetworkPico.dir/C_/Users/yoshi/.pico-sdk/sdk/2.0.0/lib/cyw43-driver/src/cyw43_ll.c.obj
 .text.cyw43_write_iovar_u32_u32
                0x1000d264       0x74 CMakeFiles/NetworkPico.dir/C_/Users/yoshi/.pico-sdk/sdk/2.0.0/lib/cyw43-driver/src/cyw43_ll.c.obj
 .text.cyw43_ll_wifi_on
                0x1000d2d8      0x1a8 CMakeFiles/NetworkPico.dir/C_/Users/yoshi/.pico-sdk/sdk/2.0.0/lib/cyw43-driver/src/cyw43_ll.c.obj
                0x1000d2d8                cyw43_ll_wifi_on
 .text.cyw43_ll_wifi_get_mac
                0x1000d480       0x44 CMakeFiles/NetworkPico.dir/C_/Users/yoshi/.pico-sdk/sdk/2.0.0/lib/cyw43-driver/src/cyw43_ll.c.obj
                0x1000d480                cyw43_ll_wifi_get_mac
 .text.cyw43_ll_bus_init
                0x1000d4c4      0x370 CMakeFiles/NetworkPico.dir/C_/Users/yoshi/.pico-sdk/sdk/2.0.0/lib/cyw43-driver/src/cyw43_ll.c.obj
                0x1000d4c4                cyw43_ll_bus_init
 .text.cyw43_ll_wifi_pm
                0x1000d834       0xcc CMakeFiles/NetworkPico.dir/C_/Users/yoshi/.pico-sdk/sdk/2.0.0/lib/cyw43-driver/src/cyw43_ll.c.obj
                0x1000d834                cyw43_ll_wifi_pm
 .text.cyw43_ll_wifi_join
                0x1000d900      0x310 CMakeFiles/NetworkPico.dir/C_/Users/yoshi/.pico-sdk/sdk/2.0.0/lib/cyw43-driver/src/cyw43_ll.c.obj
                0x1000d900                cyw43_ll_wifi_join
 .text.cyw43_ll_wifi_set_wpa_auth
                0x1000dc10        0xe CMakeFiles/NetworkPico.dir/C_/Users/yoshi/.pico-sdk/sdk/2.0.0/lib/cyw43-driver/src/cyw43_ll.c.obj
                0x1000dc10                cyw43_ll_wifi_set_wpa_auth
 *fill*         0x1000dc1e        0x2 
 .text.cyw43_ll_wifi_rejoin
                0x1000dc20       0x20 CMakeFiles/NetworkPico.dir/C_/Users/yoshi/.pico-sdk/sdk/2.0.0/lib/cyw43-driver/src/cyw43_ll.c.obj
                0x1000dc20                cyw43_ll_wifi_rejoin
 .text.cyw43_ll_wifi_ap_init
                0x1000dc40      0x2bc CMakeFiles/NetworkPico.dir/C_/Users/yoshi/.pico-sdk/sdk/2.0.0/lib/cyw43-driver/src/cyw43_ll.c.obj
                0x1000dc40                cyw43_ll_wifi_ap_init
 .text.cyw43_ll_wifi_ap_set_up
                0x1000defc       0x20 CMakeFiles/NetworkPico.dir/C_/Users/yoshi/.pico-sdk/sdk/2.0.0/lib/cyw43-driver/src/cyw43_ll.c.obj
                0x1000defc                cyw43_ll_wifi_ap_set_up
 .text.cyw43_ll_has_work
                0x1000df1c       0x12 CMakeFiles/NetworkPico.dir/C_/Users/yoshi/.pico-sdk/sdk/2.0.0/lib/cyw43-driver/src/cyw43_ll.c.obj
                0x1000df1c                cyw43_ll_has_work
 *fill*         0x1000df2e        0x2 
 .text.cyw43_netif_init
                0x1000df30       0x3c CMakeFiles/NetworkPico.dir/C_/Users/yoshi/.pico-sdk/sdk/2.0.0/lib/cyw43-driver/src/cyw43_lwip.c.obj
 .text.cyw43_netif_output
                0x1000df6c       0x38 CMakeFiles/NetworkPico.dir/C_/Users/yoshi/.pico-sdk/sdk/2.0.0/lib/cyw43-driver/src/cyw43_lwip.c.obj
 .text.cyw43_cb_tcpip_init
                0x1000dfa4       0xc4 CMakeFiles/NetworkPico.dir/C_/Users/yoshi/.pico-sdk/sdk/2.0.0/lib/cyw43-driver/src/cyw43_lwip.c.obj
                0x1000dfa4                cyw43_cb_tcpip_init
 .text.cyw43_cb_tcpip_deinit
                0x1000e068       0x44 CMakeFiles/NetworkPico.dir/C_/Users/yoshi/.pico-sdk/sdk/2.0.0/lib/cyw43-driver/src/cyw43_lwip.c.obj
                0x1000e068                cyw43_cb_tcpip_deinit
 .text.cyw43_cb_process_ethernet
                0x1000e0ac       0x74 CMakeFiles/NetworkPico.dir/C_/Users/yoshi/.pico-sdk/sdk/2.0.0/lib/cyw43-driver/src/cyw43_lwip.c.obj
                0x1000e0ac                cyw43_cb_process_ethernet
 .text.cyw43_cb_tcpip_set_link_up
                0x1000e120       0x16 CMakeFiles/NetworkPico.dir/C_/Users/yoshi/.pico-sdk/sdk/2.0.0/lib/cyw43-driver/src/cyw43_lwip.c.obj
                0x1000e120                cyw43_cb_tcpip_set_link_up
 .text.cyw43_cb_tcpip_set_link_down
                0x1000e136       0x16 CMakeFiles/NetworkPico.dir/C_/Users/yoshi/.pico-sdk/sdk/2.0.0/lib/cyw43-driver/src/cyw43_lwip.c.obj
                0x1000e136                cyw43_cb_tcpip_set_link_down
 .text.cyw43_tcpip_link_status
                0x1000e14c       0x3c CMakeFiles/NetworkPico.dir/C_/Users/yoshi/.pico-sdk/sdk/2.0.0/lib/cyw43-driver/src/cyw43_lwip.c.obj
                0x1000e14c                cyw43_tcpip_link_status
 .text.cyw43_poll_func
                0x1000e188       0xac CMakeFiles/NetworkPico.dir/C_/Users/yoshi/.pico-sdk/sdk/2.0.0/lib/cyw43-driver/src/cyw43_ctrl.c.obj
 .text.cyw43_hal_ticks_ms
                0x1000e234       0x20 CMakeFiles/NetworkPico.dir/C_/Users/yoshi/.pico-sdk/sdk/2.0.0/lib/cyw43-driver/src/cyw43_ctrl.c.obj
 .text.cyw43_dump_async_event
                0x1000e254       0x58 CMakeFiles/NetworkPico.dir/C_/Users/yoshi/.pico-sdk/sdk/2.0.0/lib/cyw43-driver/src/cyw43_ctrl.c.obj
 .text.cyw43_ensure_up
                0x1000e2ac       0xec CMakeFiles/NetworkPico.dir/C_/Users/yoshi/.pico-sdk/sdk/2.0.0/lib/cyw43-driver/src/cyw43_ctrl.c.obj
 .text.cyw43_wifi_on
                0x1000e398       0x2c CMakeFiles/NetworkPico.dir/C_/Users/yoshi/.pico-sdk/sdk/2.0.0/lib/cyw43-driver/src/cyw43_ctrl.c.obj
 .text.cyw43_wifi_ap_init
                0x1000e3c4       0x5c CMakeFiles/NetworkPico.dir/C_/Users/yoshi/.pico-sdk/sdk/2.0.0/lib/cyw43-driver/src/cyw43_ctrl.c.obj
 .text.cyw43_wifi_ap_set_up
                0x1000e420       0x28 CMakeFiles/NetworkPico.dir/C_/Users/yoshi/.pico-sdk/sdk/2.0.0/lib/cyw43-driver/src/cyw43_ctrl.c.obj
 .text.cyw43_init
                0x1000e448       0x8c CMakeFiles/NetworkPico.dir/C_/Users/yoshi/.pico-sdk/sdk/2.0.0/lib/cyw43-driver/src/cyw43_ctrl.c.obj
                0x1000e448                cyw43_init
 .text.cyw43_deinit